Archive member included to satisfy reference by file (symbol)

C:/devkitPro/libnx/lib\libnx.a(applet.o)
                              main.o (appletMainLoop)
C:/devkitPro/libnx/lib\libnx.a(hid.o)
                              main.o (hidGetTouchScreenStates)
C:/devkitPro/libnx/lib\libnx.a(sm.o)
                              C:/devkitPro/libnx/lib\libnx.a(applet.o) (smGetServiceWrapper)
C:/devkitPro/libnx/lib\libnx.a(alloc.o)
                              C:/devkitPro/libnx/lib\libnx.a(hid.o) (__libnx_aligned_alloc)
C:/devkitPro/libnx/lib\libnx.a(diag.o)
                              C:/devkitPro/libnx/lib\libnx.a(applet.o) (diagAbortWithResult)
C:/devkitPro/libnx/lib\libnx.a(env.o)
                              C:/devkitPro/libnx/lib\libnx.a(applet.o) (envIsNso)
C:/devkitPro/libnx/lib\libnx.a(hosversion.o)
                              C:/devkitPro/libnx/lib\libnx.a(applet.o) (hosversionGet)
C:/devkitPro/libnx/lib\libnx.a(pad.o)
                              main.o (padConfigureInput)
C:/devkitPro/libnx/lib\libnx.a(console.o)
                              main.o (consoleInit)
C:/devkitPro/libnx/lib\libnx.a(console_sw.o)
                              C:/devkitPro/libnx/lib\libnx.a(console.o) (getDefaultConsoleRenderer)
C:/devkitPro/libnx/lib\libnx.a(usb_comms.o)
                              main.o (usbCommsExit)
C:/devkitPro/libnx/lib\libnx.a(svc.o)
                              C:/devkitPro/libnx/lib\libnx.a(applet.o) (svcExitProcess)
C:/devkitPro/libnx/lib\libnx.a(switch_crt0.o)
                              (_start)
C:/devkitPro/libnx/lib\libnx.a(default_font.bin.o)
                              C:/devkitPro/libnx/lib\libnx.a(console.o) (default_font_bin)
C:/devkitPro/libnx/lib\libnx.a(event.o)
                              C:/devkitPro/libnx/lib\libnx.a(applet.o) (eventLoadRemote)
C:/devkitPro/libnx/lib\libnx.a(mutex.o)
                              C:/devkitPro/libnx/lib\libnx.a(applet.o) (mutexLock)
C:/devkitPro/libnx/lib\libnx.a(rwlock.o)
                              C:/devkitPro/libnx/lib\libnx.a(usb_comms.o) (rwlockReadLock)
C:/devkitPro/libnx/lib\libnx.a(shmem.o)
                              C:/devkitPro/libnx/lib\libnx.a(hid.o) (shmemLoadRemote)
C:/devkitPro/libnx/lib\libnx.a(tmem.o)
                              C:/devkitPro/libnx/lib\libnx.a(applet.o) (tmemCreate)
C:/devkitPro/libnx/lib\libnx.a(virtmem.o)
                              C:/devkitPro/libnx/lib\libnx.a(shmem.o) (virtmemLock)
C:/devkitPro/libnx/lib\libnx.a(wait.o)
                              C:/devkitPro/libnx/lib\libnx.a(applet.o) (waitObjects)
C:/devkitPro/libnx/lib\libnx.a(apm.o)
                              C:/devkitPro/libnx/lib\libnx.a(applet.o) (apmInitialize)
C:/devkitPro/libnx/lib\libnx.a(usbds.o)
                              C:/devkitPro/libnx/lib\libnx.a(usb_comms.o) (usbDsGetState)
C:/devkitPro/libnx/lib\libnx.a(default_window.o)
                              C:/devkitPro/libnx/lib\libnx.a(console_sw.o) (nwindowGetDefault)
C:/devkitPro/libnx/lib\libnx.a(framebuffer.o)
                              C:/devkitPro/libnx/lib\libnx.a(console_sw.o) (framebufferMakeLinear)
C:/devkitPro/libnx/lib\libnx.a(native_window.o)
                              C:/devkitPro/libnx/lib\libnx.a(framebuffer.o) (nwindowIsValid)
C:/devkitPro/libnx/lib\libnx.a(argv.o)
                              C:/devkitPro/libnx/lib\libnx.a(switch_crt0.o) (__system_argc)
C:/devkitPro/libnx/lib\libnx.a(dynamic.o)
                              C:/devkitPro/libnx/lib\libnx.a(switch_crt0.o) (__nx_dynamic)
C:/devkitPro/libnx/lib\libnx.a(init.o)
                              C:/devkitPro/libnx/lib\libnx.a(switch_crt0.o) (__libnx_init)
C:/devkitPro/libnx/lib\libnx.a(newlib.o)
                              C:/devkitPro/libnx/lib\libnx.a(init.o) (__libnx_init_time)
C:/devkitPro/libnx/lib\libnx.a(nxlink.o)
                              C:/devkitPro/libnx/lib\libnx.a(argv.o) (nxlinkSetup)
C:/devkitPro/libnx/lib\libnx.a(fs_dev.o)
                              C:/devkitPro/libnx/lib\libnx.a(init.o) (fsdevMountSdmc)
C:/devkitPro/libnx/lib\libnx.a(path_buf.o)
                              C:/devkitPro/libnx/lib\libnx.a(fs_dev.o) (__nx_dev_path_buf)
C:/devkitPro/libnx/lib\libnx.a(decode_utf8.o)
                              C:/devkitPro/libnx/lib\libnx.a(fs_dev.o) (decode_utf8)
C:/devkitPro/libnx/lib\libnx.a(utf8_to_utf16.o)
                              C:/devkitPro/libnx/lib\libnx.a(usbds.o) (utf8_to_utf16)
C:/devkitPro/libnx/lib\libnx.a(cache.o)
                              C:/devkitPro/libnx/lib\libnx.a(usbds.o) (armDCacheFlush)
C:/devkitPro/libnx/lib\libnx.a(exception.o)
                              C:/devkitPro/libnx/lib\libnx.a(switch_crt0.o) (__libnx_exception_entry)
C:/devkitPro/libnx/lib\libnx.a(readtp.o)
                              C:/devkitPro/libnx/lib\libnx.a(fs_dev.o) (__aarch64_read_tp)
C:/devkitPro/libnx/lib\libnx.a(condvar.o)
[...]
Memory Configuration

Name             Origin             Length             Attributes
*default*        0x0000000000000000 0xffffffffffffffff

Linker script and memory map

                0x0000000000000000                PROVIDE (__start__ = 0x0)
                0x0000000000000000                . = __start__
                [!provide]                        PROVIDE (__code_start = .)

.text           0x0000000000000000    0x28ec8
 *(.crt0)
 .crt0          0x0000000000000000      0x130 C:/devkitPro/libnx/lib\libnx.a(switch_crt0.o)
                0x0000000000000000                _start
                0x00000000000000e0                __nx_exit
                0x00000000000000f0                __nx_mod0
 *(.text.unlikely .text.*_unlikely .text.unlikely.*)
 *(.text.exit .text.exit.*)
 *fill*         0x0000000000000130       0x10 
 .text.exit     0x0000000000000140       0x34 C:/devkitPro/devkitA64/bin/../lib/gcc/aarch64-none-elf/16.1.0/../../../../aarch64-none-elf/lib/pic\libg.a(libc_a-exit.o)
                0x0000000000000140                exit
 *(.text.startup .text.startup.*)
 *fill*         0x0000000000000174        0xc 
 .text.startup.main
                0x0000000000000180      0x214 main.o
                0x0000000000000180                main
 *(.text.hot .text.hot.*)
 *(.text .stub .text.* .gnu.linkonce.t.*)
 *fill*         0x0000000000000394        0xc 
 .text.__do_global_dtors_aux
                0x00000000000003a0       0x50 C:/devkitPro/devkitA64/bin/../lib/gcc/aarch64-none-elf/16.1.0/pic/crtbegin.o
 *fill*         0x00000000000003f0       0x10 
 .text.frame_dummy
                0x0000000000000400       0x24 C:/devkitPro/devkitA64/bin/../lib/gcc/aarch64-none-elf/16.1.0/pic/crtbegin.o
 *fill*         0x0000000000000424        0xc 
 .text._appletInfiniteSleepLoop
                0x0000000000000430       0x18 C:/devkitPro/libnx/lib\libnx.a(applet.o)
 *fill*         0x0000000000000448        0x8 
 .text._appletCmdGetSession
                0x0000000000000450      0x108 C:/devkitPro/libnx/lib\libnx.a(applet.o)
 *fill*         0x0000000000000558        0x8 
 .text._appletCmdInU8NoOut
                0x0000000000000560       0xcc C:/devkitPro/libnx/lib\libnx.a(applet.o)
 *fill*         0x000000000000062c        0x4 
 .text._appletCmdInU32NoOut
                0x0000000000000630       0xcc C:/devkitPro/libnx/lib\libnx.a(applet.o)
 *fill*         0x00000000000006fc        0x4 
 .text._appletGetSessionProxy.constprop.0
                0x0000000000000700      0x12c C:/devkitPro/libnx/lib\libnx.a(applet.o)
 *fill*         0x000000000000082c        0x4 
 .text._appletOpenLibraryAppletProxy.constprop.0
                0x0000000000000830      0x148 C:/devkitPro/libnx/lib\libnx.a(applet.o)
 *fill*         0x0000000000000978        0x8 
 .text._appletCmdGetEvent
                0x0000000000000980       0xf8 C:/devkitPro/libnx/lib\libnx.a(applet.o)
 *fill*         0x0000000000000a78        0x8 
 .text._appletCmdNoInOutU8.isra.0
                0x0000000000000a80       0xd4 C:/devkitPro/libnx/lib\libnx.a(applet.o)
 *fill*         0x0000000000000b54        0xc 
 .text._appletCmdNoInOutU32.isra.0
                0x0000000000000b60       0xd4 C:/devkitPro/libnx/lib\libnx.a(applet.o)
 *fill*         0x0000000000000c34        0xc 
 .text._appletCmdNoInOutU64.isra.0
                0x0000000000000c40       0xd4 C:/devkitPro/libnx/lib\libnx.a(applet.o)
 *fill*         0x0000000000000d14        0xc 
 .text._appletCmdNoIO.isra.0
                0x0000000000000d20       0xc0 C:/devkitPro/libnx/lib\libnx.a(applet.o)
 .text.appletGetAppletType
                0x0000000000000de0       0x10 C:/devkitPro/libnx/lib\libnx.a(applet.o)
                0x0000000000000de0                appletGetAppletType
 .text.appletSetFocusHandlingMode
                0x0000000000000df0      0x1b8 C:/devkitPro/libnx/lib\libnx.a(applet.o)
                0x0000000000000df0                appletSetFocusHandlingMode
 *fill*         0x0000000000000fa8        0x8 
 .text.appletSetCpuBoostMode
                0x0000000000000fb0       0x5c C:/devkitPro/libnx/lib\libnx.a(applet.o)
                0x0000000000000fb0                appletSetCpuBoostMode
 *fill*         0x000000000000100c        0x4 
 .text.appletCreateManagedDisplayLayer
                0x0000000000001010       0x2c C:/devkitPro/libnx/lib\libnx.a(applet.o)
                0x0000000000001010                appletCreateManagedDisplayLayer
 *fill*         0x000000000000103c        0x4 
 .text.appletGetAppletResourceUserId
                0x0000000000001040        0xc C:/devkitPro/libnx/lib\libnx.a(applet.o)
                0x0000000000001040                appletGetAppletResourceUserId
 *fill*         0x000000000000104c        0x4 
 .text._appletHolderCreateState
                0x0000000000001050      0x138 C:/devkitPro/libnx/lib\libnx.a(applet.o)
 *fill*         0x0000000000001188        0x8 
 .text.appletHolderClose
                0x0000000000001190       0xb0 C:/devkitPro/libnx/lib\libnx.a(applet.o)
                0x0000000000001190                appletHolderClose
 .text.appletHolderGetLibraryAppletInfo
                0x0000000000001240       0x24 C:/devkitPro/libnx/lib\libnx.a(applet.o)
                0x0000000000001240                appletHolderGetLibraryAppletInfo
 *fill*         0x0000000000001264        0xc 
 .text.appletNotifyRunning
                0x0000000000001270       0x90 C:/devkitPro/libnx/lib\libnx.a(applet.o)
                0x0000000000001270                appletNotifyRunning
 .text.appletSetGamePlayRecordingState
                0x0000000000001300       0x78 C:/devkitPro/libnx/lib\libnx.a(applet.o)
                0x0000000000001300                appletSetGamePlayRecordingState
 *fill*         0x0000000000001378        0x8 
 .text._appletCleanup
                0x0000000000001380      0xad4 C:/devkitPro/libnx/lib\libnx.a(applet.o)
 *fill*         0x0000000000001e54        0xc 
 .text.appletExit
                0x0000000000001e60       0x48 C:/devkitPro/libnx/lib\libnx.a(applet.o)
                0x0000000000001e60                appletExit
 *fill*         0x0000000000001ea8        0x8 
 .text.appletGetLibraryAppletInfo
                0x0000000000001eb0       0x40 C:/devkitPro/libnx/lib\libnx.a(applet.o)
                0x0000000000001eb0                appletGetLibraryAppletInfo
 .text.appletInitialize
                0x0000000000001ef0      0xc14 C:/devkitPro/libnx/lib\libnx.a(applet.o)
                0x0000000000001ef0                appletInitialize
 *fill*         0x0000000000002b04        0xc 
 .text._appletExitProcess
                0x0000000000002b10       0x24 C:/devkitPro/libnx/lib\libnx.a(applet.o)
 *fill*         0x0000000000002b34        0xc 
 .text.appletGetMessage
                0x0000000000002b40       0x74 C:/devkitPro/libnx/lib\libnx.a(applet.o)
                0x0000000000002b40                appletGetMessage
 *fill*         0x0000000000002bb4        0xc 
 .text.appletProcessMessage
                0x0000000000002bc0      0x264 C:/devkitPro/libnx/lib\libnx.a(applet.o)
                0x0000000000002bc0                appletProcessMessage
 *fill*         0x0000000000002e24        0xc 
 .text.appletMainLoop
                0x0000000000002e30       0x34 C:/devkitPro/libnx/lib\libnx.a(applet.o)
                0x0000000000002e30                appletMainLoop
 *fill*         0x0000000000002e64        0xc 
 .text._hidCleanup
                0x0000000000002e70      0x12c C:/devkitPro/libnx/lib\libnx.a(hid.o)
 *fill*         0x0000000000002f9c        0x4 
 .text._hidCmdInAruidNoOut
                0x0000000000002fa0       0xd4 C:/devkitPro/libnx/lib\libnx.a(hid.o)
 *fill*         0x0000000000003074        0xc 
 .text._hidCmdInU32AruidNoOut
                0x0000000000003080       0xe0 C:/devkitPro/libnx/lib\libnx.a(hid.o)
 .text._hidGetStates
                0x0000000000003160      0x194 C:/devkitPro/libnx/lib\libnx.a(hid.o)
 *fill*         0x00000000000032f4        0xc 
 .text.hidInitialize
                0x0000000000003300      0x26c C:/devkitPro/libnx/lib\libnx.a(hid.o)
                0x0000000000003300                hidInitialize
 *fill*         0x000000000000356c        0x4 
 .text.hidExit  0x0000000000003570       0x48 C:/devkitPro/libnx/lib\libnx.a(hid.o)
                0x0000000000003570                hidExit
 *fill*         0x00000000000035b8        0x8 
 .text.hidGetSharedmemAddr
                0x00000000000035c0        0xc C:/devkitPro/libnx/lib\libnx.a(hid.o)
                0x00000000000035c0                hidGetSharedmemAddr
 *fill*         0x00000000000035cc        0x4 
 .text.hidGetNpadStyleSet
                0x00000000000035d0       0x90 C:/devkitPro/libnx/lib\libnx.a(hid.o)
                0x00000000000035d0                hidGetNpadStyleSet
 .text.hidGetTouchScreenStates
                0x0000000000003660       0x88 C:/devkitPro/libnx/lib\libnx.a(hid.o)
                0x0000000000003660                hidGetTouchScreenStates
 *fill*         0x00000000000036e8        0x8 
 .text.hidInitializeNpad
                0x00000000000036f0       0x84 C:/devkitPro/libnx/lib\libnx.a(hid.o)
                0x00000000000036f0                hidInitializeNpad
 *fill*         0x0000000000003774        0xc 
 .text.hidGetNpadStatesFullKey
                0x0000000000003780       0xa4 C:/devkitPro/libnx/lib\libnx.a(hid.o)
                0x0000000000003780                hidGetNpadStatesFullKey
 *fill*         0x0000000000003824        0xc 
 .text.hidGetNpadStatesHandheld
                0x0000000000003830       0xa4 C:/devkitPro/libnx/lib\libnx.a(hid.o)
                0x0000000000003830                hidGetNpadStatesHandheld
 *fill*         0x00000000000038d4        0xc 
 .text.hidGetNpadStatesJoyDual
                0x00000000000038e0       0xa4 C:/devkitPro/libnx/lib\libnx.a(hid.o)
                0x00000000000038e0                hidGetNpadStatesJoyDual
 *fill*         0x0000000000003984        0xc 
 .text.hidGetNpadStatesJoyLeft
                0x0000000000003990       0xa4 C:/devkitPro/libnx/lib\libnx.a(hid.o)
                0x0000000000003990                hidGetNpadStatesJoyLeft
 *fill*         0x0000000000003a34        0xc 
 .text.hidGetNpadStatesJoyRight
                0x0000000000003a40       0xa4 C:/devkitPro/libnx/lib\libnx.a(hid.o)
                0x0000000000003a40                hidGetNpadStatesJoyRight
 *fill*         0x0000000000003ae4        0xc 
 .text.hidGetNpadStatesGc
                0x0000000000003af0      0x144 C:/devkitPro/libnx/lib\libnx.a(hid.o)
                0x0000000000003af0                hidGetNpadStatesGc
 *fill*         0x0000000000003c34        0xc 
 .text.hidGetNpadStatesSystemExt
                0x0000000000003c40       0xa8 C:/devkitPro/libnx/lib\libnx.a(hid.o)
                0x0000000000003c40                hidGetNpadStatesSystemExt
 *fill*         0x0000000000003ce8        0x8 
 .text.hidSetSupportedNpadStyleSet
                0x0000000000003cf0        0x8 C:/devkitPro/libnx/lib\libnx.a(hid.o)
                0x0000000000003cf0                hidSetSupportedNpadStyleSet
 *fill*         0x0000000000003cf8        0x8 
 .text.hidSetSupportedNpadIdType
                0x0000000000003d00      0x100 C:/devkitPro/libnx/lib\libnx.a(hid.o)
                0x0000000000003d00                hidSetSupportedNpadIdType
 .text._smCmifCmdInPid
                0x0000000000003e00       0xcc C:/devkitPro/libnx/lib\libnx.a(sm.o)
 *fill*         0x0000000000003ecc        0x4 
 .text._smCleanup
                0x0000000000003ed0       0x78 C:/devkitPro/libnx/lib\libnx.a(sm.o)
 *fill*         0x0000000000003f48        0x8 
 .text.smAddOverrideHandle
                0x0000000000003f50       0x48 C:/devkitPro/libnx/lib\libnx.a(sm.o)
                0x0000000000003f50                smAddOverrideHandle
 *fill*         0x0000000000003f98        0x8 
 .text.smGetServiceOverride
                0x0000000000003fa0       0x54 C:/devkitPro/libnx/lib\libnx.a(sm.o)
                0x0000000000003fa0                smGetServiceOverride
 *fill*         0x0000000000003ff4        0xc 
 .text.smInitialize
                0x0000000000004000      0x1ac C:/devkitPro/libnx/lib\libnx.a(sm.o)
                0x0000000000004000                smInitialize
 *fill*         0x00000000000041ac        0x4 
 .text.smExit   0x00000000000041b0       0x48 C:/devkitPro/libnx/lib\libnx.a(sm.o)
                0x00000000000041b0                smExit
 *fill*         0x00000000000041f8        0x8 
 .text.smGetServiceOriginal
                0x0000000000004200       0xd0 C:/devkitPro/libnx/lib\libnx.a(sm.o)
                0x0000000000004200                smGetServiceOriginal
 .text.smGetServiceWrapper
                0x00000000000042d0      0x120 C:/devkitPro/libnx/lib\libnx.a(sm.o)
                0x00000000000042d0                smGetServiceWrapper
 .text.__libnx_alloc
                0x00000000000043f0        0x4 C:/devkitPro/libnx/lib\libnx.a(alloc.o)
                0x00000000000043f0                __libnx_alloc
 *fill*         0x00000000000043f4        0xc 
 .text.__libnx_aligned_alloc
                0x0000000000004400       0x14 C:/devkitPro/libnx/lib\libnx.a(alloc.o)
                0x0000000000004400                __libnx_aligned_alloc
 *fill*         0x0000000000004414        0xc 
 .text.__libnx_free
                0x0000000000004420        0x4 C:/devkitPro/libnx/lib\libnx.a(alloc.o)
                0x0000000000004420                __libnx_free
 *fill*         0x0000000000004424        0xc 
 .text.diagAbortWithResult
                0x0000000000004430       0x1c C:/devkitPro/libnx/lib\libnx.a(diag.o)
                0x0000000000004430                diagAbortWithResult
 *fill*         0x000000000000444c        0x4 
 .text.envSetup
                0x0000000000004450      0x208 C:/devkitPro/libnx/lib\libnx.a(env.o)
                0x0000000000004450                envSetup
 *fill*         0x0000000000004658        0x8 
 .text.envGetMainThreadHandle
                0x0000000000004660       0x20 C:/devkitPro/libnx/lib\libnx.a(env.o)
                0x0000000000004660                envGetMainThreadHandle
 .text.envIsNso
                0x0000000000004680        0xc C:/devkitPro/libnx/lib\libnx.a(env.o)
                0x0000000000004680                envIsNso
 *fill*         0x000000000000468c        0x4 
 .text.envHasHeapOverride
                0x0000000000004690       0x14 C:/devkitPro/libnx/lib\libnx.a(env.o)
                0x0000000000004690                envHasHeapOverride
 *fill*         0x00000000000046a4        0xc 
 .text.envGetHeapOverrideAddr
                0x00000000000046b0        0xc C:/devkitPro/libnx/lib\libnx.a(env.o)
                0x00000000000046b0                envGetHeapOverrideAddr
 *fill*         0x00000000000046bc        0x4 
 .text.envGetHeapOverrideSize
                0x00000000000046c0        0xc C:/devkitPro/libnx/lib\libnx.a(env.o)
                0x00000000000046c0                envGetHeapOverrideSize
 *fill*         0x00000000000046cc        0x4 
 .text.envHasArgv
                0x00000000000046d0       0x14 C:/devkitPro/libnx/lib\libnx.a(env.o)
                0x00000000000046d0                envHasArgv
 *fill*         0x00000000000046e4        0xc 
 .text.envGetArgv
                0x00000000000046f0        0xc C:/devkitPro/libnx/lib\libnx.a(env.o)
                0x00000000000046f0                envGetArgv
 *fill*         0x00000000000046fc        0x4 
 .text.envGetExitFuncPtr
                0x0000000000004700        0xc C:/devkitPro/libnx/lib\libnx.a(env.o)
                0x0000000000004700                envGetExitFuncPtr
 *fill*         0x000000000000470c        0x4 
 .text.envSetExitFuncPtr
                0x0000000000004710        0xc C:/devkitPro/libnx/lib\libnx.a(env.o)
                0x0000000000004710                envSetExitFuncPtr
 *fill*         0x000000000000471c        0x4 
 .text.envHasRandomSeed
                0x0000000000004720        0xc C:/devkitPro/libnx/lib\libnx.a(env.o)
                0x0000000000004720                envHasRandomSeed
 *fill*         0x000000000000472c        0x4 
 .text.envGetRandomSeed
                0x0000000000004730       0x10 C:/devkitPro/libnx/lib\libnx.a(env.o)
                0x0000000000004730                envGetRandomSeed
 .text.hosversionGet
                0x0000000000004740       0x14 C:/devkitPro/libnx/lib\libnx.a(hosversion.o)
                0x0000000000004740                hosversionGet
 *fill*         0x0000000000004754        0xc 
 .text.hosversionSet
                0x0000000000004760       0x10 C:/devkitPro/libnx/lib\libnx.a(hosversion.o)
                0x0000000000004760                hosversionSet
 .text.padConfigureInput
                0x0000000000004770       0x9c C:/devkitPro/libnx/lib\libnx.a(pad.o)
                0x0000000000004770                padConfigureInput
 *fill*         0x000000000000480c        0x4 
 .text.padInitializeWithMask
                0x0000000000004810       0x24 C:/devkitPro/libnx/lib\libnx.a(pad.o)
                0x0000000000004810                padInitializeWithMask
 *fill*         0x0000000000004834        0xc 
 .text.padUpdate
                0x0000000000004840      0x29c C:/devkitPro/libnx/lib\libnx.a(pad.o)
                0x0000000000004840                padUpdate
 *fill*         0x0000000000004adc        0x4 
 .text.consoleDrawChar
                0x0000000000004ae0       0x50 C:/devkitPro/libnx/lib\libnx.a(console.o)
 .text.consoleNewRow
                0x0000000000004b30       0xb8 C:/devkitPro/libnx/lib\libnx.a(console.o)
 *fill*         0x0000000000004be8        0x8 
 .text.consolePrintChar.part.0
                0x0000000000004bf0      0x194 C:/devkitPro/libnx/lib\libnx.a(console.o)
 *fill*         0x0000000000004d84        0xc 
 .text.con_write
                0x0000000000004d90      0xdf8 C:/devkitPro/libnx/lib\libnx.a(console.o)
 *fill*         0x0000000000005b88        0x8 
 .text.consoleInit
                0x0000000000005b90      0x160 C:/devkitPro/libnx/lib\libnx.a(console.o)
                0x0000000000005b90                consoleInit
 .text.consoleExit
                0x0000000000005cf0       0x44 C:/devkitPro/libnx/lib\libnx.a(console.o)
                0x0000000000005cf0                consoleExit
 *fill*         0x0000000000005d34        0xc 
 .text.consoleUpdate
                0x0000000000005d40       0x2c C:/devkitPro/libnx/lib\libnx.a(console.o)
                0x0000000000005d40                consoleUpdate
 *fill*         0x0000000000005d6c        0x4 
 .text.ConsoleSwRenderer_drawChar
                0x0000000000005d70      0x1bc C:/devkitPro/libnx/lib\libnx.a(console_sw.o)
 *fill*         0x0000000000005f2c        0x4 
 .text.ConsoleSwRenderer_init
                0x0000000000005f30       0xe8 C:/devkitPro/libnx/lib\libnx.a(console_sw.o)
 *fill*         0x0000000000006018        0x8 
 .text.ConsoleSwRenderer_flushAndSwap
                0x0000000000006020       0x78 C:/devkitPro/libnx/lib\libnx.a(console_sw.o)
 *fill*         0x0000000000006098        0x8 
 .text.ConsoleSwRenderer_scrollWindow
                0x00000000000060a0       0xdc C:/devkitPro/libnx/lib\libnx.a(console_sw.o)
 *fill*         0x000000000000617c        0x4 
 .text.ConsoleSwRenderer_deinit
                0x0000000000006180       0x50 C:/devkitPro/libnx/lib\libnx.a(console_sw.o)
 .text.getDefaultConsoleRenderer
                0x00000000000061d0        0xc C:/devkitPro/libnx/lib\libnx.a(console_sw.o)
                0x00000000000061d0                getDefaultConsoleRenderer
 *fill*         0x00000000000061dc        0x4 
 .text._usbCommsWrite
                0x00000000000061e0      0x198 C:/devkitPro/libnx/lib\libnx.a(usb_comms.o)
 *fill*         0x0000000000006378        0x8 
 .text.usbCommsExit
                0x0000000000006380       0xb0 C:/devkitPro/libnx/lib\libnx.a(usb_comms.o)
                0x0000000000006380                usbCommsExit
 .text.usbCommsInitializeEx
                0x0000000000006430      0x700 C:/devkitPro/libnx/lib\libnx.a(usb_comms.o)
                0x0000000000006430                usbCommsInitializeEx
 .text.usbCommsInitialize
                0x0000000000006b30       0x14 C:/devkitPro/libnx/lib\libnx.a(usb_comms.o)
                0x0000000000006b30                usbCommsInitialize
 *fill*         0x0000000000006b44        0xc 
 .text.usbCommsWriteEx
                0x0000000000006b50      0x144 C:/devkitPro/libnx/lib\libnx.a(usb_comms.o)
                0x0000000000006b50                usbCommsWriteEx
 *fill*         0x0000000000006c94        0xc 
 .text.usbCommsWrite
                0x0000000000006ca0        0x8 C:/devkitPro/libnx/lib\libnx.a(usb_comms.o)
                0x0000000000006ca0                usbCommsWrite
 .text.svcSetHeapSize
                0x0000000000006ca8       0x14 C:/devkitPro/libnx/lib\libnx.a(svc.o)
                0x0000000000006ca8                svcSetHeapSize
 .text.svcSetMemoryPermission
                0x0000000000006cbc        0x8 C:/devkitPro/libnx/lib\libnx.a(svc.o)
                0x0000000000006cbc                svcSetMemoryPermission
 .text.svcSetMemoryAttribute
                0x0000000000006cc4        0x8 C:/devkitPro/libnx/lib\libnx.a(svc.o)
                0x0000000000006cc4                svcSetMemoryAttribute
 .text.svcUnmapMemory
                0x0000000000006ccc        0x8 C:/devkitPro/libnx/lib\libnx.a(svc.o)
                0x0000000000006ccc                svcUnmapMemory
 .text.svcQueryMemory
                0x0000000000006cd4       0x14 C:/devkitPro/libnx/lib\libnx.a(svc.o)
                0x0000000000006cd4                svcQueryMemory
 .text.svcExitProcess
                0x0000000000006ce8        0x8 C:/devkitPro/libnx/lib\libnx.a(svc.o)
                0x0000000000006ce8                svcExitProcess
 .text.svcSleepThread
                0x0000000000006cf0        0x8 C:/devkitPro/libnx/lib\libnx.a(svc.o)
                0x0000000000006cf0                svcSleepThread
 .text.svcClearEvent
                0x0000000000006cf8        0x8 C:/devkitPro/libnx/lib\libnx.a(svc.o)
                0x0000000000006cf8                svcClearEvent
 .text.svcMapSharedMemory
                0x0000000000006d00        0x8 C:/devkitPro/libnx/lib\libnx.a(svc.o)
                0x0000000000006d00                svcMapSharedMemory
 .text.svcUnmapSharedMemory
                0x0000000000006d08        0x8 C:/devkitPro/libnx/lib\libnx.a(svc.o)
                0x0000000000006d08                svcUnmapSharedMemory
 .text.svcCreateTransferMemory
                0x0000000000006d10       0x14 C:/devkitPro/libnx/lib\libnx.a(svc.o)
                0x0000000000006d10                svcCreateTransferMemory
 .text.svcCloseHandle
                0x0000000000006d24        0x8 C:/devkitPro/libnx/lib\libnx.a(svc.o)
                0x0000000000006d24                svcCloseHandle
 .text.svcResetSignal
                0x0000000000006d2c        0x8 C:/devkitPro/libnx/lib\libnx.a(svc.o)
                0x0000000000006d2c                svcResetSignal
 .text.svcWaitSynchronization
                0x0000000000006d34       0x14 C:/devkitPro/libnx/lib\libnx.a(svc.o)
                0x0000000000006d34                svcWaitSynchronization
 .text.svcArbitrateLock
                0x0000000000006d48        0x8 C:/devkitPro/libnx/lib\libnx.a(svc.o)
                0x0000000000006d48                svcArbitrateLock
 .text.svcArbitrateUnlock
                0x0000000000006d50        0x8 C:/devkitPro/libnx/lib\libnx.a(svc.o)
                0x0000000000006d50                svcArbitrateUnlock
 .text.svcWaitProcessWideKeyAtomic
                0x0000000000006d58        0x8 C:/devkitPro/libnx/lib\libnx.a(svc.o)
                0x0000000000006d58                svcWaitProcessWideKeyAtomic
 .text.svcSignalProcessWideKey
                0x0000000000006d60        0x8 C:/devkitPro/libnx/lib\libnx.a(svc.o)
                0x0000000000006d60                svcSignalProcessWideKey
 .text.svcConnectToNamedPort
                0x0000000000006d68       0x14 C:/devkitPro/libnx/lib\libnx.a(svc.o)
                0x0000000000006d68                svcConnectToNamedPort
 .text.svcSendSyncRequest
                0x0000000000006d7c        0x8 C:/devkitPro/libnx/lib\libnx.a(svc.o)
                0x0000000000006d7c                svcSendSyncRequest
 .text.svcBreak
                0x0000000000006d84        0x8 C:/devkitPro/libnx/lib\libnx.a(svc.o)
                0x0000000000006d84                svcBreak
 .text.svcReturnFromException
                0x0000000000006d8c        0x8 C:/devkitPro/libnx/lib\libnx.a(svc.o)
                0x0000000000006d8c                svcReturnFromException
 .text.svcGetInfo
                0x0000000000006d94       0x14 C:/devkitPro/libnx/lib\libnx.a(svc.o)
                0x0000000000006d94                svcGetInfo
 .text.svcUnmapTransferMemory
                0x0000000000006da8        0x8 C:/devkitPro/libnx/lib\libnx.a(svc.o)
                0x0000000000006da8                svcUnmapTransferMemory
 .text.eventLoadRemote
                0x0000000000006db0        0xc C:/devkitPro/libnx/lib\libnx.a(event.o)
                0x0000000000006db0                eventLoadRemote
 *fill*         0x0000000000006dbc        0x4 
 .text.eventWait
                0x0000000000006dc0       0x34 C:/devkitPro/libnx/lib\libnx.a(event.o)
                0x0000000000006dc0                eventWait
 *fill*         0x0000000000006df4        0xc 
 .text.eventClear
                0x0000000000006e00       0x24 C:/devkitPro/libnx/lib\libnx.a(event.o)
                0x0000000000006e00                eventClear
 *fill*         0x0000000000006e24        0xc 
 .text.eventClose
                0x0000000000006e30       0x54 C:/devkitPro/libnx/lib\libnx.a(event.o)
                0x0000000000006e30                eventClose
 *fill*         0x0000000000006e84        0xc 
 .text.mutexLock
                0x0000000000006e90       0xc8 C:/devkitPro/libnx/lib\libnx.a(mutex.o)
                0x0000000000006e90                mutexLock
 *fill*         0x0000000000006f58        0x8 
 .text.mutexUnlock
                0x0000000000006f60       0x68 C:/devkitPro/libnx/lib\libnx.a(mutex.o)
                0x0000000000006f60                mutexUnlock
 *fill*         0x0000000000006fc8        0x8 
 .text.mutexIsLockedByCurrentThread
                0x0000000000006fd0       0x1c C:/devkitPro/libnx/lib\libnx.a(mutex.o)
                0x0000000000006fd0                mutexIsLockedByCurrentThread
 *fill*         0x0000000000006fec        0x4 
 .text.rmutexLock
                0x0000000000006ff0       0x50 C:/devkitPro/libnx/lib\libnx.a(mutex.o)
                0x0000000000006ff0                rmutexLock
 .text.rmutexUnlock
                0x0000000000007040       0x18 C:/devkitPro/libnx/lib\libnx.a(mutex.o)
                0x0000000000007040                rmutexUnlock
 *fill*         0x0000000000007058        0x8 
 .text.rwlockReadLock
                0x0000000000007060       0x98 C:/devkitPro/libnx/lib\libnx.a(rwlock.o)
                0x0000000000007060                rwlockReadLock
 *fill*         0x00000000000070f8        0x8 
 .text.rwlockReadUnlock
                0x0000000000007100       0xbc C:/devkitPro/libnx/lib\libnx.a(rwlock.o)
                0x0000000000007100                rwlockReadUnlock
 *fill*         0x00000000000071bc        0x4 
 .text.rwlockWriteLock
                0x00000000000071c0       0x9c C:/devkitPro/libnx/lib\libnx.a(rwlock.o)
                0x00000000000071c0                rwlockWriteLock
 *fill*         0x000000000000725c        0x4 
 .text.rwlockWriteUnlock
                0x0000000000007260       0x78 C:/devkitPro/libnx/lib\libnx.a(rwlock.o)
                0x0000000000007260                rwlockWriteUnlock
 *fill*         0x00000000000072d8        0x8 
 .text.shmemLoadRemote
                0x00000000000072e0       0x14 C:/devkitPro/libnx/lib\libnx.a(shmem.o)
                0x00000000000072e0                shmemLoadRemote
 *fill*         0x00000000000072f4        0xc 
 .text.shmemMap
                0x0000000000007300       0x70 C:/devkitPro/libnx/lib\libnx.a(shmem.o)
                0x0000000000007300                shmemMap
 .text.shmemUnmap
                0x0000000000007370       0x34 C:/devkitPro/libnx/lib\libnx.a(shmem.o)
                0x0000000000007370                shmemUnmap
 *fill*         0x00000000000073a4        0xc 
 .text.shmemClose
                0x00000000000073b0       0x4c C:/devkitPro/libnx/lib\libnx.a(shmem.o)
                0x00000000000073b0                shmemClose
 *fill*         0x00000000000073fc        0x4 
 .text.tmemCreate
                0x0000000000007400       0xa8 C:/devkitPro/libnx/lib\libnx.a(tmem.o)
                0x0000000000007400                tmemCreate
 *fill*         0x00000000000074a8        0x8 
 .text.tmemUnmap
                0x00000000000074b0       0x34 C:/devkitPro/libnx/lib\libnx.a(tmem.o)
                0x00000000000074b0                tmemUnmap
 *fill*         0x00000000000074e4        0xc 
 .text.tmemCloseHandle
                0x00000000000074f0       0x30 C:/devkitPro/libnx/lib\libnx.a(tmem.o)
                0x00000000000074f0                tmemCloseHandle
 .text.tmemWaitForPermission
                0x0000000000007520       0x9c C:/devkitPro/libnx/lib\libnx.a(tmem.o)
                0x0000000000007520                tmemWaitForPermission
 *fill*         0x00000000000075bc        0x4 
 .text.tmemClose
                0x00000000000075c0       0x50 C:/devkitPro/libnx/lib\libnx.a(tmem.o)
                0x00000000000075c0                tmemClose
 .text._memregionInitWithInfo
                0x0000000000007610       0x64 C:/devkitPro/libnx/lib\libnx.a(virtmem.o)
 *fill*         0x0000000000007674        0xc 
 .text.__libnx_virtmem_rng
                0x0000000000007680        0x4 C:/devkitPro/libnx/lib\libnx.a(virtmem.o)
                0x0000000000007680                __libnx_virtmem_rng
 *fill*         0x0000000000007684        0xc 
 .text._memregionFindRandom
                0x0000000000007690      0x164 C:/devkitPro/libnx/lib\libnx.a(virtmem.o)
 *fill*         0x00000000000077f4        0xc 
 .text.virtmemSetup
                0x0000000000007800      0x140 C:/devkitPro/libnx/lib\libnx.a(virtmem.o)
                0x0000000000007800                virtmemSetup
 .text.virtmemLock
                0x0000000000007940        0xc C:/devkitPro/libnx/lib\libnx.a(virtmem.o)
                0x0000000000007940                virtmemLock
 *fill*         0x000000000000794c        0x4 
 .text.virtmemUnlock
                0x0000000000007950        0xc C:/devkitPro/libnx/lib\libnx.a(virtmem.o)
                0x0000000000007950                virtmemUnlock
 *fill*         0x000000000000795c        0x4 
 .text.virtmemFindAslr
                0x0000000000007960       0x50 C:/devkitPro/libnx/lib\libnx.a(virtmem.o)
                0x0000000000007960                virtmemFindAslr
 .text.waitObjects
                0x00000000000079b0      0x57c C:/devkitPro/libnx/lib\libnx.a(wait.o)
                0x00000000000079b0                waitObjects
 *fill*         0x0000000000007f2c        0x4 
 .text._apmCleanup
                0x0000000000007f30       0xd4 C:/devkitPro/libnx/lib\libnx.a(apm.o)
 *fill*         0x0000000000008004        0xc 
 .text.apmInitialize
                0x0000000000008010      0x194 C:/devkitPro/libnx/lib\libnx.a(apm.o)
                0x0000000000008010                apmInitialize
 *fill*         0x00000000000081a4        0xc 
 .text.apmExit  0x00000000000081b0       0x48 C:/devkitPro/libnx/lib\libnx.a(apm.o)
                0x00000000000081b0                apmExit
 *fill*         0x00000000000081f8        0x8 
 .text.apmSetPerformanceConfiguration
                0x0000000000008200       0xc8 C:/devkitPro/libnx/lib\libnx.a(apm.o)
                0x0000000000008200                apmSetPerformanceConfiguration
 *fill*         0x00000000000082c8        0x8 
 .text._usbDsRegisterInterface
                0x00000000000082d0      0x1f4 C:/devkitPro/libnx/lib\libnx.a(usbds.o)
 *fill*         0x00000000000084c4        0xc 
 .text._usbDsAddUsbStringDescriptorRaw
                0x00000000000084d0      0x178 C:/devkitPro/libnx/lib\libnx.a(usbds.o)
 *fill*         0x0000000000008648        0x8 
 .text._usbDsPostBuffer
                0x0000000000008650      0x110 C:/devkitPro/libnx/lib\libnx.a(usbds.o)
 .text._usbDsCmdSendBufNoOut.constprop.0
                0x0000000000008760       0xf4 C:/devkitPro/libnx/lib\libnx.a(usbds.o)
 *fill*         0x0000000000008854        0xc 
 .text._usbDsCmdNoInOutU32.constprop.0
                0x0000000000008860       0xe4 C:/devkitPro/libnx/lib\libnx.a(usbds.o)
 *fill*         0x0000000000008944        0xc 
 .text._usbDsBindDevice.constprop.0
                0x0000000000008950      0x290 C:/devkitPro/libnx/lib\libnx.a(usbds.o)
 .text._usbDsGetEvent.constprop.0
                0x0000000000008be0       0xf4 C:/devkitPro/libnx/lib\libnx.a(usbds.o)
 *fill*         0x0000000000008cd4        0xc 
 .text._usbDsGetReport.isra.0
                0x0000000000008ce0       0xf4 C:/devkitPro/libnx/lib\libnx.a(usbds.o)
 *fill*         0x0000000000008dd4        0xc 
 .text._usbDsCmdNoIO.isra.0
                0x0000000000008de0       0xc0 C:/devkitPro/libnx/lib\libnx.a(usbds.o)
 .text._usbDsAllocateEndpoint.isra.0
                0x0000000000008ea0       0x6c C:/devkitPro/libnx/lib\libnx.a(usbds.o)
 *fill*         0x0000000000008f0c        0x4 
 .text.usbDsGetState
                0x0000000000008f10       0x34 C:/devkitPro/libnx/lib\libnx.a(usbds.o)
                0x0000000000008f10                usbDsGetState
 *fill*         0x0000000000008f44        0xc 
 .text.usbDsWaitReady
                0x0000000000008f50      0x13c C:/devkitPro/libnx/lib\libnx.a(usbds.o)
                0x0000000000008f50                usbDsWaitReady
 *fill*         0x000000000000908c        0x4 
 .text.usbDsParseReportData
                0x0000000000009090       0xa0 C:/devkitPro/libnx/lib\libnx.a(usbds.o)
                0x0000000000009090                usbDsParseReportData
 .text.usbDsClearDeviceData
                0x0000000000009130       0x50 C:/devkitPro/libnx/lib\libnx.a(usbds.o)
                0x0000000000009130                usbDsClearDeviceData
 .text.usbDsAddUsbStringDescriptor
                0x0000000000009180       0x70 C:/devkitPro/libnx/lib\libnx.a(usbds.o)
                0x0000000000009180                usbDsAddUsbStringDescriptor
 .text.usbDsAddUsbLanguageStringDescriptor
                0x00000000000091f0       0x78 C:/devkitPro/libnx/lib\libnx.a(usbds.o)
                0x00000000000091f0                usbDsAddUsbLanguageStringDescriptor
 *fill*         0x0000000000009268        0x8 
 .text.usbDsSetUsbDeviceDescriptor
                0x0000000000009270      0x16c C:/devkitPro/libnx/lib\libnx.a(usbds.o)
                0x0000000000009270                usbDsSetUsbDeviceDescriptor
 *fill*         0x00000000000093dc        0x4 
 .text.usbDsSetBinaryObjectStore
                0x00000000000093e0       0x5c C:/devkitPro/libnx/lib\libnx.a(usbds.o)
                0x00000000000093e0                usbDsSetBinaryObjectStore
 *fill*         0x000000000000943c        0x4 
 .text.usbDsEnable
                0x0000000000009440       0x50 C:/devkitPro/libnx/lib\libnx.a(usbds.o)
                0x0000000000009440                usbDsEnable
 .text.usbDsDisable
                0x0000000000009490       0x50 C:/devkitPro/libnx/lib\libnx.a(usbds.o)
                0x0000000000009490                usbDsDisable
 .text.usbDsInterface_EnableInterface
                0x00000000000094e0       0x5c C:/devkitPro/libnx/lib\libnx.a(usbds.o)
                0x00000000000094e0                usbDsInterface_EnableInterface
 *fill*         0x000000000000953c        0x4 
 .text.usbDsInterface_DisableInterface
                0x0000000000009540       0x5c C:/devkitPro/libnx/lib\libnx.a(usbds.o)
                0x0000000000009540                usbDsInterface_DisableInterface
 *fill*         0x000000000000959c        0x4 
 .text.usbDsInterface_AppendConfigurationData
                0x00000000000095a0      0x234 C:/devkitPro/libnx/lib\libnx.a(usbds.o)
                0x00000000000095a0                usbDsInterface_AppendConfigurationData
 *fill*         0x00000000000097d4        0xc 
 .text.usbDsEndpoint_PostBufferAsync
                0x00000000000097e0       0x1c C:/devkitPro/libnx/lib\libnx.a(usbds.o)
                0x00000000000097e0                usbDsEndpoint_PostBufferAsync
 *fill*         0x00000000000097fc        0x4 
 .text.usbDsEndpoint_Cancel
                0x0000000000009800       0x20 C:/devkitPro/libnx/lib\libnx.a(usbds.o)
                0x0000000000009800                usbDsEndpoint_Cancel
 .text._usbDsFreeEndpoint.part.0
                0x0000000000009820       0xa8 C:/devkitPro/libnx/lib\libnx.a(usbds.o)
 *fill*         0x00000000000098c8        0x8 
 .text._usbDsFreeInterface.part.0
                0x00000000000098d0      0x104 C:/devkitPro/libnx/lib\libnx.a(usbds.o)
 *fill*         0x00000000000099d4        0xc 
 .text._usbDsCleanup
                0x00000000000099e0      0x190 C:/devkitPro/libnx/lib\libnx.a(usbds.o)
 .text.usbDsExit
                0x0000000000009b70       0x48 C:/devkitPro/libnx/lib\libnx.a(usbds.o)
                0x0000000000009b70                usbDsExit
 *fill*         0x0000000000009bb8        0x8 
 .text.usbDsInitialize
                0x0000000000009bc0      0x454 C:/devkitPro/libnx/lib\libnx.a(usbds.o)
                0x0000000000009bc0                usbDsInitialize
 *fill*         0x000000000000a014        0xc 
 .text.usbDsGetDsInterface
                0x000000000000a020      0x3b4 C:/devkitPro/libnx/lib\libnx.a(usbds.o)
                0x000000000000a020                usbDsGetDsInterface
 *fill*         0x000000000000a3d4        0xc 
 .text.usbDsRegisterInterface
                0x000000000000a3e0      0x228 C:/devkitPro/libnx/lib\libnx.a(usbds.o)
                0x000000000000a3e0                usbDsRegisterInterface
 *fill*         0x000000000000a608        0x8 
 .text.usbDsInterface_GetDsEndpoint
                0x000000000000a610      0x204 C:/devkitPro/libnx/lib\libnx.a(usbds.o)
                0x000000000000a610                usbDsInterface_GetDsEndpoint
 *fill*         0x000000000000a814        0xc 
 .text.usbDsInterface_RegisterEndpoint
                0x000000000000a820      0x1e4 C:/devkitPro/libnx/lib\libnx.a(usbds.o)
                0x000000000000a820                usbDsInterface_RegisterEndpoint
 *fill*         0x000000000000aa04        0xc 
 .text.usbDsEndpoint_GetReportData
                0x000000000000aa10       0x24 C:/devkitPro/libnx/lib\libnx.a(usbds.o)
                0x000000000000aa10                usbDsEndpoint_GetReportData
 *fill*         0x000000000000aa34        0xc 
 .text.nwindowGetDefault
                0x000000000000aa40        0xc C:/devkitPro/libnx/lib\libnx.a(default_window.o)
                0x000000000000aa40                nwindowGetDefault
 *fill*         0x000000000000aa4c        0x4 
 .text.__nx_win_init
                0x000000000000aa50       0xa4 C:/devkitPro/libnx/lib\libnx.a(default_window.o)
                0x000000000000aa50                __nx_win_init
 *fill*         0x000000000000aaf4        0xc 
 .text.__nx_win_exit
                0x000000000000ab00       0x34 C:/devkitPro/libnx/lib\libnx.a(default_window.o)
                0x000000000000ab00                __nx_win_exit
 *fill*         0x000000000000ab34        0xc 
 .text.framebufferMakeLinear
                0x000000000000ab40       0x8c C:/devkitPro/libnx/lib\libnx.a(framebuffer.o)
                0x000000000000ab40                framebufferMakeLinear
 *fill*         0x000000000000abcc        0x4 
 .text.framebufferClose
                0x000000000000abd0       0x84 C:/devkitPro/libnx/lib\libnx.a(framebuffer.o)
                0x000000000000abd0                framebufferClose
 *fill*         0x000000000000ac54        0xc 
 .text.framebufferCreate
                0x000000000000ac60      0x290 C:/devkitPro/libnx/lib\libnx.a(framebuffer.o)
                0x000000000000ac60                framebufferCreate
 .text.framebufferBegin
                0x000000000000aef0       0x7c C:/devkitPro/libnx/lib\libnx.a(framebuffer.o)
                0x000000000000aef0                framebufferBegin
 *fill*         0x000000000000af6c        0x4 
 .text.framebufferEnd
                0x000000000000af70      0x198 C:/devkitPro/libnx/lib\libnx.a(framebuffer.o)
                0x000000000000af70                framebufferEnd
 *fill*         0x000000000000b108        0x8 
 .text.nwindowIsValid
                0x000000000000b110       0x24 C:/devkitPro/libnx/lib\libnx.a(native_window.o)
                0x000000000000b110                nwindowIsValid
 *fill*         0x000000000000b134        0xc 
 .text.nwindowClose
                0x000000000000b140       0x7c C:/devkitPro/libnx/lib\libnx.a(native_window.o)
                0x000000000000b140                nwindowClose
 *fill*         0x000000000000b1bc        0x4 
 .text.nwindowCreate
                0x000000000000b1c0       0xf8 C:/devkitPro/libnx/lib\libnx.a(native_window.o)
                0x000000000000b1c0                nwindowCreate
 *fill*         0x000000000000b2b8        0x8 
 .text.nwindowCreateFromLayer
                0x000000000000b2c0       0x38 C:/devkitPro/libnx/lib\libnx.a(native_window.o)
                0x000000000000b2c0                nwindowCreateFromLayer
 *fill*         0x000000000000b2f8        0x8 
 .text.nwindowSetDimensions
                0x000000000000b300       0x84 C:/devkitPro/libnx/lib\libnx.a(native_window.o)
                0x000000000000b300                nwindowSetDimensions
 *fill*         0x000000000000b384        0xc 
 .text.nwindowConfigureBuffer
                0x000000000000b390      0x180 C:/devkitPro/libnx/lib\libnx.a(native_window.o)
                0x000000000000b390                nwindowConfigureBuffer
 .text.nwindowDequeueBuffer
                0x000000000000b510      0x1cc C:/devkitPro/libnx/lib\libnx.a(native_window.o)
                0x000000000000b510                nwindowDequeueBuffer
 *fill*         0x000000000000b6dc        0x4 
 .text.nwindowQueueBuffer
                0x000000000000b6e0      0x12c C:/devkitPro/libnx/lib\libnx.a(native_window.o)
                0x000000000000b6e0                nwindowQueueBuffer
 *fill*         0x000000000000b80c        0x4 
 .text.nwindowReleaseBuffers
                0x000000000000b810       0xbc C:/devkitPro/libnx/lib\libnx.a(native_window.o)
                0x000000000000b810                nwindowReleaseBuffers
 *fill*         0x000000000000b8cc        0x4 
 .text.argvSetup
                0x000000000000b8d0      0x314 C:/devkitPro/libnx/lib\libnx.a(argv.o)
                0x000000000000b8d0                argvSetup
 *fill*         0x000000000000bbe4        0xc 
 .text.__nx_dynamic
                0x000000000000bbf0      0x1fc C:/devkitPro/libnx/lib\libnx.a(dynamic.o)
                0x000000000000bbf0                __nx_dynamic
 *fill*         0x000000000000bdec        0x4 
 .text.__libnx_initheap
                0x000000000000bdf0       0xd0 C:/devkitPro/libnx/lib\libnx.a(init.o)
                0x000000000000bdf0                __libnx_initheap
 .text.__appInit
                0x000000000000bec0       0xec C:/devkitPro/libnx/lib\libnx.a(init.o)
                0x000000000000bec0                __appInit
 *fill*         0x000000000000bfac        0x4 
 .text.__appExit
                0x000000000000bfb0       0x44 C:/devkitPro/libnx/lib\libnx.a(init.o)
                0x000000000000bfb0                __appExit
 *fill*         0x000000000000bff4        0xc 
 .text.__libnx_init
                0x000000000000c000       0x2c C:/devkitPro/libnx/lib\libnx.a(init.o)
                0x000000000000c000                __libnx_init
 *fill*         0x000000000000c02c        0x4 
 .text.__libnx_exit
                0x000000000000c030       0x1c C:/devkitPro/libnx/lib\libnx.a(init.o)
                0x000000000000c030                __libnx_exit
 *fill*         0x000000000000c04c        0x4 
 .text.__syscall_exit
                0x000000000000c050       0x1c C:/devkitPro/libnx/lib\libnx.a(newlib.o)
                0x000000000000c050                __syscall_exit
 *fill*         0x000000000000c06c        0x4 
 .text.__syscall_getreent
                0x000000000000c070       0x34 C:/devkitPro/libnx/lib\libnx.a(newlib.o)
                0x000000000000c070                __syscall_getreent
 *fill*         0x000000000000c0a4        0xc 
 .text.__syscall_lock_acquire
                0x000000000000c0b0        0x4 C:/devkitPro/libnx/lib\libnx.a(newlib.o)
                0x000000000000c0b0                __syscall_lock_acquire
 *fill*         0x000000000000c0b4        0xc 
 .text.__syscall_lock_release
                0x000000000000c0c0        0x4 C:/devkitPro/libnx/lib\libnx.a(newlib.o)
                0x000000000000c0c0                __syscall_lock_release
 *fill*         0x000000000000c0c4        0xc 
 .text.__syscall_lock_acquire_recursive
                0x000000000000c0d0        0x4 C:/devkitPro/libnx/lib\libnx.a(newlib.o)
                0x000000000000c0d0                __syscall_lock_acquire_recursive
 *fill*         0x000000000000c0d4        0xc 
 .text.__syscall_lock_release_recursive
                0x000000000000c0e0        0x4 C:/devkitPro/libnx/lib\libnx.a(newlib.o)
                0x000000000000c0e0                __syscall_lock_release_recursive
 *fill*         0x000000000000c0e4        0xc 
 .text.__libnx_init_time
                0x000000000000c0f0      0x25c C:/devkitPro/libnx/lib\libnx.a(newlib.o)
                0x000000000000c0f0                __libnx_init_time
 *fill*         0x000000000000c34c        0x4 
 .text.newlibSetup
                0x000000000000c350       0x98 C:/devkitPro/libnx/lib\libnx.a(newlib.o)
                0x000000000000c350                newlibSetup
 *fill*         0x000000000000c3e8        0x8 
 .text.nxlinkSetup
                0x000000000000c3f0       0xe8 C:/devkitPro/libnx/lib\libnx.a(nxlink.o)
                0x000000000000c3f0                nxlinkSetup
 *fill*         0x000000000000c4d8        0x8 
 .text.fsdev_link
                0x000000000000c4e0       0x10 C:/devkitPro/libnx/lib\libnx.a(fs_dev.o)
 .text.fsdev_dirreset
                0x000000000000c4f0       0x10 C:/devkitPro/libnx/lib\libnx.a(fs_dev.o)
 .text.fsdev_chmod
                0x000000000000c500       0x10 C:/devkitPro/libnx/lib\libnx.a(fs_dev.o)
 .text.error_cmp
                0x000000000000c510       0x18 C:/devkitPro/libnx/lib\libnx.a(fs_dev.o)
 *fill*         0x000000000000c528        0x8 
 .text.fsdev_dirclose
                0x000000000000c530       0x20 C:/devkitPro/libnx/lib\libnx.a(fs_dev.o)
 .text.fsdev_close
                0x000000000000c550       0x1c C:/devkitPro/libnx/lib\libnx.a(fs_dev.o)
 *fill*         0x000000000000c56c        0x4 
 .text.fsdev_converttimetoutc
                0x000000000000c570       0x74 C:/devkitPro/libnx/lib\libnx.a(fs_dev.o)
 *fill*         0x000000000000c5e4        0xc 
 .text.fsdevFindDevice.part.0
                0x000000000000c5f0       0xf8 C:/devkitPro/libnx/lib\libnx.a(fs_dev.o)
 *fill*         0x000000000000c6e8        0x8 
 .text.fsdev_fixpath
                0x000000000000c6f0      0x1cc C:/devkitPro/libnx/lib\libnx.a(fs_dev.o)
 *fill*         0x000000000000c8bc        0x4 
 .text._fsdevUnmountDeviceStruct.part.0
                0x000000000000c8c0       0x9c C:/devkitPro/libnx/lib\libnx.a(fs_dev.o)
 *fill*         0x000000000000c95c        0x4 
 .text.fsdev_fchmod
                0x000000000000c960       0x10 C:/devkitPro/libnx/lib\libnx.a(fs_dev.o)
 .text.fsdev_diropen
                0x000000000000c970      0x100 C:/devkitPro/libnx/lib\libnx.a(fs_dev.o)
 .text.fsdev_statvfs
                0x000000000000ca70       0xf8 C:/devkitPro/libnx/lib\libnx.a(fs_dev.o)
 *fill*         0x000000000000cb68        0x8 
 .text.fsdev_fsync
                0x000000000000cb70       0x7c C:/devkitPro/libnx/lib\libnx.a(fs_dev.o)
 *fill*         0x000000000000cbec        0x4 
 .text.fsdev_fstat
                0x000000000000cbf0       0xec C:/devkitPro/libnx/lib\libnx.a(fs_dev.o)
 *fill*         0x000000000000ccdc        0x4 
 .text.fsdev_ftruncate
                0x000000000000cce0       0x94 C:/devkitPro/libnx/lib\libnx.a(fs_dev.o)
 *fill*         0x000000000000cd74        0xc 
 .text.fsdev_stat
                0x000000000000cd80      0x1d8 C:/devkitPro/libnx/lib\libnx.a(fs_dev.o)
 *fill*         0x000000000000cf58        0x8 
 .text.fsdev_rename
                0x000000000000cf60      0x14c C:/devkitPro/libnx/lib\libnx.a(fs_dev.o)
 *fill*         0x000000000000d0ac        0x4 
 .text.fsdev_chdir
                0x000000000000d0b0      0x13c C:/devkitPro/libnx/lib\libnx.a(fs_dev.o)
 *fill*         0x000000000000d1ec        0x4 
 .text.fsdev_rmdir
                0x000000000000d1f0       0xa4 C:/devkitPro/libnx/lib\libnx.a(fs_dev.o)
 *fill*         0x000000000000d294        0xc 
 .text.fsdev_mkdir
                0x000000000000d2a0       0xa4 C:/devkitPro/libnx/lib\libnx.a(fs_dev.o)
 *fill*         0x000000000000d344        0xc 
 .text.fsdev_unlink
                0x000000000000d350       0xa4 C:/devkitPro/libnx/lib\libnx.a(fs_dev.o)
 *fill*         0x000000000000d3f4        0xc 
 .text.fsdev_write_safe
                0x000000000000d400      0x13c C:/devkitPro/libnx/lib\libnx.a(fs_dev.o)
 *fill*         0x000000000000d53c        0x4 
 .text.fsdev_read_safe
                0x000000000000d540      0x134 C:/devkitPro/libnx/lib\libnx.a(fs_dev.o)
 *fill*         0x000000000000d674        0xc 
 .text.fsdev_read
                0x000000000000d680      0x100 C:/devkitPro/libnx/lib\libnx.a(fs_dev.o)
 .text.fsdev_dirnext
                0x000000000000d780      0x1d4 C:/devkitPro/libnx/lib\libnx.a(fs_dev.o)
 *fill*         0x000000000000d954        0xc 
 .text.fsdev_write
                0x000000000000d960      0x124 C:/devkitPro/libnx/lib\libnx.a(fs_dev.o)
 *fill*         0x000000000000da84        0xc 
 .text.fsdev_seek
                0x000000000000da90      0x110 C:/devkitPro/libnx/lib\libnx.a(fs_dev.o)
 .text.fsdev_open
                0x000000000000dba0      0x230 C:/devkitPro/libnx/lib\libnx.a(fs_dev.o)
 .text.fsdevMountDevice
                0x000000000000ddd0      0x324 C:/devkitPro/libnx/lib\libnx.a(fs_dev.o)
                0x000000000000ddd0                fsdevMountDevice
 *fill*         0x000000000000e0f4        0xc 
 .text.fsdevMountSdmc
                0x000000000000e100       0x40 C:/devkitPro/libnx/lib\libnx.a(fs_dev.o)
                0x000000000000e100                fsdevMountSdmc
 .text.__libnx_init_cwd
                0x000000000000e140       0xbc C:/devkitPro/libnx/lib\libnx.a(fs_dev.o)
                0x000000000000e140                __libnx_init_cwd
 *fill*         0x000000000000e1fc        0x4 
 .text.fsdevUnmountAll
                0x000000000000e200       0x64 C:/devkitPro/libnx/lib\libnx.a(fs_dev.o)
                0x000000000000e200                fsdevUnmountAll
 *fill*         0x000000000000e264        0xc 
 .text.decode_utf8
                0x000000000000e270      0x128 C:/devkitPro/libnx/lib\libnx.a(decode_utf8.o)
                0x000000000000e270                decode_utf8
 *fill*         0x000000000000e398        0x8 
 .text.utf8_to_utf16
                0x000000000000e3a0      0x104 C:/devkitPro/libnx/lib\libnx.a(utf8_to_utf16.o)
                0x000000000000e3a0                utf8_to_utf16
 .text.armDCacheFlush
                0x000000000000e4a4       0x4c C:/devkitPro/libnx/lib\libnx.a(cache.o)
                0x000000000000e4a4                armDCacheFlush
 .text.__libnx_exception_entry
                0x000000000000e4f0      0x1c0 C:/devkitPro/libnx/lib\libnx.a(exception.o)
                0x000000000000e4f0                __libnx_exception_entry
 .text.__libnx_exception_returnentry
                0x000000000000e6b0       0x18 C:/devkitPro/libnx/lib\libnx.a(exception.o)
                0x000000000000e6b0                __libnx_exception_returnentry
 .text.__aarch64_read_tp
                0x000000000000e6c8        0xc C:/devkitPro/libnx/lib\libnx.a(readtp.o)
                0x000000000000e6c8                __aarch64_read_tp
 *fill*         0x000000000000e6d4        0xc 
 .text.condvarWaitTimeout
                0x000000000000e6e0       0x70 C:/devkitPro/libnx/lib\libnx.a(condvar.o)
                0x000000000000e6e0                condvarWaitTimeout
 .text.randomGet
                0x000000000000e750      0x410 C:/devkitPro/libnx/lib\libnx.a(random.o)
                0x000000000000e750                randomGet
 .text.randomGet64
                0x000000000000eb60       0x20 C:/devkitPro/libnx/lib\libnx.a(random.o)
                0x000000000000eb60                randomGet64
 .text.__libnx_init_thread
                0x000000000000eb80       0xb0 C:/devkitPro/libnx/lib\libnx.a(thread.o)
                0x000000000000eb80                __libnx_init_thread
 .text._fsCleanup
                0x000000000000ec30       0xb4 C:/devkitPro/libnx/lib\libnx.a(fs.o)
 *fill*         0x000000000000ece4        0xc 
 .text._fsCmdNoIO
                0x000000000000ecf0      0x1c0 C:/devkitPro/libnx/lib\libnx.a(fs.o)
 .text._fsFsCmdWithInPath
                0x000000000000eeb0      0x1e0 C:/devkitPro/libnx/lib\libnx.a(fs.o)
 .text._fsFsCmdWithTwoInPaths
                0x000000000000f090      0x1f8 C:/devkitPro/libnx/lib\libnx.a(fs.o)
 *fill*         0x000000000000f288        0x8 
 .text._fsFsOpenCommon
                0x000000000000f290      0x28c C:/devkitPro/libnx/lib\libnx.a(fs.o)
 *fill*         0x000000000000f51c        0x4 
 .text._fsFsCmdWithInPathAndOutU64
                0x000000000000f520      0x1fc C:/devkitPro/libnx/lib\libnx.a(fs.o)
 *fill*         0x000000000000f71c        0x4 
 .text._fsObjectClose
                0x000000000000f720       0xf8 C:/devkitPro/libnx/lib\libnx.a(fs.o)
 *fill*         0x000000000000f818        0x8 
 .text._fsCmdGetSession.constprop.0
                0x000000000000f820      0x17c C:/devkitPro/libnx/lib\libnx.a(fs.o)
 *fill*         0x000000000000f99c        0x4 
 .text.fsInitialize
                0x000000000000f9a0      0x2f8 C:/devkitPro/libnx/lib\libnx.a(fs.o)
                0x000000000000f9a0                fsInitialize
 *fill*         0x000000000000fc98        0x8 
 .text.fsExit   0x000000000000fca0       0x48 C:/devkitPro/libnx/lib\libnx.a(fs.o)
                0x000000000000fca0                fsExit
 *fill*         0x000000000000fce8        0x8 
 .text.fsOpenSdCardFileSystem
                0x000000000000fcf0        0x8 C:/devkitPro/libnx/lib\libnx.a(fs.o)
                0x000000000000fcf0                fsOpenSdCardFileSystem
 *fill*         0x000000000000fcf8        0x8 
 .text.fsFsCreateFile
                0x000000000000fd00      0x1ec C:/devkitPro/libnx/lib\libnx.a(fs.o)
                0x000000000000fd00                fsFsCreateFile
 *fill*         0x000000000000feec        0x4 
 .text.fsFsDeleteFile
                0x000000000000fef0        0x8 C:/devkitPro/libnx/lib\libnx.a(fs.o)
                0x000000000000fef0                fsFsDeleteFile
 *fill*         0x000000000000fef8        0x8 
 .text.fsFsCreateDirectory
                0x000000000000ff00        0x8 C:/devkitPro/libnx/lib\libnx.a(fs.o)
                0x000000000000ff00                fsFsCreateDirectory
 *fill*         0x000000000000ff08        0x8 
 .text.fsFsDeleteDirectory
                0x000000000000ff10        0x8 C:/devkitPro/libnx/lib\libnx.a(fs.o)
                0x000000000000ff10                fsFsDeleteDirectory
 *fill*         0x000000000000ff18        0x8 
 .text.fsFsRenameFile
                0x000000000000ff20        0x8 C:/devkitPro/libnx/lib\libnx.a(fs.o)
                0x000000000000ff20                fsFsRenameFile
 *fill*         0x000000000000ff28        0x8 
 .text.fsFsRenameDirectory
                0x000000000000ff30        0x8 C:/devkitPro/libnx/lib\libnx.a(fs.o)
                0x000000000000ff30                fsFsRenameDirectory
 *fill*         0x000000000000ff38        0x8 
 .text.fsFsGetEntryType
                0x000000000000ff40      0x1f0 C:/devkitPro/libnx/lib\libnx.a(fs.o)
                0x000000000000ff40                fsFsGetEntryType
 .text.fsFsOpenFile
                0x0000000000010130        0x8 C:/devkitPro/libnx/lib\libnx.a(fs.o)
                0x0000000000010130                fsFsOpenFile
 *fill*         0x0000000000010138        0x8 
 .text.fsFsOpenDirectory
                0x0000000000010140        0x8 C:/devkitPro/libnx/lib\libnx.a(fs.o)
                0x0000000000010140                fsFsOpenDirectory
 *fill*         0x0000000000010148        0x8 
 .text.fsFsGetFreeSpace
                0x0000000000010150        0x8 C:/devkitPro/libnx/lib\libnx.a(fs.o)
                0x0000000000010150                fsFsGetFreeSpace
 *fill*         0x0000000000010158        0x8 
 .text.fsFsGetTotalSpace
                0x0000000000010160        0x8 C:/devkitPro/libnx/lib\libnx.a(fs.o)
                0x0000000000010160                fsFsGetTotalSpace
 *fill*         0x0000000000010168        0x8 
 .text.fsFsGetFileTimeStampRaw
                0x0000000000010170      0x230 C:/devkitPro/libnx/lib\libnx.a(fs.o)
                0x0000000000010170                fsFsGetFileTimeStampRaw
 .text.fsFsClose
                0x00000000000103a0        0x4 C:/devkitPro/libnx/lib\libnx.a(fs.o)
                0x00000000000103a0                fsFsClose
 *fill*         0x00000000000103a4        0xc 
 .text.fsFileRead
                0x00000000000103b0      0x214 C:/devkitPro/libnx/lib\libnx.a(fs.o)
                0x00000000000103b0                fsFileRead
 *fill*         0x00000000000105c4        0xc 
 .text.fsFileWrite
                0x00000000000105d0      0x1f8 C:/devkitPro/libnx/lib\libnx.a(fs.o)
                0x00000000000105d0                fsFileWrite
 *fill*         0x00000000000107c8        0x8 
 .text.fsFileFlush
                0x00000000000107d0        0x8 C:/devkitPro/libnx/lib\libnx.a(fs.o)
                0x00000000000107d0                fsFileFlush
 *fill*         0x00000000000107d8        0x8 
 .text.fsFileSetSize
                0x00000000000107e0      0x1c0 C:/devkitPro/libnx/lib\libnx.a(fs.o)
                0x00000000000107e0                fsFileSetSize
 .text.fsFileGetSize
                0x00000000000109a0      0x1d4 C:/devkitPro/libnx/lib\libnx.a(fs.o)
                0x00000000000109a0                fsFileGetSize
 *fill*         0x0000000000010b74        0xc 
 .text.fsFileClose
                0x0000000000010b80        0x4 C:/devkitPro/libnx/lib\libnx.a(fs.o)
                0x0000000000010b80                fsFileClose
 *fill*         0x0000000000010b84        0xc 
 .text.fsDirClose
                0x0000000000010b90        0x4 C:/devkitPro/libnx/lib\libnx.a(fs.o)
                0x0000000000010b90                fsDirClose
 *fill*         0x0000000000010b94        0xc 
 .text.fsDirRead
                0x0000000000010ba0      0x204 C:/devkitPro/libnx/lib\libnx.a(fs.o)
                0x0000000000010ba0                fsDirRead
 *fill*         0x0000000000010da4        0xc 
 .text._nvCleanup
                0x0000000000010db0       0xd0 C:/devkitPro/libnx/lib\libnx.a(nv.o)
 .text._nvCmdInitialize.constprop.0
                0x0000000000010e80       0xd4 C:/devkitPro/libnx/lib\libnx.a(nv.o)
 *fill*         0x0000000000010f54        0xc 
 .text.__nx_nv_create_tmem
                0x0000000000010f60       0x18 C:/devkitPro/libnx/lib\libnx.a(nv.o)
                0x0000000000010f60                __nx_nv_create_tmem
 *fill*         0x0000000000010f78        0x8 
 .text.nvInitialize
                0x0000000000010f80      0x3a8 C:/devkitPro/libnx/lib\libnx.a(nv.o)
                0x0000000000010f80                nvInitialize
 *fill*         0x0000000000011328        0x8 
 .text.nvExit   0x0000000000011330       0x48 C:/devkitPro/libnx/lib\libnx.a(nv.o)
                0x0000000000011330                nvExit
 *fill*         0x0000000000011378        0x8 
 .text.nvConvertError
                0x0000000000011380       0xf4 C:/devkitPro/libnx/lib\libnx.a(nv.o)
                0x0000000000011380                nvConvertError
 *fill*         0x0000000000011474        0xc 
 .text.nvOpen   0x0000000000011480      0x114 C:/devkitPro/libnx/lib\libnx.a(nv.o)
                0x0000000000011480                nvOpen
 *fill*         0x0000000000011594        0xc 
 .text.nvIoctl  0x00000000000115a0      0x310 C:/devkitPro/libnx/lib\libnx.a(nv.o)
                0x00000000000115a0                nvIoctl
 .text.nvClose  0x00000000000118b0       0xd4 C:/devkitPro/libnx/lib\libnx.a(nv.o)
                0x00000000000118b0                nvClose
 *fill*         0x0000000000011984        0xc 
 .text.nvQueryEvent
                0x0000000000011990      0x10c C:/devkitPro/libnx/lib\libnx.a(nv.o)
                0x0000000000011990                nvQueryEvent
 *fill*         0x0000000000011a9c        0x4 
 .text._setsysGetFirmwareVersionImpl
                0x0000000000011aa0       0xd0 C:/devkitPro/libnx/lib\libnx.a(set.o)
 .text._setsysCleanup
                0x0000000000011b70       0x78 C:/devkitPro/libnx/lib\libnx.a(set.o)
 *fill*         0x0000000000011be8        0x8 
 .text.setsysInitialize
                0x0000000000011bf0       0xa0 C:/devkitPro/libnx/lib\libnx.a(set.o)
                0x0000000000011bf0                setsysInitialize
 .text.setsysExit
                0x0000000000011c90       0x48 C:/devkitPro/libnx/lib\libnx.a(set.o)
                0x0000000000011c90                setsysExit
 *fill*         0x0000000000011cd8        0x8 
 .text.setsysGetFirmwareVersion
                0x0000000000011ce0       0x48 C:/devkitPro/libnx/lib\libnx.a(set.o)
                0x0000000000011ce0                setsysGetFirmwareVersion
 *fill*         0x0000000000011d28        0x8 
 .text._timeCleanup
                0x0000000000011d30      0x27c C:/devkitPro/libnx/lib\libnx.a(time.o)
 *fill*         0x0000000000011fac        0x4 
 .text._timeCmdGetSession.constprop.0
                0x0000000000011fb0      0x100 C:/devkitPro/libnx/lib\libnx.a(time.o)
 .text._timeReadClockFromSharedMem
                0x00000000000120b0      0x104 C:/devkitPro/libnx/lib\libnx.a(time.o)
 *fill*         0x00000000000121b4        0xc 
 .text.timeInitialize
                0x00000000000121c0      0x300 C:/devkitPro/libnx/lib\libnx.a(time.o)
                0x00000000000121c0                timeInitialize
 .text.timeExit
                0x00000000000124c0       0x48 C:/devkitPro/libnx/lib\libnx.a(time.o)
                0x00000000000124c0                timeExit
 *fill*         0x0000000000012508        0x8 
 .text.timeGetServiceSession_SystemClock
                0x0000000000012510       0x38 C:/devkitPro/libnx/lib\libnx.a(time.o)
                0x0000000000012510                timeGetServiceSession_SystemClock
 *fill*         0x0000000000012548        0x8 
 .text.timeGetCurrentTime
                0x0000000000012550       0xfc C:/devkitPro/libnx/lib\libnx.a(time.o)
                0x0000000000012550                timeGetCurrentTime
 *fill*         0x000000000001264c        0x4 
 .text.timeToCalendarTimeWithMyRule
                0x0000000000012650      0x108 C:/devkitPro/libnx/lib\libnx.a(time.o)
                0x0000000000012650                timeToCalendarTimeWithMyRule
 *fill*         0x0000000000012758        0x8 
 .text.timeToPosixTimeWithMyRule
                0x0000000000012760      0x114 C:/devkitPro/libnx/lib\libnx.a(time.o)
                0x0000000000012760                timeToPosixTimeWithMyRule
 *fill*         0x0000000000012874        0xc 
 .text._viCleanup
                0x0000000000012880      0x230 C:/devkitPro/libnx/lib\libnx.a(vi.o)
 .text._viCmdGetSessionNoParams.constprop.0
                0x0000000000012ab0      0x100 C:/devkitPro/libnx/lib\libnx.a(vi.o)
 .text.viInitialize
                0x0000000000012bb0      0x368 C:/devkitPro/libnx/lib\libnx.a(vi.o)
                0x0000000000012bb0                viInitialize
 *fill*         0x0000000000012f18        0x8 
 .text.viExit   0x0000000000012f20       0x48 C:/devkitPro/libnx/lib\libnx.a(vi.o)
                0x0000000000012f20                viExit
 *fill*         0x0000000000012f68        0x8 
 .text.viGetSession_IHOSBinderDriverRelay
                0x0000000000012f70        0xc C:/devkitPro/libnx/lib\libnx.a(vi.o)
                0x0000000000012f70                viGetSession_IHOSBinderDriverRelay
 *fill*         0x0000000000012f7c        0x4 
 .text.viOpenDisplay
                0x0000000000012f80      0x10c C:/devkitPro/libnx/lib\libnx.a(vi.o)
                0x0000000000012f80                viOpenDisplay
 *fill*         0x000000000001308c        0x4 
 .text.viCloseDisplay
                0x0000000000013090       0xec C:/devkitPro/libnx/lib\libnx.a(vi.o)
                0x0000000000013090                viCloseDisplay
 *fill*         0x000000000001317c        0x4 
 .text.viCloseLayer
                0x0000000000013180       0xf4 C:/devkitPro/libnx/lib\libnx.a(vi.o)
                0x0000000000013180                viCloseLayer
 *fill*         0x0000000000013274        0xc 
 .text.viCreateLayer
                0x0000000000013280      0x394 C:/devkitPro/libnx/lib\libnx.a(vi.o)
                0x0000000000013280                viCreateLayer
 *fill*         0x0000000000013614        0xc 
 .text.viSetLayerScalingMode
                0x0000000000013620       0xd8 C:/devkitPro/libnx/lib\libnx.a(vi.o)
                0x0000000000013620                viSetLayerScalingMode
 *fill*         0x00000000000136f8        0x8 
 .text._nvFenceCleanup
                0x0000000000013700       0x74 C:/devkitPro/libnx/lib\libnx.a(fence.o)
 *fill*         0x0000000000013774        0xc 
 .text.nvFenceInit
                0x0000000000013780       0x98 C:/devkitPro/libnx/lib\libnx.a(fence.o)
                0x0000000000013780                nvFenceInit
 *fill*         0x0000000000013818        0x8 
 .text.nvFenceExit
                0x0000000000013820       0x48 C:/devkitPro/libnx/lib\libnx.a(fence.o)
                0x0000000000013820                nvFenceExit
 *fill*         0x0000000000013868        0x8 
 .text.nvFenceWait
                0x0000000000013870      0x290 C:/devkitPro/libnx/lib\libnx.a(fence.o)
                0x0000000000013870                nvFenceWait
 .text.nvMultiFenceWait
                0x0000000000013b00       0x7c C:/devkitPro/libnx/lib\libnx.a(fence.o)
                0x0000000000013b00                nvMultiFenceWait
 *fill*         0x0000000000013b7c        0x4 
 .text.nvMapInit
                0x0000000000013b80       0xac C:/devkitPro/libnx/lib\libnx.a(map.o)
                0x0000000000013b80                nvMapInit
 *fill*         0x0000000000013c2c        0x4 
 .text.nvMapExit
                0x0000000000013c30       0x74 C:/devkitPro/libnx/lib\libnx.a(map.o)
                0x0000000000013c30                nvMapExit
 *fill*         0x0000000000013ca4        0xc 
 .text.nvMapClose
                0x0000000000013cb0       0x8c C:/devkitPro/libnx/lib\libnx.a(map.o)
                0x0000000000013cb0                nvMapClose
 *fill*         0x0000000000013d3c        0x4 
 .text.nvMapCreate
                0x0000000000013d40      0x160 C:/devkitPro/libnx/lib\libnx.a(map.o)
                0x0000000000013d40                nvMapCreate
 .text.nvioctlNvhostCtrl_EventSignal
                0x0000000000013ea0       0x24 C:/devkitPro/libnx/lib\libnx.a(nvhost-ctrl.o)
                0x0000000000013ea0                nvioctlNvhostCtrl_EventSignal
 *fill*         0x0000000000013ec4        0xc 
 .text.nvioctlNvhostCtrl_EventWait
                0x0000000000013ed0       0x3c C:/devkitPro/libnx/lib\libnx.a(nvhost-ctrl.o)
                0x0000000000013ed0                nvioctlNvhostCtrl_EventWait
 *fill*         0x0000000000013f0c        0x4 
 .text.nvioctlNvhostCtrl_EventWaitAsync
                0x0000000000013f10       0x28 C:/devkitPro/libnx/lib\libnx.a(nvhost-ctrl.o)
                0x0000000000013f10                nvioctlNvhostCtrl_EventWaitAsync
 *fill*         0x0000000000013f38        0x8 
 .text.nvioctlNvhostCtrl_EventRegister
                0x0000000000013f40       0x24 C:/devkitPro/libnx/lib\libnx.a(nvhost-ctrl.o)
                0x0000000000013f40                nvioctlNvhostCtrl_EventRegister
 *fill*         0x0000000000013f64        0xc 
 .text.nvioctlNvhostCtrl_EventUnregister
                0x0000000000013f70       0x24 C:/devkitPro/libnx/lib\libnx.a(nvhost-ctrl.o)
                0x0000000000013f70                nvioctlNvhostCtrl_EventUnregister
 *fill*         0x0000000000013f94        0xc 
 .text.nvioctlNvmap_Create
                0x0000000000013fa0       0x3c C:/devkitPro/libnx/lib\libnx.a(nvmap.o)
                0x0000000000013fa0                nvioctlNvmap_Create
 *fill*         0x0000000000013fdc        0x4 
 .text.nvioctlNvmap_Alloc
                0x0000000000013fe0       0x30 C:/devkitPro/libnx/lib\libnx.a(nvmap.o)
                0x0000000000013fe0                nvioctlNvmap_Alloc
 .text.nvioctlNvmap_Free
                0x0000000000014010       0x30 C:/devkitPro/libnx/lib\libnx.a(nvmap.o)
                0x0000000000014010                nvioctlNvmap_Free
 .text.nvioctlNvmap_GetId
                0x0000000000014040       0x3c C:/devkitPro/libnx/lib\libnx.a(nvmap.o)
                0x0000000000014040                nvioctlNvmap_GetId
 *fill*         0x000000000001407c        0x4 
 .text.binderCreate
                0x0000000000014080       0x1c C:/devkitPro/libnx/lib\libnx.a(binder.o)
                0x0000000000014080                binderCreate
 *fill*         0x000000000001409c        0x4 
 .text.binderTransactParcel
                0x00000000000140a0      0x35c C:/devkitPro/libnx/lib\libnx.a(binder.o)
                0x00000000000140a0                binderTransactParcel
 *fill*         0x00000000000143fc        0x4 
 .text.binderConvertErrorCode
                0x0000000000014400       0xe8 C:/devkitPro/libnx/lib\libnx.a(binder.o)
                0x0000000000014400                binderConvertErrorCode
 *fill*         0x00000000000144e8        0x8 
 .text.binderAdjustRefcount
                0x00000000000144f0      0x124 C:/devkitPro/libnx/lib\libnx.a(binder.o)
                0x00000000000144f0                binderAdjustRefcount
 *fill*         0x0000000000014614        0xc 
 .text.binderInitSession
                0x0000000000014620       0x9c C:/devkitPro/libnx/lib\libnx.a(binder.o)
                0x0000000000014620                binderInitSession
 *fill*         0x00000000000146bc        0x4 
 .text.binderClose
                0x00000000000146c0       0x5c C:/devkitPro/libnx/lib\libnx.a(binder.o)
                0x00000000000146c0                binderClose
 *fill*         0x000000000001471c        0x4 
 .text.binderGetNativeHandle
                0x0000000000014720      0x154 C:/devkitPro/libnx/lib\libnx.a(binder.o)
                0x0000000000014720                binderGetNativeHandle
 *fill*         0x0000000000014874        0xc 
 .text.bqRequestBuffer
                0x0000000000014880       0xc8 C:/devkitPro/libnx/lib\libnx.a(buffer_producer.o)
                0x0000000000014880                bqRequestBuffer
 *fill*         0x0000000000014948        0x8 
 .text.bqDequeueBuffer
                0x0000000000014950      0x128 C:/devkitPro/libnx/lib\libnx.a(buffer_producer.o)
                0x0000000000014950                bqDequeueBuffer
 *fill*         0x0000000000014a78        0x8 
 .text.bqQueueBuffer
                0x0000000000014a80       0xc8 C:/devkitPro/libnx/lib\libnx.a(buffer_producer.o)
                0x0000000000014a80                bqQueueBuffer
 *fill*         0x0000000000014b48        0x8 
 .text.bqCancelBuffer
                0x0000000000014b50       0x84 C:/devkitPro/libnx/lib\libnx.a(buffer_producer.o)
                0x0000000000014b50                bqCancelBuffer
 *fill*         0x0000000000014bd4        0xc 
 .text.bqConnect
                0x0000000000014be0       0xd0 C:/devkitPro/libnx/lib\libnx.a(buffer_producer.o)
                0x0000000000014be0                bqConnect
 .text.bqDisconnect
                0x0000000000014cb0       0x88 C:/devkitPro/libnx/lib\libnx.a(buffer_producer.o)
                0x0000000000014cb0                bqDisconnect
 *fill*         0x0000000000014d38        0x8 
 .text.bqSetPreallocatedBuffer
                0x0000000000014d40      0x194 C:/devkitPro/libnx/lib\libnx.a(buffer_producer.o)
                0x0000000000014d40                bqSetPreallocatedBuffer
 *fill*         0x0000000000014ed4        0xc 
 .text.parcelCreate
                0x0000000000014ee0       0x30 C:/devkitPro/libnx/lib\libnx.a(parcel.o)
                0x0000000000014ee0                parcelCreate
 .text.parcelTransact
                0x0000000000014f10      0x174 C:/devkitPro/libnx/lib\libnx.a(parcel.o)
                0x0000000000014f10                parcelTransact
 *fill*         0x0000000000015084        0xc 
 .text.parcelWriteData
                0x0000000000015090       0x80 C:/devkitPro/libnx/lib\libnx.a(parcel.o)
                0x0000000000015090                parcelWriteData
 .text.parcelReadData
                0x0000000000015110       0x88 C:/devkitPro/libnx/lib\libnx.a(parcel.o)
                0x0000000000015110                parcelReadData
 *fill*         0x0000000000015198        0x8 
 .text.parcelWriteInt32
                0x00000000000151a0       0x20 C:/devkitPro/libnx/lib\libnx.a(parcel.o)
                0x00000000000151a0                parcelWriteInt32
 .text.parcelWriteUInt32
                0x00000000000151c0       0x20 C:/devkitPro/libnx/lib\libnx.a(parcel.o)
                0x00000000000151c0                parcelWriteUInt32
 .text.parcelWriteString16
                0x00000000000151e0       0x7c C:/devkitPro/libnx/lib\libnx.a(parcel.o)
                0x00000000000151e0                parcelWriteString16
 *fill*         0x000000000001525c        0x4 
 .text.parcelWriteInterfaceToken
                0x0000000000015260       0x30 C:/devkitPro/libnx/lib\libnx.a(parcel.o)
                0x0000000000015260                parcelWriteInterfaceToken
 .text.parcelReadInt32
                0x0000000000015290       0x24 C:/devkitPro/libnx/lib\libnx.a(parcel.o)
                0x0000000000015290                parcelReadInt32
 *fill*         0x00000000000152b4        0xc 
 .text.parcelReadFlattenedObject
                0x00000000000152c0       0x68 C:/devkitPro/libnx/lib\libnx.a(parcel.o)
                0x00000000000152c0                parcelReadFlattenedObject
 *fill*         0x0000000000015328        0x8 
 .text.parcelWriteFlattenedObject
                0x0000000000015330       0x44 C:/devkitPro/libnx/lib\libnx.a(parcel.o)
                0x0000000000015330                parcelWriteFlattenedObject
 *fill*         0x0000000000015374        0xc 
 .text.encode_utf16
                0x0000000000015380       0x58 C:/devkitPro/libnx/lib\libnx.a(encode_utf16.o)
                0x0000000000015380                encode_utf16
 *fill*         0x00000000000153d8        0x8 
 .text.sessionmgrCreate
                0x00000000000153e0      0x184 C:/devkitPro/libnx/lib\libnx.a(sessionmgr.o)
                0x00000000000153e0                sessionmgrCreate
 *fill*         0x0000000000015564        0xc 
 .text.sessionmgrClose
                0x0000000000015570       0x84 C:/devkitPro/libnx/lib\libnx.a(sessionmgr.o)
                0x0000000000015570                sessionmgrClose
 *fill*         0x00000000000155f4        0xc 
 .text.sessionmgrAttachClient
                0x0000000000015600       0xa8 C:/devkitPro/libnx/lib\libnx.a(sessionmgr.o)
                0x0000000000015600                sessionmgrAttachClient
 *fill*         0x00000000000156a8        0x8 
 .text.sessionmgrDetachClient
                0x00000000000156b0       0x60 C:/devkitPro/libnx/lib\libnx.a(sessionmgr.o)
                0x00000000000156b0                sessionmgrDetachClient
 *fill*         0x0000000000015710       0x10 
 .text.strncat  0x0000000000015720       0xc4 C:/devkitPro/devkitA64/bin/../lib/gcc/aarch64-none-elf/16.1.0/../../../../aarch64-none-elf/lib/pic\libg.a(libc_a-strncat.o)
                0x0000000000015720                strncat
 *fill*         0x00000000000157e4       0x1c 
 .text          0x0000000000015800       0xb8 C:/devkitPro/devkitA64/bin/../lib/gcc/aarch64-none-elf/16.1.0/../../../../aarch64-none-elf/lib/pic\libg.a(libc_a-strnlen.o)
                0x0000000000015800                strnlen
 *fill*         0x00000000000158b8        0x8 
 .text.bsearch  0x00000000000158c0       0xb4 C:/devkitPro/devkitA64/bin/../lib/gcc/aarch64-none-elf/16.1.0/../../../../aarch64-none-elf/lib/pic\libg.a(libc_a-bsearch.o)
                0x00000000000158c0                bsearch
 *fill*         0x0000000000015974        0xc 
 .text          0x0000000000015980      0x22c C:/devkitPro/devkitA64/bin/../lib/gcc/aarch64-none-elf/16.1.0/../../../../aarch64-none-elf/lib/pic\libg.a(libc_a-memcpy.o)
                0x0000000000015980                memcpy
                0x0000000000015980                memmove
 *fill*         0x0000000000015bac       0x14 
 .text.gmtime   0x0000000000015bc0       0x28 C:/devkitPro/devkitA64/bin/../lib/gcc/aarch64-none-elf/16.1.0/../../../../aarch64-none-elf/lib/pic\libg.a(libc_a-gmtime.o)
                0x0000000000015bc0                gmtime
 *fill*         0x0000000000015be8       0x18 
 .text          0x0000000000015c00      0x104 C:/devkitPro/devkitA64/bin/../lib/gcc/aarch64-none-elf/16.1.0/../../../../aarch64-none-elf/lib/pic\libg.a(libc_a-memset.o)
                0x0000000000015c00                memset
 *fill*         0x0000000000015d04       0x1c 
 .text.snprintf
                0x0000000000015d20       0xf8 C:/devkitPro/devkitA64/bin/../lib/gcc/aarch64-none-elf/16.1.0/../../../../aarch64-none-elf/lib/pic\libg.a(libc_a-snprintf.o)
                0x0000000000015d20                snprintf
 *fill*         0x0000000000015e18        0x8 
 .text.printf   0x0000000000015e20       0x80 C:/devkitPro/devkitA64/bin/../lib/gcc/aarch64-none-elf/16.1.0/../../../../aarch64-none-elf/lib/pic\libg.a(libc_a-printf.o)
                0x0000000000015e20                printf
 .text._strtoul_l.isra.0
                0x0000000000015ea0      0x1a4 C:/devkitPro/devkitA64/bin/../lib/gcc/aarch64-none-elf/16.1.0/../../../../aarch64-none-elf/lib/pic\libg.a(libc_a-strtoul.o)
 *fill*         0x0000000000016044       0x1c 
 .text.strtoul  0x0000000000016060       0x40 C:/devkitPro/devkitA64/bin/../lib/gcc/aarch64-none-elf/16.1.0/../../../../aarch64-none-elf/lib/pic\libg.a(libc_a-strtoul.o)
                0x0000000000016060                strtoul
 .text.aligned_alloc
                0x00000000000160a0       0x2c C:/devkitPro/devkitA64/bin/../lib/gcc/aarch64-none-elf/16.1.0/../../../../aarch64-none-elf/lib/pic\libg.a(libc_a-aligned_alloc.o)
                0x00000000000160a0                aligned_alloc
 *fill*         0x00000000000160cc       0x14 
 .text._memalign_r
                0x00000000000160e0      0x18c C:/devkitPro/devkitA64/bin/../lib/gcc/aarch64-none-elf/16.1.0/../../../../aarch64-none-elf/lib/pic\libg.a(libc_a-malignr.o)
                0x00000000000160e0                _memalign_r
 *fill*         0x000000000001626c       0x14 
 .text.__errno  0x0000000000016280       0x14 C:/devkitPro/devkitA64/bin/../lib/gcc/aarch64-none-elf/16.1.0/../../../../aarch64-none-elf/lib/pic\libg.a(libc_a-errno.o)
                0x0000000000016280                __errno
 *fill*         0x0000000000016294       0x2c 
 .text          0x00000000000162c0      0x130 C:/devkitPro/devkitA64/bin/../lib/gcc/aarch64-none-elf/16.1.0/../../../../aarch64-none-elf/lib/pic\libg.a(libc_a-strlen.o)
                0x00000000000162c0                strlen
 *fill*         0x00000000000163f0       0x10 
 .text          0x0000000000016400      0x1b4 C:/devkitPro/devkitA64/bin/../lib/gcc/aarch64-none-elf/16.1.0/../../../../aarch64-none-elf/lib/pic\libg.a(libc_a-strncmp.o)
                0x0000000000016400                strncmp
 *fill*         0x00000000000165b4        0xc 
 .text._malloc_r
                0x00000000000165c0      0x840 C:/devkitPro/devkitA64/bin/../lib/gcc/aarch64-none-elf/16.1.0/../../../../aarch64-none-elf/lib/pic\libg.a(libc_a-mallocr.o)
                0x00000000000165c0                _malloc_r
 .text._malloc_trim_r
                0x0000000000016e00      0x11c C:/devkitPro/devkitA64/bin/../lib/gcc/aarch64-none-elf/16.1.0/../../../../aarch64-none-elf/lib/pic\libg.a(libc_a-freer.o)
                0x0000000000016e00                _malloc_trim_r
 *fill*         0x0000000000016f1c        0x4 
 .text._free_r  0x0000000000016f20      0x2d8 C:/devkitPro/devkitA64/bin/../lib/gcc/aarch64-none-elf/16.1.0/../../../../aarch64-none-elf/lib/pic\libg.a(libc_a-freer.o)
                0x0000000000016f20                _free_r
 *fill*         0x00000000000171f8        0x8 
 .text.setvbuf  0x0000000000017200      0x278 C:/devkitPro/devkitA64/bin/../lib/gcc/aarch64-none-elf/16.1.0/../../../../aarch64-none-elf/lib/pic\libg.a(libc_a-setvbuf.o)
                0x0000000000017200                setvbuf
 *fill*         0x0000000000017478        0x8 
 .text.stdio_exit_handler
                0x0000000000017480       0x1c C:/devkitPro/devkitA64/bin/../lib/gcc/aarch64-none-elf/16.1.0/../../../../aarch64-none-elf/lib/pic\libg.a(libc_a-findfp.o)
 *fill*         0x000000000001749c        0x4 
 .text.cleanup_stdio
                0x00000000000174a0       0x6c C:/devkitPro/devkitA64/bin/../lib/gcc/aarch64-none-elf/16.1.0/../../../../aarch64-none-elf/lib/pic\libg.a(libc_a-findfp.o)
 *fill*         0x000000000001750c       0x14 
 .text.global_stdio_init.part.0
                0x0000000000017520      0x128 C:/devkitPro/devkitA64/bin/../lib/gcc/aarch64-none-elf/16.1.0/../../../../aarch64-none-elf/lib/pic\libg.a(libc_a-findfp.o)
 *fill*         0x0000000000017648       0x18 
 .text.__sfp_lock_acquire
                0x0000000000017660        0xc C:/devkitPro/devkitA64/bin/../lib/gcc/aarch64-none-elf/16.1.0/../../../../aarch64-none-elf/lib/pic\libg.a(libc_a-findfp.o)
                0x0000000000017660                __sfp_lock_acquire
 *fill*         0x000000000001766c       0x14 
 .text.__sfp_lock_release
                0x0000000000017680        0xc C:/devkitPro/devkitA64/bin/../lib/gcc/aarch64-none-elf/16.1.0/../../../../aarch64-none-elf/lib/pic\libg.a(libc_a-findfp.o)
                0x0000000000017680                __sfp_lock_release
 *fill*         0x000000000001768c       0x14 
 .text.__sinit  0x00000000000176a0       0x54 C:/devkitPro/devkitA64/bin/../lib/gcc/aarch64-none-elf/16.1.0/../../../../aarch64-none-elf/lib/pic\libg.a(libc_a-findfp.o)
                0x00000000000176a0                __sinit
 *fill*         0x00000000000176f4        0xc 
 .text.__libc_init_array
                0x0000000000017700       0xa4 C:/devkitPro/devkitA64/bin/../lib/gcc/aarch64-none-elf/16.1.0/../../../../aarch64-none-elf/lib/pic\libg.a(libc_a-init.o)
                0x0000000000017700                __libc_init_array
 *fill*         0x00000000000177a4       0x1c 
 .text.strncpy  0x00000000000177c0       0xac C:/devkitPro/devkitA64/bin/../lib/gcc/aarch64-none-elf/16.1.0/../../../../aarch64-none-elf/lib/pic\libg.a(libc_a-strncpy.o)
                0x00000000000177c0                strncpy
 *fill*         0x000000000001786c       0x14 
 .text.malloc   0x0000000000017880       0x38 C:/devkitPro/devkitA64/bin/../lib/gcc/aarch64-none-elf/16.1.0/../../../../aarch64-none-elf/lib/pic\libg.a(libc_a-malloc.o)
                0x0000000000017880                malloc
 *fill*         0x00000000000178b8        0x8 
 .text.free     0x00000000000178c0       0x1c C:/devkitPro/devkitA64/bin/../lib/gcc/aarch64-none-elf/16.1.0/../../../../aarch64-none-elf/lib/pic\libg.a(libc_a-malloc.o)
                0x00000000000178c0                free
 *fill*         0x00000000000178dc        0x4 
 .text._puts_r  0x00000000000178e0       0xd4 C:/devkitPro/devkitA64/bin/../lib/gcc/aarch64-none-elf/16.1.0/../../../../aarch64-none-elf/lib/pic\libg.a(libc_a-puts.o)
                0x00000000000178e0                _puts_r
 *fill*         0x00000000000179b4        0xc 
 .text.puts     0x00000000000179c0       0x1c C:/devkitPro/devkitA64/bin/../lib/gcc/aarch64-none-elf/16.1.0/../../../../aarch64-none-elf/lib/pic\libg.a(libc_a-puts.o)
                0x00000000000179c0                puts
 *fill*         0x00000000000179dc        0x4 
 .text.__sread  0x00000000000179e0       0x4c C:/devkitPro/devkitA64/bin/../lib/gcc/aarch64-none-elf/16.1.0/../../../../aarch64-none-elf/lib/pic\libg.a(libc_a-stdio.o)
                0x00000000000179e0                __sread
 *fill*         0x0000000000017a2c       0x14 
 .text.__swrite
                0x0000000000017a40       0x70 C:/devkitPro/devkitA64/bin/../lib/gcc/aarch64-none-elf/16.1.0/../../../../aarch64-none-elf/lib/pic\libg.a(libc_a-stdio.o)
                0x0000000000017a40                __swrite
 *fill*         0x0000000000017ab0       0x10 
 .text.__sseek  0x0000000000017ac0       0x50 C:/devkitPro/devkitA64/bin/../lib/gcc/aarch64-none-elf/16.1.0/../../../../aarch64-none-elf/lib/pic\libg.a(libc_a-stdio.o)
                0x0000000000017ac0                __sseek
 *fill*         0x0000000000017b10       0x10 
 .text.__sclose
                0x0000000000017b20        0x8 C:/devkitPro/devkitA64/bin/../lib/gcc/aarch64-none-elf/16.1.0/../../../../aarch64-none-elf/lib/pic\libg.a(libc_a-stdio.o)
                0x0000000000017b20                __sclose
 *fill*         0x0000000000017b28       0x18 
 .text.__malloc_lock
                0x0000000000017b40        0xc C:/devkitPro/devkitA64/bin/../lib/gcc/aarch64-none-elf/16.1.0/../../../../aarch64-none-elf/lib/pic\libg.a(libc_a-mlock.o)
                0x0000000000017b40                __malloc_lock
 *fill*         0x0000000000017b4c       0x14 
 .text.__malloc_unlock
                0x0000000000017b60        0xc C:/devkitPro/devkitA64/bin/../lib/gcc/aarch64-none-elf/16.1.0/../../../../aarch64-none-elf/lib/pic\libg.a(libc_a-mlock.o)
                0x0000000000017b60                __malloc_unlock
 *fill*         0x0000000000017b6c       0x14 
 .text._fclose_r
                0x0000000000017b80      0x130 C:/devkitPro/devkitA64/bin/../lib/gcc/aarch64-none-elf/16.1.0/../../../../aarch64-none-elf/lib/pic\libg.a(libc_a-fclose.o)
                0x0000000000017b80                _fclose_r
 *fill*         0x0000000000017cb0       0x10 
 .text.setenv   0x0000000000017cc0       0x34 C:/devkitPro/devkitA64/bin/../lib/gcc/aarch64-none-elf/16.1.0/../../../../aarch64-none-elf/lib/pic\libg.a(libc_a-setenv.o)
                0x0000000000017cc0                setenv
 *fill*         0x0000000000017cf4        0xc 
 .text.__call_exitprocs
                0x0000000000017d00        0x4 C:/devkitPro/devkitA64/bin/../lib/gcc/aarch64-none-elf/16.1.0/../../../../aarch64-none-elf/lib/pic\libg.a(libc_a-exit.o)
                0x0000000000017d00                __call_exitprocs
 .text.get_arg  0x0000000000017d04      0x790 C:/devkitPro/devkitA64/bin/../lib/gcc/aarch64-none-elf/16.1.0/../../../../aarch64-none-elf/lib/pic\libg.a(libc_a-svfprintf.o)
 .text._svfprintf_r
                0x0000000000018494     0x3a84 C:/devkitPro/devkitA64/bin/../lib/gcc/aarch64-none-elf/16.1.0/../../../../aarch64-none-elf/lib/pic\libg.a(libc_a-svfprintf.o)
                0x0000000000018494                _svfprintf_r
 *fill*         0x000000000001bf18       0x28 
 .text          0x000000000001bf40      0x134 C:/devkitPro/devkitA64/bin/../lib/gcc/aarch64-none-elf/16.1.0/../../../../aarch64-none-elf/lib/pic\libg.a(libc_a-strcmp.o)
                0x000000000001bf40                strcmp
 *fill*         0x000000000001c074        0xc 
 .text.__libc_fini_array
                0x000000000001c080       0x44 C:/devkitPro/devkitA64/bin/../lib/gcc/aarch64-none-elf/16.1.0/../../../../aarch64-none-elf/lib/pic\libg.a(libc_a-fini.o)
                0x000000000001c080                __libc_fini_array
 *fill*         0x000000000001c0c4       0x1c 
 .text.gmtime_r
                0x000000000001c0e0      0x2a0 C:/devkitPro/devkitA64/bin/../lib/gcc/aarch64-none-elf/16.1.0/../../../../aarch64-none-elf/lib/pic\libg.a(libc_a-gmtime_r.o)
                0x000000000001c0e0                gmtime_r
 .text          0x000000000001c380       0xdc C:/devkitPro/devkitA64/bin/../lib/gcc/aarch64-none-elf/16.1.0/../../../../aarch64-none-elf/lib/pic\libg.a(libc_a-memchr.o)
                0x000000000001c380                memchr
 *fill*         0x000000000001c45c        0x4 
 .text.frexp    0x000000000001c460       0x7c C:/devkitPro/devkitA64/bin/../lib/gcc/aarch64-none-elf/16.1.0/../../../../aarch64-none-elf/lib/pic\libg.a(libm_a-s_frexp.o)
                0x000000000001c460                frexp
 *fill*         0x000000000001c4dc        0x4 
 .text._setenv_r
                0x000000000001c4e0      0x258 C:/devkitPro/devkitA64/bin/../lib/gcc/aarch64-none-elf/16.1.0/../../../../aarch64-none-elf/lib/pic\libg.a(libc_a-setenv_r.o)
                0x000000000001c4e0                _setenv_r
 *fill*         0x000000000001c738        0x8 
 .text._fwalk_sglue
                0x000000000001c740       0x98 C:/devkitPro/devkitA64/bin/../lib/gcc/aarch64-none-elf/16.1.0/../../../../aarch64-none-elf/lib/pic\libg.a(libc_a-fwalk.o)
                0x000000000001c740                _fwalk_sglue
 .text.get_arg  0x000000000001c7d8      0x790 C:/devkitPro/devkitA64/bin/../lib/gcc/aarch64-none-elf/16.1.0/../../../../aarch64-none-elf/lib/pic\libg.a(libc_a-vfprintf.o)
 .text._vfprintf_r
                0x000000000001cf68     0x3bd4 C:/devkitPro/devkitA64/bin/../lib/gcc/aarch64-none-elf/16.1.0/../../../../aarch64-none-elf/lib/pic\libg.a(libc_a-vfprintf.o)
                0x000000000001cf68                _vfprintf_r
 .text.__sbprintf
                0x0000000000020b3c       0xcc C:/devkitPro/devkitA64/bin/../lib/gcc/aarch64-none-elf/16.1.0/../../../../aarch64-none-elf/lib/pic\libg.a(libc_a-vfprintf.o)
 *fill*         0x0000000000020c08       0x18 
 .text._wcrtomb_r
                0x0000000000020c20       0xd0 C:/devkitPro/devkitA64/bin/../lib/gcc/aarch64-none-elf/16.1.0/../../../../aarch64-none-elf/lib/pic\libg.a(libc_a-wcrtomb.o)
                0x0000000000020c20                _wcrtomb_r
 *fill*         0x0000000000020cf0       0x10 
 .text.__ssprint_r
                0x0000000000020d00       0xc8 C:/devkitPro/devkitA64/bin/../lib/gcc/aarch64-none-elf/16.1.0/../../../../aarch64-none-elf/lib/pic\libg.a(libc_a-ssprint_r.o)
                0x0000000000020d00                __ssprint_r
 *fill*         0x0000000000020dc8       0x18 
 .text.__sfvwrite_r
                0x0000000000020de0      0x4a4 C:/devkitPro/devkitA64/bin/../lib/gcc/aarch64-none-elf/16.1.0/../../../../aarch64-none-elf/lib/pic\libg.a(libc_a-fvwrite.o)
                0x0000000000020de0                __sfvwrite_r
 *fill*         0x0000000000021284       0x1c 
 .text.__swhatbuf_r
                0x00000000000212a0       0xb0 C:/devkitPro/devkitA64/bin/../lib/gcc/aarch64-none-elf/16.1.0/../../../../aarch64-none-elf/lib/pic\libg.a(libc_a-makebuf.o)
                0x00000000000212a0                __swhatbuf_r
 *fill*         0x0000000000021350       0x10 
 .text.__smakebuf_r
                0x0000000000021360       0xe8 C:/devkitPro/devkitA64/bin/../lib/gcc/aarch64-none-elf/16.1.0/../../../../aarch64-none-elf/lib/pic\libg.a(libc_a-makebuf.o)
                0x0000000000021360                __smakebuf_r
 *fill*         0x0000000000021448       0x18 
 .text.__locale_mb_cur_max
                0x0000000000021460       0x2c C:/devkitPro/devkitA64/bin/../lib/gcc/aarch64-none-elf/16.1.0/../../../../aarch64-none-elf/lib/pic\libg.a(libc_a-locale.o)
                0x0000000000021460                __locale_mb_cur_max
 *fill*         0x000000000002148c       0x14 
 .text.__sflush_r
                0x00000000000214a0      0x1ec C:/devkitPro/devkitA64/bin/../lib/gcc/aarch64-none-elf/16.1.0/../../../../aarch64-none-elf/lib/pic\libg.a(libc_a-fflush.o)
                0x00000000000214a0                __sflush_r
 *fill*         0x000000000002168c       0x14 
 .text._fflush_r
                0x00000000000216a0       0xbc C:/devkitPro/devkitA64/bin/../lib/gcc/aarch64-none-elf/16.1.0/../../../../aarch64-none-elf/lib/pic\libg.a(libc_a-fflush.o)
                0x00000000000216a0                _fflush_r
 *fill*         0x000000000002175c        0x4 
 .text.__sprint_r
                0x0000000000021760       0x38 C:/devkitPro/devkitA64/bin/../lib/gcc/aarch64-none-elf/16.1.0/../../../../aarch64-none-elf/lib/pic\libg.a(libc_a-sprint_r.o)
                0x0000000000021760                __sprint_r
 *fill*         0x0000000000021798        0x8 
 .text.quorem   0x00000000000217a0      0x1a4 C:/devkitPro/devkitA64/bin/../lib/gcc/aarch64-none-elf/16.1.0/../../../../aarch64-none-elf/lib/pic\libg.a(libc_a-dtoa.o)
 *fill*         0x0000000000021944       0x1c 