0000000000000000 a __start__
0000000000000000 T _start
0000000000000000 b _TLS_MODULE_BASE_
0000000000000000 0000000000000004 b fsdev_last_result
0000000000000008 0000000000000401 B __nx_dev_path_buf
00000000000000e0 T __nx_exit
00000000000000f0 T __nx_mod0
0000000000000140 0000000000000034 T exit
0000000000000180 0000000000000214 T main
00000000000003a0 t __do_global_dtors_aux
0000000000000400 t frame_dummy
000000000000040c 0000000000000004 b g_fsPriority
0000000000000430 0000000000000018 t _appletInfiniteSleepLoop
0000000000000450 0000000000000108 t _appletCmdGetSession
0000000000000560 00000000000000cc t _appletCmdInU8NoOut
0000000000000630 00000000000000cc t _appletCmdInU32NoOut
0000000000000700 000000000000012c t _appletGetSessionProxy.constprop.0
0000000000000830 0000000000000148 t _appletOpenLibraryAppletProxy.constprop.0
0000000000000980 00000000000000f8 t _appletCmdGetEvent
0000000000000a80 00000000000000d4 t _appletCmdNoInOutU8.isra.0
0000000000000b60 00000000000000d4 t _appletCmdNoInOutU32.isra.0
0000000000000c40 00000000000000d4 t _appletCmdNoInOutU64.isra.0
0000000000000d20 00000000000000c0 t _appletCmdNoIO.isra.0
0000000000000de0 0000000000000010 T appletGetAppletType
0000000000000df0 00000000000001b8 T appletSetFocusHandlingMode
0000000000000fb0 000000000000005c T appletSetCpuBoostMode
0000000000001010 000000000000002c T appletCreateManagedDisplayLayer
0000000000001040 000000000000000c T appletGetAppletResourceUserId
0000000000001050 0000000000000138 t _appletHolderCreateState
0000000000001190 00000000000000b0 T appletHolderClose
0000000000001240 0000000000000024 T appletHolderGetLibraryAppletInfo
0000000000001270 0000000000000090 T appletNotifyRunning
0000000000001300 0000000000000078 T appletSetGamePlayRecordingState
0000000000001380 0000000000000ad4 t _appletCleanup
0000000000001e60 0000000000000048 T appletExit
0000000000001eb0 0000000000000040 T appletGetLibraryAppletInfo
0000000000001ef0 0000000000000c14 T appletInitialize
0000000000002b10 0000000000000024 t _appletExitProcess
0000000000002b40 0000000000000074 T appletGetMessage
0000000000002bc0 0000000000000264 T appletProcessMessage
0000000000002e30 0000000000000034 T appletMainLoop
0000000000002e70 000000000000012c t _hidCleanup
0000000000002fa0 00000000000000d4 t _hidCmdInAruidNoOut
0000000000003080 00000000000000e0 t _hidCmdInU32AruidNoOut
0000000000003160 0000000000000194 t _hidGetStates
0000000000003300 000000000000026c T hidInitialize
0000000000003570 0000000000000048 T hidExit
00000000000035c0 000000000000000c T hidGetSharedmemAddr
00000000000035d0 0000000000000090 T hidGetNpadStyleSet
0000000000003660 0000000000000088 T hidGetTouchScreenStates
00000000000036f0 0000000000000084 T hidInitializeNpad
0000000000003780 00000000000000a4 T hidGetNpadStatesFullKey
0000000000003830 00000000000000a4 T hidGetNpadStatesHandheld
00000000000038e0 00000000000000a4 T hidGetNpadStatesJoyDual
0000000000003990 00000000000000a4 T hidGetNpadStatesJoyLeft
0000000000003a40 00000000000000a4 T hidGetNpadStatesJoyRight
0000000000003af0 0000000000000144 T hidGetNpadStatesGc
0000000000003c40 00000000000000a8 T hidGetNpadStatesSystemExt
0000000000003cf0 0000000000000008 T hidSetSupportedNpadStyleSet
0000000000003d00 0000000000000100 T hidSetSupportedNpadIdType
0000000000003e00 00000000000000cc t _smCmifCmdInPid
0000000000003ed0 0000000000000078 t _smCleanup
0000000000003f50 0000000000000048 T smAddOverrideHandle
0000000000003fa0 0000000000000054 T smGetServiceOverride
0000000000004000 00000000000001ac T smInitialize
00000000000041b0 0000000000000048 T smExit
0000000000004200 00000000000000d0 T smGetServiceOriginal
00000000000042d0 0000000000000120 T smGetServiceWrapper
00000000000043f0 0000000000000004 W __libnx_alloc
0000000000004400 0000000000000014 W __libnx_aligned_alloc
0000000000004420 0000000000000004 W __libnx_free
0000000000004430 000000000000001c W diagAbortWithResult
0000000000004450 0000000000000208 T envSetup
0000000000004660 0000000000000020 T envGetMainThreadHandle
0000000000004680 000000000000000c T envIsNso
0000000000004690 0000000000000014 T envHasHeapOverride
00000000000046b0 000000000000000c T envGetHeapOverrideAddr
00000000000046c0 000000000000000c T envGetHeapOverrideSize
00000000000046d0 0000000000000014 T envHasArgv
00000000000046f0 000000000000000c T envGetArgv
0000000000004700 000000000000000c T envGetExitFuncPtr
0000000000004710 000000000000000c T envSetExitFuncPtr
0000000000004720 000000000000000c T envHasRandomSeed
0000000000004730 0000000000000010 T envGetRandomSeed
0000000000004740 0000000000000014 T hosversionGet
0000000000004760 0000000000000010 T hosversionSet
0000000000004770 000000000000009c T padConfigureInput
0000000000004810 0000000000000024 T padInitializeWithMask
0000000000004840 000000000000029c T padUpdate
0000000000004ae0 0000000000000050 t consoleDrawChar
0000000000004b30 00000000000000b8 t consoleNewRow
0000000000004bf0 0000000000000194 t consolePrintChar.part.0
0000000000004d90 0000000000000df8 t con_write
0000000000005b90 0000000000000160 T consoleInit
0000000000005cf0 0000000000000044 T consoleExit
0000000000005d40 000000000000002c T consoleUpdate
0000000000005d70 00000000000001bc t ConsoleSwRenderer_drawChar
0000000000005f30 00000000000000e8 t ConsoleSwRenderer_init
0000000000006020 0000000000000078 t ConsoleSwRenderer_flushAndSwap
00000000000060a0 00000000000000dc t ConsoleSwRenderer_scrollWindow
0000000000006180 0000000000000050 t ConsoleSwRenderer_deinit
00000000000061d0 000000000000000c W getDefaultConsoleRenderer
00000000000061e0 0000000000000198 t _usbCommsWrite
0000000000006380 00000000000000b0 T usbCommsExit
0000000000006430 0000000000000700 T usbCommsInitializeEx
0000000000006b30 0000000000000014 T usbCommsInitialize
0000000000006b50 0000000000000144 T usbCommsWriteEx
0000000000006ca0 0000000000000008 T usbCommsWrite
0000000000006ca8 T svcSetHeapSize
0000000000006cbc T svcSetMemoryPermission
0000000000006cc4 T svcSetMemoryAttribute
0000000000006ccc T svcUnmapMemory
0000000000006cd4 T svcQueryMemory
0000000000006ce8 T svcExitProcess
0000000000006cf0 T svcSleepThread
0000000000006cf8 T svcClearEvent
0000000000006d00 T svcMapSharedMemory
0000000000006d08 T svcUnmapSharedMemory
0000000000006d10 T svcCreateTransferMemory
0000000000006d24 T svcCloseHandle
0000000000006d2c T svcResetSignal
0000000000006d34 T svcWaitSynchronization
0000000000006d48 T svcArbitrateLock
0000000000006d50 T svcArbitrateUnlock
0000000000006d58 T svcWaitProcessWideKeyAtomic
0000000000006d60 T svcSignalProcessWideKey
0000000000006d68 T svcConnectToNamedPort
0000000000006d7c T svcSendSyncRequest
0000000000006d84 T svcBreak
0000000000006d8c T svcReturnFromException
0000000000006d94 T svcGetInfo
0000000000006da8 T svcUnmapTransferMemory
0000000000006db0 000000000000000c T eventLoadRemote
0000000000006dc0 0000000000000034 T eventWait
0000000000006e00 0000000000000024 T eventClear
0000000000006e30 0000000000000054 T eventClose
0000000000006e90 00000000000000c8 T mutexLock
0000000000006f60 0000000000000068 T mutexUnlock
0000000000006fd0 000000000000001c T mutexIsLockedByCurrentThread
0000000000006ff0 0000000000000050 T rmutexLock
0000000000007040 0000000000000018 T rmutexUnlock
0000000000007060 0000000000000098 T rwlockReadLock
0000000000007100 00000000000000bc T rwlockReadUnlock
00000000000071c0 000000000000009c T rwlockWriteLock
0000000000007260 0000000000000078 T rwlockWriteUnlock
00000000000072e0 0000000000000014 T shmemLoadRemote
0000000000007300 0000000000000070 T shmemMap
0000000000007370 0000000000000034 T shmemUnmap
00000000000073b0 000000000000004c T shmemClose
0000000000007400 00000000000000a8 T tmemCreate
00000000000074b0 0000000000000034 T tmemUnmap
00000000000074f0 0000000000000030 T tmemCloseHandle
0000000000007520 000000000000009c T tmemWaitForPermission
00000000000075c0 0000000000000050 T tmemClose
0000000000007610 0000000000000064 t _memregionInitWithInfo
0000000000007680 0000000000000004 W __libnx_virtmem_rng
0000000000007690 0000000000000164 t _memregionFindRandom
0000000000007800 0000000000000140 T virtmemSetup
0000000000007940 000000000000000c T virtmemLock
0000000000007950 000000000000000c T virtmemUnlock
0000000000007960 0000000000000050 T virtmemFindAslr
00000000000079b0 000000000000057c T waitObjects
0000000000007f30 00000000000000d4 t _apmCleanup
0000000000008010 0000000000000194 T apmInitialize
00000000000081b0 0000000000000048 T apmExit
0000000000008200 00000000000000c8 T apmSetPerformanceConfiguration
00000000000082d0 00000000000001f4 t _usbDsRegisterInterface
00000000000084d0 0000000000000178 t _usbDsAddUsbStringDescriptorRaw
0000000000008650 0000000000000110 t _usbDsPostBuffer
0000000000008760 00000000000000f4 t _usbDsCmdSendBufNoOut.constprop.0
0000000000008860 00000000000000e4 t _usbDsCmdNoInOutU32.constprop.0
0000000000008950 0000000000000290 t _usbDsBindDevice.constprop.0
0000000000008be0 00000000000000f4 t _usbDsGetEvent.constprop.0
0000000000008ce0 00000000000000f4 t _usbDsGetReport.isra.0
0000000000008de0 00000000000000c0 t _usbDsCmdNoIO.isra.0
0000000000008ea0 000000000000006c t _usbDsAllocateEndpoint.isra.0
0000000000008f10 0000000000000034 T usbDsGetState
0000000000008f50 000000000000013c T usbDsWaitReady
0000000000009090 00000000000000a0 T usbDsParseReportData
0000000000009130 0000000000000050 T usbDsClearDeviceData
0000000000009180 0000000000000070 T usbDsAddUsbStringDescriptor
00000000000091f0 0000000000000078 T usbDsAddUsbLanguageStringDescriptor
0000000000009270 000000000000016c T usbDsSetUsbDeviceDescriptor
00000000000093e0 000000000000005c T usbDsSetBinaryObjectStore
0000000000009440 0000000000000050 T usbDsEnable
0000000000009490 0000000000000050 T usbDsDisable
00000000000094e0 000000000000005c T usbDsInterface_EnableInterface
0000000000009540 000000000000005c T usbDsInterface_DisableInterface
00000000000095a0 0000000000000234 T usbDsInterface_AppendConfigurationData
00000000000097e0 000000000000001c T usbDsEndpoint_PostBufferAsync
0000000000009800 0000000000000020 T usbDsEndpoint_Cancel
0000000000009820 00000000000000a8 t _usbDsFreeEndpoint.part.0
00000000000098d0 0000000000000104 t _usbDsFreeInterface.part.0
00000000000099e0 0000000000000190 t _usbDsCleanup
0000000000009b70 0000000000000048 T usbDsExit
0000000000009bc0 0000000000000454 T usbDsInitialize
000000000000a020 00000000000003b4 T usbDsGetDsInterface
000000000000a3e0 0000000000000228 T usbDsRegisterInterface
000000000000a610 0000000000000204 T usbDsInterface_GetDsEndpoint
000000000000a820 00000000000001e4 T usbDsInterface_RegisterEndpoint
000000000000aa10 0000000000000024 T usbDsEndpoint_GetReportData
000000000000aa40 000000000000000c T nwindowGetDefault
000000000000aa50 00000000000000a4 T __nx_win_init
000000000000ab00 0000000000000034 T __nx_win_exit
000000000000ab40 000000000000008c T framebufferMakeLinear
000000000000abd0 0000000000000084 T framebufferClose
000000000000ac60 0000000000000290 T framebufferCreate
000000000000aef0 000000000000007c T framebufferBegin
000000000000af70 0000000000000198 T framebufferEnd
000000000000b110 0000000000000024 T nwindowIsValid
000000000000b140 000000000000007c T nwindowClose
000000000000b1c0 00000000000000f8 T nwindowCreate
000000000000b2c0 0000000000000038 T nwindowCreateFromLayer
000000000000b300 0000000000000084 T nwindowSetDimensions
000000000000b390 0000000000000180 T nwindowConfigureBuffer
000000000000b510 00000000000001cc T nwindowDequeueBuffer
000000000000b6e0 000000000000012c T nwindowQueueBuffer
000000000000b810 00000000000000bc T nwindowReleaseBuffers
000000000000b8d0 0000000000000314 W argvSetup
000000000000bbf0 00000000000001fc T __nx_dynamic
000000000000bdf0 00000000000000d0 W __libnx_initheap
000000000000bec0 00000000000000ec W __appInit
000000000000bfb0 0000000000000044 W __appExit
000000000000c000 000000000000002c W __libnx_init
000000000000c030 000000000000001c W __libnx_exit
000000000000c050 000000000000001c T __syscall_exit
000000000000c070 0000000000000034 T __syscall_getreent
000000000000c0b0 0000000000000004 T __syscall_lock_acquire
000000000000c0c0 0000000000000004 T __syscall_lock_release
000000000000c0d0 0000000000000004 T __syscall_lock_acquire_recursive
000000000000c0e0 0000000000000004 T __syscall_lock_release_recursive
000000000000c0f0 000000000000025c T __libnx_init_time
000000000000c350 0000000000000098 T newlibSetup
000000000000c3f0 00000000000000e8 T nxlinkSetup
000000000000c4e0 0000000000000010 t fsdev_link
000000000000c4f0 0000000000000010 t fsdev_dirreset
000000000000c500 0000000000000010 t fsdev_chmod
000000000000c510 0000000000000018 t error_cmp
000000000000c530 0000000000000020 t fsdev_dirclose
000000000000c550 000000000000001c t fsdev_close
000000000000c570 0000000000000074 t fsdev_converttimetoutc
000000000000c5f0 00000000000000f8 t fsdevFindDevice.part.0
000000000000c6f0 00000000000001cc t fsdev_fixpath
000000000000c8c0 000000000000009c t _fsdevUnmountDeviceStruct.part.0
000000000000c960 0000000000000010 t fsdev_fchmod
000000000000c970 0000000000000100 t fsdev_diropen
000000000000ca70 00000000000000f8 t fsdev_statvfs
000000000000cb70 000000000000007c t fsdev_fsync
000000000000cbf0 00000000000000ec t fsdev_fstat
000000000000cce0 0000000000000094 t fsdev_ftruncate
000000000000cd80 00000000000001d8 t fsdev_stat
000000000000cf60 000000000000014c t fsdev_rename
000000000000d0b0 000000000000013c t fsdev_chdir
000000000000d1f0 00000000000000a4 t fsdev_rmdir
000000000000d2a0 00000000000000a4 t fsdev_mkdir
000000000000d350 00000000000000a4 t fsdev_unlink
000000000000d400 000000000000013c t fsdev_write_safe
000000000000d540 0000000000000134 t fsdev_read_safe
000000000000d680 0000000000000100 t fsdev_read
000000000000d780 00000000000001d4 t fsdev_dirnext
000000000000d960 0000000000000124 t fsdev_write
000000000000da90 0000000000000110 t fsdev_seek
000000000000dba0 0000000000000230 t fsdev_open
000000000000ddd0 0000000000000324 T fsdevMountDevice
000000000000e100 0000000000000040 T fsdevMountSdmc
000000000000e140 00000000000000bc T __libnx_init_cwd
000000000000e200 0000000000000064 T fsdevUnmountAll
000000000000e270 0000000000000128 T decode_utf8
000000000000e3a0 0000000000000104 T utf8_to_utf16
000000000000e4a4 T armDCacheFlush
000000000000e4d4 t armDCacheFlush_L0
000000000000e4f0 W __libnx_exception_entry
000000000000e57c t __libnx_exception_entry_start
000000000000e6a4 t __libnx_exception_entry_abort
000000000000e6a8 t __libnx_exception_entry_end
000000000000e6b0 T __libnx_exception_returnentry
000000000000e6c8 T __aarch64_read_tp
000000000000e6e0 0000000000000070 T condvarWaitTimeout
000000000000e750 0000000000000410 T randomGet
000000000000eb60 0000000000000020 T randomGet64
000000000000eb80 00000000000000b0 T __libnx_init_thread
000000000000ec30 00000000000000b4 t _fsCleanup
000000000000ecf0 00000000000001c0 t _fsCmdNoIO
000000000000eeb0 00000000000001e0 t _fsFsCmdWithInPath
000000000000f090 00000000000001f8 t _fsFsCmdWithTwoInPaths
000000000000f290 000000000000028c t _fsFsOpenCommon
000000000000f520 00000000000001fc t _fsFsCmdWithInPathAndOutU64
000000000000f720 00000000000000f8 t _fsObjectClose
000000000000f820 000000000000017c t _fsCmdGetSession.constprop.0
000000000000f9a0 00000000000002f8 T fsInitialize
000000000000fca0 0000000000000048 T fsExit
000000000000fcf0 0000000000000008 T fsOpenSdCardFileSystem
000000000000fd00 00000000000001ec T fsFsCreateFile
000000000000fef0 0000000000000008 T fsFsDeleteFile
000000000000ff00 0000000000000008 T fsFsCreateDirectory
000000000000ff10 0000000000000008 T fsFsDeleteDirectory
000000000000ff20 0000000000000008 T fsFsRenameFile
000000000000ff30 0000000000000008 T fsFsRenameDirectory
000000000000ff40 00000000000001f0 T fsFsGetEntryType
0000000000010130 0000000000000008 T fsFsOpenFile
0000000000010140 0000000000000008 T fsFsOpenDirectory
0000000000010150 0000000000000008 T fsFsGetFreeSpace
0000000000010160 0000000000000008 T fsFsGetTotalSpace
0000000000010170 0000000000000230 T fsFsGetFileTimeStampRaw
00000000000103a0 0000000000000004 T fsFsClose
00000000000103b0 0000000000000214 T fsFileRead
00000000000105d0 00000000000001f8 T fsFileWrite
00000000000107d0 0000000000000008 T fsFileFlush
00000000000107e0 00000000000001c0 T fsFileSetSize
00000000000107e0 00000000000001c0 t fsFileSetSize.localalias
00000000000109a0 00000000000001d4 T fsFileGetSize
00000000000109a0 00000000000001d4 t fsFileGetSize.localalias
0000000000010b80 0000000000000004 T fsFileClose
0000000000010b90 0000000000000004 T fsDirClose
0000000000010ba0 0000000000000204 T fsDirRead
0000000000010db0 00000000000000d0 t _nvCleanup
0000000000010e80 00000000000000d4 t _nvCmdInitialize.constprop.0
0000000000010f60 0000000000000018 W __nx_nv_create_tmem
0000000000010f80 00000000000003a8 T nvInitialize
0000000000011330 0000000000000048 T nvExit
0000000000011380 00000000000000f4 T nvConvertError
0000000000011480 0000000000000114 T nvOpen
00000000000115a0 0000000000000310 T nvIoctl
00000000000118b0 00000000000000d4 T nvClose
0000000000011990 000000000000010c T nvQueryEvent
0000000000011aa0 00000000000000d0 t _setsysGetFirmwareVersionImpl
0000000000011b70 0000000000000078 t _setsysCleanup
0000000000011bf0 00000000000000a0 T setsysInitialize
0000000000011c90 0000000000000048 T setsysExit
0000000000011ce0 0000000000000048 T setsysGetFirmwareVersion
0000000000011d30 000000000000027c t _timeCleanup
0000000000011fb0 0000000000000100 t _timeCmdGetSession.constprop.0
00000000000120b0 0000000000000104 t _timeReadClockFromSharedMem
00000000000121c0 0000000000000300 T timeInitialize
00000000000124c0 0000000000000048 T timeExit
0000000000012510 0000000000000038 T timeGetServiceSession_SystemClock
0000000000012550 00000000000000fc T timeGetCurrentTime
0000000000012650 0000000000000108 T timeToCalendarTimeWithMyRule
0000000000012760 0000000000000114 T timeToPosixTimeWithMyRule
0000000000012880 0000000000000230 t _viCleanup
0000000000012ab0 0000000000000100 t _viCmdGetSessionNoParams.constprop.0
0000000000012bb0 0000000000000368 T viInitialize
0000000000012f20 0000000000000048 T viExit
0000000000012f70 000000000000000c T viGetSession_IHOSBinderDriverRelay
0000000000012f80 000000000000010c T viOpenDisplay
0000000000013090 00000000000000ec T viCloseDisplay
0000000000013180 00000000000000f4 T viCloseLayer
0000000000013280 0000000000000394 T viCreateLayer
0000000000013620 00000000000000d8 T viSetLayerScalingMode
0000000000013700 0000000000000074 t _nvFenceCleanup
0000000000013780 0000000000000098 T nvFenceInit
0000000000013820 0000000000000048 T nvFenceExit
0000000000013870 0000000000000290 T nvFenceWait
0000000000013b00 000000000000007c T nvMultiFenceWait
0000000000013b80 00000000000000ac T nvMapInit
0000000000013c30 0000000000000074 T nvMapExit
0000000000013cb0 000000000000008c T nvMapClose
0000000000013d40 0000000000000160 T nvMapCreate
0000000000013ea0 0000000000000024 T nvioctlNvhostCtrl_EventSignal
0000000000013ed0 000000000000003c T nvioctlNvhostCtrl_EventWait
0000000000013f10 0000000000000028 T nvioctlNvhostCtrl_EventWaitAsync
0000000000013f40 0000000000000024 T nvioctlNvhostCtrl_EventRegister
0000000000013f70 0000000000000024 T nvioctlNvhostCtrl_EventUnregister
0000000000013fa0 000000000000003c T nvioctlNvmap_Create
0000000000013fe0 0000000000000030 T nvioctlNvmap_Alloc
0000000000014010 0000000000000030 T nvioctlNvmap_Free
0000000000014040 000000000000003c T nvioctlNvmap_GetId
0000000000014080 000000000000001c T binderCreate
00000000000140a0 000000000000035c T binderTransactParcel
0000000000014400 00000000000000e8 T binderConvertErrorCode
00000000000144f0 0000000000000124 T binderAdjustRefcount
0000000000014620 000000000000009c T binderInitSession
00000000000146c0 000000000000005c T binderClose
0000000000014720 0000000000000154 T binderGetNativeHandle
0000000000014880 00000000000000c8 T bqRequestBuffer
0000000000014950 0000000000000128 T bqDequeueBuffer
0000000000014a80 00000000000000c8 T bqQueueBuffer
0000000000014b50 0000000000000084 T bqCancelBuffer
0000000000014be0 00000000000000d0 T bqConnect
0000000000014cb0 0000000000000088 T bqDisconnect
0000000000014d40 0000000000000194 T bqSetPreallocatedBuffer
0000000000014ee0 0000000000000030 T parcelCreate
0000000000014f10 0000000000000174 T parcelTransact
0000000000015090 0000000000000080 T parcelWriteData
0000000000015110 0000000000000088 T parcelReadData
00000000000151a0 0000000000000020 T parcelWriteInt32
00000000000151c0 0000000000000020 T parcelWriteUInt32
00000000000151e0 000000000000007c T parcelWriteString16
0000000000015260 0000000000000030 T parcelWriteInterfaceToken
0000000000015290 0000000000000024 T parcelReadInt32
00000000000152c0 0000000000000068 T parcelReadFlattenedObject
0000000000015330 0000000000000044 T parcelWriteFlattenedObject
0000000000015380 0000000000000058 T encode_utf16
00000000000153e0 0000000000000184 T sessionmgrCreate
0000000000015570 0000000000000084 T sessionmgrClose
0000000000015600 00000000000000a8 T sessionmgrAttachClient
00000000000156b0 0000000000000060 T sessionmgrDetachClient
0000000000015720 00000000000000c4 T strncat
0000000000015800 00000000000000b8 T strnlen
00000000000158c0 00000000000000b4 T bsearch
0000000000015980 000000000000022c T memcpy
0000000000015980 T memmove
0000000000015bc0 0000000000000028 T gmtime
0000000000015c00 0000000000000104 T memset
0000000000015d20 00000000000000f8 T snprintf
0000000000015e20 0000000000000080 T printf
0000000000015ea0 00000000000001a4 t _strtoul_l.isra.0
0000000000016060 0000000000000040 T strtoul
00000000000160a0 000000000000002c T aligned_alloc
00000000000160e0 000000000000018c T _memalign_r
0000000000016280 0000000000000014 T __errno
00000000000162c0 0000000000000130 T strlen
0000000000016400 00000000000001b4 T strncmp
00000000000165c0 0000000000000840 T _malloc_r
0000000000016e00 000000000000011c T _malloc_trim_r
0000000000016f20 00000000000002d8 T _free_r
0000000000017200 0000000000000278 T setvbuf
0000000000017480 000000000000001c t stdio_exit_handler
00000000000174a0 000000000000006c t cleanup_stdio
0000000000017520 0000000000000128 t global_stdio_init.part.0
0000000000017660 000000000000000c T __sfp_lock_acquire
0000000000017680 000000000000000c T __sfp_lock_release
00000000000176a0 0000000000000054 T __sinit
0000000000017700 00000000000000a4 T __libc_init_array
00000000000177c0 00000000000000ac T strncpy
0000000000017880 0000000000000038 T malloc
00000000000178c0 000000000000001c T free
00000000000178e0 00000000000000d4 T _puts_r
00000000000179c0 000000000000001c T puts
00000000000179e0 000000000000004c T __sread
0000000000017a40 0000000000000070 T __swrite
0000000000017ac0 0000000000000050 T __sseek
0000000000017b20 0000000000000008 T __sclose
0000000000017b40 000000000000000c T __malloc_lock
0000000000017b60 000000000000000c T __malloc_unlock
0000000000017b80 0000000000000130 T _fclose_r
0000000000017cc0 0000000000000034 T setenv
0000000000017d00 0000000000000004 W __call_exitprocs
0000000000017d04 0000000000000790 t get_arg
0000000000018494 0000000000003a84 T _svfprintf_r
000000000001bf40 0000000000000134 T strcmp
000000000001c080 0000000000000044 T __libc_fini_array
000000000001c0e0 00000000000002a0 T gmtime_r
000000000001c380 00000000000000dc T memchr
000000000001c460 000000000000007c T frexp
000000000001c4e0 0000000000000258 T _setenv_r
000000000001c740 0000000000000098 T _fwalk_sglue
000000000001c7d8 0000000000000790 t get_arg
000000000001cf68 0000000000003bd4 T _vfprintf_r
0000000000020b3c 00000000000000cc t __sbprintf
0000000000020c20 00000000000000d0 T _wcrtomb_r
0000000000020d00 00000000000000c8 T __ssprint_r
0000000000020de0 00000000000004a4 T __sfvwrite_r
00000000000212a0 00000000000000b0 T __swhatbuf_r
0000000000021360 00000000000000e8 T __smakebuf_r
0000000000021460 000000000000002c T __locale_mb_cur_max
00000000000214a0 00000000000001ec T __sflush_r
00000000000216a0 00000000000000bc T _fflush_r
0000000000021760 0000000000000038 T __sprint_r
00000000000217a0 00000000000001a4 t quorem
0000000000021960 00000000000012f0 T _dtoa_r
0000000000022c60 0000000000000010 T _wcsrtombs_r
0000000000022c80 000000000000012c T __swsetup_r
0000000000022dc0 00000000000000f4 T _findenv_r
0000000000022ec0 0000000000000008 T __localeconv_l
0000000000022ee0 0000000000000028 T _localeconv_r
0000000000022f20 0000000000000568 T _realloc_r
00000000000234a0 0000000000000188 T __ssputs_r
0000000000023640 00000000000000e0 T __utf8_wctomb
0000000000023720 0000000000000188 T _wcsnrtombs_l
00000000000238c0 0000000000000054 T _wcsnrtombs_r
0000000000023940 00000000000000cc T strchr
0000000000023a20 000000000000000c T __env_lock
0000000000023a40 000000000000000c T __env_unlock
0000000000023a60 0000000000000064 T __assert_func
0000000000023ae0 00000000000000a4 T _Balloc
0000000000023ba0 0000000000000020 T _Bfree
0000000000023bc0 0000000000000118 T __multadd
0000000000023ce0 0000000000000094 T __hi0bits
0000000000023d80 0000000000000100 T __lo0bits
0000000000023e80 000000000000004c T __i2b
0000000000023ee0 0000000000000210 T __multiply
0000000000024100 0000000000000104 T __pow5mult
0000000000024220 0000000000000174 T __lshift
00000000000243a0 0000000000000050 T __mcmp
0000000000024400 00000000000001c4 T __mdiff
00000000000245e0 000000000000014c T __d2b
0000000000024740 00000000000002dc T __utf8_mbtowc
0000000000024a20 0000000000000080 T fiprintf
0000000000024aa0 0000000000000018 T abort
0000000000024ac0 00000000000000bc T _calloc_r
0000000000024b7c 0000000000000790 t get_arg
000000000002530c 0000000000002964 T _vfiprintf_r
0000000000027c70 00000000000000cc t __sbprintf
0000000000027d40 000000000000009c T _raise_r
0000000000027de0 000000000000001c T raise
0000000000027e00 0000000000000020 T _exit
0000000000027e20 000000000000016c T chdir
0000000000027fa0 0000000000000218 T _concatenate_path
00000000000281c0 000000000000009c T _fstat_r
0000000000028260 0000000000000010 T _getpid_r
0000000000028280 0000000000000020 T __getreent
00000000000282a0 0000000000000060 T __get_handle
0000000000028300 00000000000000f4 T _close_r
0000000000028400 0000000000000008 t null_write
0000000000028420 0000000000000018 T setDefaultDevice
0000000000028440 00000000000000b8 T FindDevice
0000000000028500 000000000000002c T RemoveDevice
0000000000028540 00000000000000a4 T AddDevice
0000000000028600 0000000000000034 T GetDeviceOpTab
0000000000028640 0000000000000008 T _isatty_r
0000000000028660 0000000000000010 T _kill_r
0000000000028680 00000000000000a0 T _lseek_r
0000000000028720 00000000000000b0 T _read_r
00000000000287e0 0000000000000078 W _sbrk_r
0000000000028860 0000000000000014 T __libc_lock_acquire
0000000000028880 0000000000000014 T __libc_lock_release
00000000000288a0 0000000000000014 T __libc_lock_acquire_recursive
00000000000288c0 0000000000000014 T __libc_lock_release_recursive
00000000000288e0 00000000000000b0 T _write_r
00000000000289a0 0000000000000394 t __trunctfdf2
0000000000028d40 0000000000000070 t __sfp_handle_exceptions
0000000000028dc0 0000000000000104 T strrchr
0000000000028ec8 T _init
0000000000028f00 T _fini
0000000000029460 0000000000000014 r CSWTCH.1000
00000000000295f0 0000000000000018 r grayScale
0000000000029608 0000000000000006 r colorCube
0000000000029610 0000000000000030 r colorTable
0000000000029640 0000000000000002 r supported_langs.0
0000000000029668 R default_font_bin
000000000002b668 R default_font_bin_end
000000000002b670 0000000000000038 r g_nvColorFmtTable
000000000002b6a8 0000000000000024 r s_emptyFence.0
000000000002b6d0 0000000000000020 r error_table
000000000002b780 0000000000000023 r g_bq_InterfaceDescriptor
000000000002b8e0 0000000000000010 r zeroes.0
000000000002b8f0 0000000000000010 r blanks.1
000000000002b900 0000000000000101 R _ctype_
000000000002bb00 0000000000000010 r zeroes.0
000000000002bb10 0000000000000010 r blanks.1
000000000002bb20 000000000000006c R __action_table
000000000002bb90 000000000000006c R __state_table
000000000002bc00 0000000000000100 R __chclass
000000000002bd18 000000000000000c r p05.0
000000000002bd28 0000000000000028 R __mprec_bigtens
000000000002bd50 00000000000000c8 R __mprec_tens
000000000002bf10 0000000000000010 r zeroes.0
000000000002bf20 0000000000000010 r blanks.1
000000000002bf30 r __tls_align
000000000002bf38 r __EH_FRAME_BEGIN__
000000000002bf38 r __eh_frame_hdr_end
000000000002bf38 r __eh_frame_hdr_start
000000000003154c r __FRAME_END__
0000000000032000 d __frame_dummy_init_array_entry
0000000000032000 d __init_array_start
0000000000032000 d __preinit_array_end
0000000000032000 d __preinit_array_start
0000000000032000 d __relro_start
0000000000032008 d __do_global_dtors_aux_fini_array_entry
0000000000032008 d __fini_array_start
0000000000032008 d __init_array_end
0000000000032010 d __fini_array_end
0000000000032010 0000000000000100 d dotab_stdout
0000000000032110 0000000000000100 d fsdev_devoptab
0000000000032210 0000000000000100 D dotab_stdnull
0000000000032310 a _DYNAMIC
0000000000032460 d __got_start__
0000000000032460 a _GLOBAL_OFFSET_TABLE_
00000000000326d8 d __got_end__
0000000000033000 d __data_start
0000000000033000 0000000000000008 V __nx_applet_init_timeout
0000000000033008 0000000000000001 V __nx_applet_auto_notifyrunning
000000000003300c 0000000000000004 V __nx_applet_type
0000000000033010 0000000000000008 d currentConsole
0000000000033018 0000000000000050 d defaultConsole
0000000000033068 0000000000000088 d s_consoleSwRenderer
00000000000330f0 0000000000000008 V __nx_exception_stack_size
00000000000330f8 0000000000000001 V __nx_fsdev_support_cwd
00000000000330fc 0000000000000004 V __nx_fsdev_direntry_cache_size
0000000000033100 0000000000000004 V __nx_fs_num_sessions
0000000000033104 0000000000000004 V __nx_nv_transfermem_size
0000000000033108 0000000000000004 V __nx_nv_service_type
000000000003310c 0000000000000004 d g_viServiceType
0000000000033110 0000000000000004 V __nx_vi_stray_layer_flags
0000000000033114 0000000000000004 d g_ctrl_fd
0000000000033118 0000000000000004 d g_nvmap_fd
0000000000033120 0000000000000008 D _impure_ptr
0000000000033128 0000000000000240 D _impure_data
0000000000033368 0000000000000008 D __malloc_sbrk_base
0000000000033370 0000000000000008 D __malloc_trim_threshold
0000000000033378 0000000000000810 D __malloc_av_
0000000000033b88 0000000000000018 D __sglue
0000000000033ba0 0000000000000008 D environ
0000000000033ba8 0000000000000290 D __global_locale
0000000000033e40 0000000000000400 d _current_working_directory
0000000000034240 0000000000002000 d handles
0000000000036240 0000000000000010 d __stderr_handle
0000000000036250 0000000000000010 d __stdout_handle
0000000000036260 0000000000000010 d __stdin_handle
0000000000036270 0000000000000118 D devoptab_list
0000000000036388 0000000000000004 d defaultDevice
0000000000036390 b __bss_start__
0000000000036390 d __tdata_lma
0000000000036390 d __tdata_lma_end
0000000000036390 b completed.1
0000000000036398 b object.0
00000000000363c8 0000000000000008 b g_appletGuard
00000000000363d0 0000000000000001 b g_appletInfoInitialized
00000000000363d8 0000000000000050 b g_appletInfo
0000000000036428 0000000000000004 b g_appletCpuBoostMode
0000000000036430 000000000000000c b g_appletLibraryAppletLaunchableEvent
000000000003643c 0000000000000001 b g_appletSuspendedTickInitialized
0000000000036440 0000000000000008 b g_appletSuspendedTick
0000000000036448 0000000000000008 b g_appletInitTickBase
0000000000036450 000000000000000c b g_appletSuspendedTickEvent
000000000003645c 0000000000000001 b g_appletCopyrightInitialized
0000000000036460 0000000000000028 b g_appletCopyrightTmem
0000000000036488 0000000000000004 b g_appletRecordingInitialized
0000000000036490 0000000000000028 b g_appletRecordingTmem
00000000000364b8 0000000000000018 b g_appletFirstHook
00000000000364d0 0000000000000001 b g_appletNotifiedRunning
00000000000364d1 0000000000000001 b g_appletFocusState
00000000000364d4 0000000000000004 b g_appletPerformanceMode
00000000000364d8 0000000000000001 b g_appletOperationMode
00000000000364e0 0000000000000008 b g_appletResourceUserId
00000000000364e8 000000000000000c b g_appletMessageEvent
00000000000364f8 0000000000000010 b g_appletIDebugFunctions
0000000000036508 0000000000000010 b g_appletIDisplayController
0000000000036518 0000000000000010 b g_appletIAudioController
0000000000036528 0000000000000010 b g_appletIWindowController
0000000000036538 0000000000000010 b g_appletISelfController
0000000000036548 0000000000000010 b g_appletICommonStateGetter
0000000000036558 0000000000000010 b g_appletILibraryAppletCreator
0000000000036568 0000000000000010 b g_appletIProcessWindingController
0000000000036578 0000000000000010 b g_appletILibraryAppletSelfAccessor
0000000000036588 0000000000000010 b g_appletIApplicationCreator
0000000000036598 0000000000000010 b g_appletIGlobalStateController
00000000000365a8 0000000000000010 b g_appletIFunctions
00000000000365b8 0000000000000010 b g_appletIAppletCommonFunctions
00000000000365c8 0000000000000004 b g_appletExitProcessResult
00000000000365cc 0000000000000001 b g_appletExitProcessFlag
00000000000365cd 0000000000000001 b g_appletLeftInitialized
00000000000365d0 0000000000000010 b g_appletProxySession
00000000000365e0 0000000000000010 b g_appletSrv
00000000000365f0 0000000000000004 V __nx_applet_exit_mode
00000000000365f8 0000000000000008 V __nx_applet_PerformanceConfiguration
0000000000036600 0000000000000080 V __nx_applet_AppletAttribute
0000000000036680 0000000000000008 b g_hidGuard
0000000000036688 0000000000000008 b g_sevenSixAxisSensorBuffer
0000000000036690 0000000000000020 b g_hidSharedmem
00000000000366b0 0000000000000010 b g_hidIActiveVibrationDeviceList
00000000000366c0 0000000000000010 b g_hidIAppletResource
00000000000366d0 0000000000000010 b g_hidSrv
00000000000366e0 0000000000000008 b g_smGuard
00000000000366e8 0000000000000008 b g_smOverridesNum
00000000000366f0 0000000000000180 b g_smOverrides
0000000000036870 0000000000000010 b g_smSrv
0000000000036880 0000000000000008 b g_userIdStorage
0000000000036890 0000000000000010 b g_randomSeed
00000000000368a0 0000000000000001 b g_hasRandomSeed
00000000000368a4 0000000000000004 b g_lastLoadResult
00000000000368a8 0000000000000008 b g_nextLoadArgv
00000000000368b0 0000000000000008 b g_nextLoadPath
00000000000368b8 0000000000000004 b g_processHandle
00000000000368c0 0000000000000018 b g_syscallHints
00000000000368d8 0000000000000008 b g_overrideArgv
00000000000368e0 0000000000000008 b g_overrideHeapSize
00000000000368e8 0000000000000008 b g_overrideHeapAddr
00000000000368f0 0000000000000008 b g_loaderRetAddr
00000000000368f8 0000000000000004 b g_mainThreadHandle
0000000000036900 0000000000000008 b g_loaderInfoSize
0000000000036908 0000000000000008 b g_loaderInfo
0000000000036910 0000000000000001 b g_isNso
0000000000036914 0000000000000004 b g_hosVersion
0000000000036918 0000000000000001 b didFirstConsoleInit.0
0000000000036920 0000000000000068 b escapeSeq
0000000000036988 0000000000000050 b currentCopy
00000000000369d8 0000000000000020 b g_usbCommsLock
00000000000369f8 0000000000000001 b g_usbCommsErrorHandling
0000000000036a00 0000000000000240 b g_usbCommsInterfaces
0000000000036c40 0000000000000001 b g_usbCommsInitialized
0000000000036c48 B __stack_top
0000000000036c50 0000000000000001 b g_IsLegacyKernel
0000000000036c58 0000000000000008 b g_Reservations
0000000000036c60 0000000000000010 b g_StackRegion
0000000000036c70 0000000000000010 b g_AslrRegion
0000000000036c80 0000000000000010 b g_HeapRegion
0000000000036c90 0000000000000010 b g_AliasRegion
0000000000036ca0 0000000000000004 b g_VirtmemMutex
0000000000036ca8 0000000000000008 b g_apmGuard
0000000000036cb0 0000000000000010 b g_apmISession
0000000000036cc0 0000000000000010 b g_apmSrv
0000000000036cd0 0000000000000008 b g_usbDsGuard
0000000000036cd8 0000000000001000 b g_usbDsEndpointTable
0000000000037cd8 00000000000000e0 b g_usbDsInterfaceTable
0000000000037db8 000000000000000c b g_usbDsStateChangeEvent
0000000000037dc8 0000000000000010 b g_usbDsSrv
0000000000037dd8 0000000000000010 b g_usbDsRootSrv
0000000000037de8 0000000000000080 b g_defaultWin
0000000000037e68 0000000000000010 b g_viLayer
0000000000037e78 0000000000000050 b g_viDisplay
0000000000037ec8 0000000000000008 b g_argv_empty
0000000000037ed0 0000000000000008 B __system_argv
0000000000037ed8 0000000000000004 B __system_argc
0000000000037ee0 0000000000000340 B __nx_exceptiondump
0000000000038220 0000000000000004 V __nx_exception_ignoredebug
0000000000038230 0000000000000400 V __nx_exception_stack
0000000000038630 0000000000000008 V __nx_heap_size
0000000000038638 0000000000000008 b __bootticks
0000000000038640 0000000000000008 b __boottime
0000000000038648 0000000000000004 V __nx_time_type
0000000000038650 0000000000000004 B __nxlink_host
0000000000038660 0000000000002800 b fsdev_fsdevices
000000000003ae60 0000000000000004 b fsdev_fsdevice_cwd
000000000003ae64 0000000000000001 b fsdev_initialised
000000000003ae68 0000000000000004 b g_randMutex
000000000003ae6c 0000000000000001 b g_randInit
000000000003ae70 0000000000000040 b g_chacha
000000000003aeb0 0000000000000038 b g_mainThread
000000000003aee8 0000000000000008 b g_threadList
000000000003aef0 0000000000000004 b g_threadMutex
000000000003aef8 0000000000000008 b g_fsGuard
000000000003af00 0000000000000054 b g_fsSessionMgr
000000000003af58 0000000000000010 b g_fsSrv
000000000003af68 0000000000000008 b g_nvGuard
000000000003af70 0000000000000028 b g_nvTransfermem
000000000003af98 0000000000000010 b g_nvSrvClone
000000000003afa8 0000000000000010 b g_nvSrv
000000000003afb8 0000000000000008 b g_setsysGuard
000000000003afc0 0000000000000010 b g_setsysSrv
000000000003afd0 0000000000000008 b g_timeGuard
000000000003afd8 0000000000000020 b g_timeSharedmem
000000000003aff8 0000000000000010 b g_timeLocalSystemClock
000000000003b008 0000000000000010 b g_timeTimeZoneService
000000000003b018 0000000000000010 b g_timeSteadyClock
000000000003b028 0000000000000010 b g_timeNetworkSystemClock
000000000003b038 0000000000000010 b g_timeUserSystemClock
000000000003b048 0000000000000010 b g_timeSrv
000000000003b058 0000000000000004 V __nx_time_service_type
000000000003b060 0000000000000008 b g_viGuard
000000000003b068 0000000000000010 b g_viIHOSBinderDriverIndirect
000000000003b078 0000000000000010 b g_viIManagerDisplayService
000000000003b088 0000000000000010 b g_viISystemDisplayService
000000000003b098 0000000000000010 b g_viIHOSBinderDriverRelay
000000000003b0a8 0000000000000010 b g_viIApplicationDisplayService
000000000003b0b8 0000000000000010 b g_viRootService
000000000003b0c8 0000000000000008 V __nx_vi_layer_id
000000000003b0d0 0000000000000008 b g_nvFenceGuard
000000000003b0d8 0000000000000300 b g_NvEvents
000000000003b3d8 0000000000000008 b g_NvEventUsedMask
000000000003b3e0 0000000000000008 b g_nvMapGuard
000000000003b3e8 0000000000000050 B __malloc_current_mallinfo
000000000003b438 0000000000000008 B __malloc_max_total_mem
000000000003b440 0000000000000008 B __malloc_max_sbrked_mem
000000000003b448 0000000000000008 B __malloc_top_pad
000000000003b450 0000000000000008 b __sfp_recursive_mutex
000000000003b458 0000000000000228 B __sf
000000000003b680 0000000000000008 B __stdio_exit_handler
000000000003b688 0000000000000008 b __malloc_recursive_mutex
000000000003b690 0000000000000004 b alloced.0
000000000003b698 0000000000000008 b initial_env
000000000003b6a0 0000000000000008 b __env_recursive_mutex
000000000003b6b0 0000000000000400 b temp_cwd
000000000003bab0 0000000000000004 b __hndl_lock
000000000003bab8 0000000000000008 B fake_heap_start
000000000003bac0 0000000000000008 B fake_heap_end
000000000003bac8 0000000000000008 b heap_start.0
000000000003bad0 b __tls_start
000000000003bee0 b __bss_end__
000000000003bee0 b __end__
000000000003bee0 b __tls_end
000000000003c000 b __argdata__
