Archive member included to satisfy reference by file (symbol)

C:/devkitPro/libnx/lib\libnx.a(switch_crt0.o)
                              (_start)
C:/devkitPro/libnx/lib\libnx.a(argv.o)
                              C:/devkitPro/libnx/lib\libnx.a(switch_crt0.o) (__system_argc)
C:/devkitPro/libnx/lib\libnx.a(dynamic.o)
                              C:/devkitPro/libnx/lib\libnx.a(switch_crt0.o) (__nx_dynamic)
C:/devkitPro/libnx/lib\libnx.a(env.o)
                              C:/devkitPro/libnx/lib\libnx.a(argv.o) (envIsNso)
C:/devkitPro/libnx/lib\libnx.a(hosversion.o)
                              C:/devkitPro/libnx/lib\libnx.a(env.o) (hosversionSet)
C:/devkitPro/libnx/lib\libnx.a(init.o)
                              C:/devkitPro/libnx/lib\libnx.a(switch_crt0.o) (__libnx_init)
C:/devkitPro/libnx/lib\libnx.a(newlib.o)
                              C:/devkitPro/libnx/lib\libnx.a(init.o) (__libnx_init_time)
C:/devkitPro/libnx/lib\libnx.a(nxlink.o)
                              C:/devkitPro/libnx/lib\libnx.a(argv.o) (nxlinkSetup)
C:/devkitPro/libnx/lib\libnx.a(fs_dev.o)
                              C:/devkitPro/libnx/lib\libnx.a(init.o) (fsdevMountSdmc)
C:/devkitPro/libnx/lib\libnx.a(path_buf.o)
                              C:/devkitPro/libnx/lib\libnx.a(fs_dev.o) (__nx_dev_path_buf)
C:/devkitPro/libnx/lib\libnx.a(decode_utf8.o)
                              C:/devkitPro/libnx/lib\libnx.a(fs_dev.o) (decode_utf8)
C:/devkitPro/libnx/lib\libnx.a(svc.o)
                              C:/devkitPro/libnx/lib\libnx.a(init.o) (svcSetHeapSize)
C:/devkitPro/libnx/lib\libnx.a(exception.o)
                              C:/devkitPro/libnx/lib\libnx.a(switch_crt0.o) (__libnx_exception_entry)
C:/devkitPro/libnx/lib\libnx.a(readtp.o)
                              C:/devkitPro/libnx/lib\libnx.a(fs_dev.o) (__aarch64_read_tp)
C:/devkitPro/libnx/lib\libnx.a(condvar.o)
                              C:/devkitPro/libnx/lib\libnx.a(newlib.o) (condvarWaitTimeout)
C:/devkitPro/libnx/lib\libnx.a(mutex.o)
                              C:/devkitPro/libnx/lib\libnx.a(newlib.o) (mutexLock)
C:/devkitPro/libnx/lib\libnx.a(thread.o)
                              C:/devkitPro/libnx/lib\libnx.a(init.o) (__libnx_init_thread)
C:/devkitPro/libnx/lib\libnx.a(virtmem.o)
                              C:/devkitPro/libnx/lib\libnx.a(init.o) (virtmemSetup)
C:/devkitPro/libnx/lib\libnx.a(wait.o)
                              C:/devkitPro/libnx/lib\libnx.a(thread.o) (waitHandles)
C:/devkitPro/libnx/lib\libnx.a(applet.o)
                              C:/devkitPro/libnx/lib\libnx.a(init.o) (__nx_applet_type)
C:/devkitPro/libnx/lib\libnx.a(fs.o)
                              C:/devkitPro/libnx/lib\libnx.a(init.o) (fsInitialize)
C:/devkitPro/libnx/lib\libnx.a(hid.o)
                              C:/devkitPro/libnx/lib\libnx.a(init.o) (hidInitialize)
C:/devkitPro/libnx/lib\libnx.a(set.o)
                              C:/devkitPro/libnx/lib\libnx.a(init.o) (setsysInitialize)
C:/devkitPro/libnx/lib\libnx.a(sm.o)
                              C:/devkitPro/libnx/lib\libnx.a(env.o) (smAddOverrideHandle)
C:/devkitPro/libnx/lib\libnx.a(time.o)
                              C:/devkitPro/libnx/lib\libnx.a(init.o) (timeInitialize)
C:/devkitPro/libnx/lib\libnx.a(alloc.o)
                              C:/devkitPro/libnx/lib\libnx.a(newlib.o) (__libnx_alloc)
C:/devkitPro/libnx/lib\libnx.a(diag.o)
                              C:/devkitPro/libnx/lib\libnx.a(dynamic.o) (diagAbortWithResult)
C:/devkitPro/libnx/lib\libnx.a(event.o)
                              C:/devkitPro/libnx/lib\libnx.a(applet.o) (eventLoadRemote)
C:/devkitPro/libnx/lib\libnx.a(random.o)
                              C:/devkitPro/libnx/lib\libnx.a(virtmem.o) (randomGet64)
C:/devkitPro/libnx/lib\libnx.a(shmem.o)
                              C:/devkitPro/libnx/lib\libnx.a(hid.o) (shmemLoadRemote)
C:/devkitPro/libnx/lib\libnx.a(tmem.o)
                              C:/devkitPro/libnx/lib\libnx.a(applet.o) (tmemCreate)
C:/devkitPro/libnx/lib\libnx.a(sessionmgr.o)
                              C:/devkitPro/libnx/lib\libnx.a(fs.o) (sessionmgrCreate)
C:/devkitPro/libnx/lib\libnx.a(apm.o)
                              C:/devkitPro/libnx/lib\libnx.a(applet.o) (apmInitialize)
C:/devkitPro/devkitA64/bin/../lib/gcc/aarch64-none-elf/16.1.0/../../../../aarch64-none-elf/lib/pic\libg.a(libc_a-strncat.o)
                              C:/devkitPro/libnx/lib\libnx.a(fs_dev.o) (strncat)
C:/devkitPro/devkitA64/bin/../lib/gcc/aarch64-none-elf/16.1.0/../../../../aarch64-none-elf/lib/pic\libg.a(libc_a-strnlen.o)
                              C:/devkitPro/libnx/lib\libnx.a(fs_dev.o) (strnlen)
C:/devkitPro/devkitA64/bin/../lib/gcc/aarch64-none-elf/16.1.0/../../../../aarch64-none-elf/lib/pic\libg.a(libc_a-impure.o)
                              C:/devkitPro/libnx/lib\libnx.a(newlib.o) (_impure_ptr)
[...]
Memory Configuration

Name             Origin             Length             Attributes
*default*        0x0000000000000000 0xffffffffffffffff

Linker script and memory map

                0x0000000000000000                PROVIDE (__start__ = 0x0)
                0x0000000000000000                . = __start__
                [!provide]                        PROVIDE (__code_start = .)

.text           0x0000000000000000     0xde88
 *(.crt0)
 .crt0          0x0000000000000000      0x130 C:/devkitPro/libnx/lib\libnx.a(switch_crt0.o)
                0x0000000000000000                _start
                0x00000000000000e0                __nx_exit
                0x00000000000000f0                __nx_mod0
 *(.text.unlikely .text.*_unlikely .text.unlikely.*)
 *(.text.exit .text.exit.*)
 *fill*         0x0000000000000130       0x10 
 .text.exit     0x0000000000000140       0x34 C:/devkitPro/devkitA64/bin/../lib/gcc/aarch64-none-elf/16.1.0/../../../../aarch64-none-elf/lib/pic\libg.a(libc_a-exit.o)
                0x0000000000000140                exit
 *(.text.startup .text.startup.*)
 *(.text.hot .text.hot.*)
 *(.text .stub .text.* .gnu.linkonce.t.*)
 *fill*         0x0000000000000174        0xc 
 .text.__do_global_dtors_aux
                0x0000000000000180       0x50 C:/devkitPro/devkitA64/bin/../lib/gcc/aarch64-none-elf/16.1.0/pic/crtbegin.o
 *fill*         0x00000000000001d0       0x10 
 .text.frame_dummy
                0x00000000000001e0       0x24 C:/devkitPro/devkitA64/bin/../lib/gcc/aarch64-none-elf/16.1.0/pic/crtbegin.o
 *fill*         0x0000000000000204        0xc 
 .text.argvSetup
                0x0000000000000210      0x314 C:/devkitPro/libnx/lib\libnx.a(argv.o)
                0x0000000000000210                argvSetup
 *fill*         0x0000000000000524        0xc 
 .text.__nx_dynamic
                0x0000000000000530      0x1fc C:/devkitPro/libnx/lib\libnx.a(dynamic.o)
                0x0000000000000530                __nx_dynamic
 *fill*         0x000000000000072c        0x4 
 .text.envSetup
                0x0000000000000730      0x208 C:/devkitPro/libnx/lib\libnx.a(env.o)
                0x0000000000000730                envSetup
 *fill*         0x0000000000000938        0x8 
 .text.envGetMainThreadHandle
                0x0000000000000940       0x20 C:/devkitPro/libnx/lib\libnx.a(env.o)
                0x0000000000000940                envGetMainThreadHandle
 .text.envIsNso
                0x0000000000000960        0xc C:/devkitPro/libnx/lib\libnx.a(env.o)
                0x0000000000000960                envIsNso
 *fill*         0x000000000000096c        0x4 
 .text.envHasHeapOverride
                0x0000000000000970       0x14 C:/devkitPro/libnx/lib\libnx.a(env.o)
                0x0000000000000970                envHasHeapOverride
 *fill*         0x0000000000000984        0xc 
 .text.envGetHeapOverrideAddr
                0x0000000000000990        0xc C:/devkitPro/libnx/lib\libnx.a(env.o)
                0x0000000000000990                envGetHeapOverrideAddr
 *fill*         0x000000000000099c        0x4 
 .text.envGetHeapOverrideSize
                0x00000000000009a0        0xc C:/devkitPro/libnx/lib\libnx.a(env.o)
                0x00000000000009a0                envGetHeapOverrideSize
 *fill*         0x00000000000009ac        0x4 
 .text.envHasArgv
                0x00000000000009b0       0x14 C:/devkitPro/libnx/lib\libnx.a(env.o)
                0x00000000000009b0                envHasArgv
 *fill*         0x00000000000009c4        0xc 
 .text.envGetArgv
                0x00000000000009d0        0xc C:/devkitPro/libnx/lib\libnx.a(env.o)
                0x00000000000009d0                envGetArgv
 *fill*         0x00000000000009dc        0x4 
 .text.envGetExitFuncPtr
                0x00000000000009e0        0xc C:/devkitPro/libnx/lib\libnx.a(env.o)
                0x00000000000009e0                envGetExitFuncPtr
 *fill*         0x00000000000009ec        0x4 
 .text.envSetExitFuncPtr
                0x00000000000009f0        0xc C:/devkitPro/libnx/lib\libnx.a(env.o)
                0x00000000000009f0                envSetExitFuncPtr
 *fill*         0x00000000000009fc        0x4 
 .text.envHasRandomSeed
                0x0000000000000a00        0xc C:/devkitPro/libnx/lib\libnx.a(env.o)
                0x0000000000000a00                envHasRandomSeed
 *fill*         0x0000000000000a0c        0x4 
 .text.envGetRandomSeed
                0x0000000000000a10       0x10 C:/devkitPro/libnx/lib\libnx.a(env.o)
                0x0000000000000a10                envGetRandomSeed
 .text.hosversionGet
                0x0000000000000a20       0x14 C:/devkitPro/libnx/lib\libnx.a(hosversion.o)
                0x0000000000000a20                hosversionGet
 *fill*         0x0000000000000a34        0xc 
 .text.hosversionSet
                0x0000000000000a40       0x10 C:/devkitPro/libnx/lib\libnx.a(hosversion.o)
                0x0000000000000a40                hosversionSet
 .text.__libnx_initheap
                0x0000000000000a50       0xd0 C:/devkitPro/libnx/lib\libnx.a(init.o)
                0x0000000000000a50                __libnx_initheap
 .text.__appInit
                0x0000000000000b20       0xec C:/devkitPro/libnx/lib\libnx.a(init.o)
                0x0000000000000b20                __appInit
 *fill*         0x0000000000000c0c        0x4 
 .text.__appExit
                0x0000000000000c10       0x44 C:/devkitPro/libnx/lib\libnx.a(init.o)
                0x0000000000000c10                __appExit
 *fill*         0x0000000000000c54        0xc 
 .text.__libnx_init
                0x0000000000000c60       0x2c C:/devkitPro/libnx/lib\libnx.a(init.o)
                0x0000000000000c60                __libnx_init
 *fill*         0x0000000000000c8c        0x4 
 .text.__libnx_exit
                0x0000000000000c90       0x1c C:/devkitPro/libnx/lib\libnx.a(init.o)
                0x0000000000000c90                __libnx_exit
 *fill*         0x0000000000000cac        0x4 
 .text.__syscall_exit
                0x0000000000000cb0       0x1c C:/devkitPro/libnx/lib\libnx.a(newlib.o)
                0x0000000000000cb0                __syscall_exit
 *fill*         0x0000000000000ccc        0x4 
 .text.__syscall_getreent
                0x0000000000000cd0       0x34 C:/devkitPro/libnx/lib\libnx.a(newlib.o)
                0x0000000000000cd0                __syscall_getreent
 *fill*         0x0000000000000d04        0xc 
 .text.__syscall_lock_acquire_recursive
                0x0000000000000d10        0x4 C:/devkitPro/libnx/lib\libnx.a(newlib.o)
                0x0000000000000d10                __syscall_lock_acquire_recursive
 *fill*         0x0000000000000d14        0xc 
 .text.__syscall_lock_release_recursive
                0x0000000000000d20        0x4 C:/devkitPro/libnx/lib\libnx.a(newlib.o)
                0x0000000000000d20                __syscall_lock_release_recursive
 *fill*         0x0000000000000d24        0xc 
 .text.__libnx_init_time
                0x0000000000000d30      0x25c C:/devkitPro/libnx/lib\libnx.a(newlib.o)
                0x0000000000000d30                __libnx_init_time
 *fill*         0x0000000000000f8c        0x4 
 .text.newlibSetup
                0x0000000000000f90       0x98 C:/devkitPro/libnx/lib\libnx.a(newlib.o)
                0x0000000000000f90                newlibSetup
 *fill*         0x0000000000001028        0x8 
 .text.nxlinkSetup
                0x0000000000001030       0xe8 C:/devkitPro/libnx/lib\libnx.a(nxlink.o)
                0x0000000000001030                nxlinkSetup
 *fill*         0x0000000000001118        0x8 
 .text.fsdev_link
                0x0000000000001120       0x10 C:/devkitPro/libnx/lib\libnx.a(fs_dev.o)
 .text.fsdev_dirreset
                0x0000000000001130       0x10 C:/devkitPro/libnx/lib\libnx.a(fs_dev.o)
 .text.fsdev_chmod
                0x0000000000001140       0x10 C:/devkitPro/libnx/lib\libnx.a(fs_dev.o)
 .text.error_cmp
                0x0000000000001150       0x18 C:/devkitPro/libnx/lib\libnx.a(fs_dev.o)
 *fill*         0x0000000000001168        0x8 
 .text.fsdev_dirclose
                0x0000000000001170       0x20 C:/devkitPro/libnx/lib\libnx.a(fs_dev.o)
 .text.fsdev_close
                0x0000000000001190       0x1c C:/devkitPro/libnx/lib\libnx.a(fs_dev.o)
 *fill*         0x00000000000011ac        0x4 
 .text.fsdev_converttimetoutc
                0x00000000000011b0       0x74 C:/devkitPro/libnx/lib\libnx.a(fs_dev.o)
 *fill*         0x0000000000001224        0xc 
 .text.fsdevFindDevice.part.0
                0x0000000000001230       0xf8 C:/devkitPro/libnx/lib\libnx.a(fs_dev.o)
 *fill*         0x0000000000001328        0x8 
 .text.fsdev_fixpath
                0x0000000000001330      0x1cc C:/devkitPro/libnx/lib\libnx.a(fs_dev.o)
 *fill*         0x00000000000014fc        0x4 
 .text._fsdevUnmountDeviceStruct.part.0
                0x0000000000001500       0x9c C:/devkitPro/libnx/lib\libnx.a(fs_dev.o)
 *fill*         0x000000000000159c        0x4 
 .text.fsdev_fchmod
                0x00000000000015a0       0x10 C:/devkitPro/libnx/lib\libnx.a(fs_dev.o)
 .text.fsdev_diropen
                0x00000000000015b0      0x100 C:/devkitPro/libnx/lib\libnx.a(fs_dev.o)
 .text.fsdev_statvfs
                0x00000000000016b0       0xf8 C:/devkitPro/libnx/lib\libnx.a(fs_dev.o)
 *fill*         0x00000000000017a8        0x8 
 .text.fsdev_fsync
                0x00000000000017b0       0x7c C:/devkitPro/libnx/lib\libnx.a(fs_dev.o)
 *fill*         0x000000000000182c        0x4 
 .text.fsdev_fstat
                0x0000000000001830       0xec C:/devkitPro/libnx/lib\libnx.a(fs_dev.o)
 *fill*         0x000000000000191c        0x4 
 .text.fsdev_ftruncate
                0x0000000000001920       0x94 C:/devkitPro/libnx/lib\libnx.a(fs_dev.o)
 *fill*         0x00000000000019b4        0xc 
 .text.fsdev_stat
                0x00000000000019c0      0x1d8 C:/devkitPro/libnx/lib\libnx.a(fs_dev.o)
 *fill*         0x0000000000001b98        0x8 
 .text.fsdev_rename
                0x0000000000001ba0      0x14c C:/devkitPro/libnx/lib\libnx.a(fs_dev.o)
 *fill*         0x0000000000001cec        0x4 
 .text.fsdev_chdir
                0x0000000000001cf0      0x13c C:/devkitPro/libnx/lib\libnx.a(fs_dev.o)
 *fill*         0x0000000000001e2c        0x4 
 .text.fsdev_rmdir
                0x0000000000001e30       0xa4 C:/devkitPro/libnx/lib\libnx.a(fs_dev.o)
 *fill*         0x0000000000001ed4        0xc 
 .text.fsdev_mkdir
                0x0000000000001ee0       0xa4 C:/devkitPro/libnx/lib\libnx.a(fs_dev.o)
 *fill*         0x0000000000001f84        0xc 
 .text.fsdev_unlink
                0x0000000000001f90       0xa4 C:/devkitPro/libnx/lib\libnx.a(fs_dev.o)
 *fill*         0x0000000000002034        0xc 
 .text.fsdev_write_safe
                0x0000000000002040      0x13c C:/devkitPro/libnx/lib\libnx.a(fs_dev.o)
 *fill*         0x000000000000217c        0x4 
 .text.fsdev_read_safe
                0x0000000000002180      0x134 C:/devkitPro/libnx/lib\libnx.a(fs_dev.o)
 *fill*         0x00000000000022b4        0xc 
 .text.fsdev_read
                0x00000000000022c0      0x100 C:/devkitPro/libnx/lib\libnx.a(fs_dev.o)
 .text.fsdev_dirnext
                0x00000000000023c0      0x1d4 C:/devkitPro/libnx/lib\libnx.a(fs_dev.o)
 *fill*         0x0000000000002594        0xc 
 .text.fsdev_write
                0x00000000000025a0      0x124 C:/devkitPro/libnx/lib\libnx.a(fs_dev.o)
 *fill*         0x00000000000026c4        0xc 
 .text.fsdev_seek
                0x00000000000026d0      0x110 C:/devkitPro/libnx/lib\libnx.a(fs_dev.o)
 .text.fsdev_open
                0x00000000000027e0      0x230 C:/devkitPro/libnx/lib\libnx.a(fs_dev.o)
 .text.fsdevMountDevice
                0x0000000000002a10      0x324 C:/devkitPro/libnx/lib\libnx.a(fs_dev.o)
                0x0000000000002a10                fsdevMountDevice
 *fill*         0x0000000000002d34        0xc 
 .text.fsdevMountSdmc
                0x0000000000002d40       0x40 C:/devkitPro/libnx/lib\libnx.a(fs_dev.o)
                0x0000000000002d40                fsdevMountSdmc
 .text.__libnx_init_cwd
                0x0000000000002d80       0xbc C:/devkitPro/libnx/lib\libnx.a(fs_dev.o)
                0x0000000000002d80                __libnx_init_cwd
 *fill*         0x0000000000002e3c        0x4 
 .text.fsdevUnmountAll
                0x0000000000002e40       0x64 C:/devkitPro/libnx/lib\libnx.a(fs_dev.o)
                0x0000000000002e40                fsdevUnmountAll
 *fill*         0x0000000000002ea4        0xc 
 .text.decode_utf8
                0x0000000000002eb0      0x128 C:/devkitPro/libnx/lib\libnx.a(decode_utf8.o)
                0x0000000000002eb0                decode_utf8
 .text.svcSetHeapSize
                0x0000000000002fd8       0x14 C:/devkitPro/libnx/lib\libnx.a(svc.o)
                0x0000000000002fd8                svcSetHeapSize
 .text.svcSetMemoryPermission
                0x0000000000002fec        0x8 C:/devkitPro/libnx/lib\libnx.a(svc.o)
                0x0000000000002fec                svcSetMemoryPermission
 .text.svcSetMemoryAttribute
                0x0000000000002ff4        0x8 C:/devkitPro/libnx/lib\libnx.a(svc.o)
                0x0000000000002ff4                svcSetMemoryAttribute
 .text.svcUnmapMemory
                0x0000000000002ffc        0x8 C:/devkitPro/libnx/lib\libnx.a(svc.o)
                0x0000000000002ffc                svcUnmapMemory
 .text.svcQueryMemory
                0x0000000000003004       0x14 C:/devkitPro/libnx/lib\libnx.a(svc.o)
                0x0000000000003004                svcQueryMemory
 .text.svcExitProcess
                0x0000000000003018        0x8 C:/devkitPro/libnx/lib\libnx.a(svc.o)
                0x0000000000003018                svcExitProcess
 .text.svcSleepThread
                0x0000000000003020        0x8 C:/devkitPro/libnx/lib\libnx.a(svc.o)
                0x0000000000003020                svcSleepThread
 .text.svcMapSharedMemory
                0x0000000000003028        0x8 C:/devkitPro/libnx/lib\libnx.a(svc.o)
                0x0000000000003028                svcMapSharedMemory
 .text.svcUnmapSharedMemory
                0x0000000000003030        0x8 C:/devkitPro/libnx/lib\libnx.a(svc.o)
                0x0000000000003030                svcUnmapSharedMemory
 .text.svcCloseHandle
                0x0000000000003038        0x8 C:/devkitPro/libnx/lib\libnx.a(svc.o)
                0x0000000000003038                svcCloseHandle
 .text.svcResetSignal
                0x0000000000003040        0x8 C:/devkitPro/libnx/lib\libnx.a(svc.o)
                0x0000000000003040                svcResetSignal
 .text.svcWaitSynchronization
                0x0000000000003048       0x14 C:/devkitPro/libnx/lib\libnx.a(svc.o)
                0x0000000000003048                svcWaitSynchronization
 .text.svcArbitrateLock
                0x000000000000305c        0x8 C:/devkitPro/libnx/lib\libnx.a(svc.o)
                0x000000000000305c                svcArbitrateLock
 .text.svcArbitrateUnlock
                0x0000000000003064        0x8 C:/devkitPro/libnx/lib\libnx.a(svc.o)
                0x0000000000003064                svcArbitrateUnlock
 .text.svcWaitProcessWideKeyAtomic
                0x000000000000306c        0x8 C:/devkitPro/libnx/lib\libnx.a(svc.o)
                0x000000000000306c                svcWaitProcessWideKeyAtomic
 .text.svcSignalProcessWideKey
                0x0000000000003074        0x8 C:/devkitPro/libnx/lib\libnx.a(svc.o)
                0x0000000000003074                svcSignalProcessWideKey
 .text.svcConnectToNamedPort
                0x000000000000307c       0x14 C:/devkitPro/libnx/lib\libnx.a(svc.o)
                0x000000000000307c                svcConnectToNamedPort
 .text.svcSendSyncRequest
                0x0000000000003090        0x8 C:/devkitPro/libnx/lib\libnx.a(svc.o)
                0x0000000000003090                svcSendSyncRequest
 .text.svcBreak
                0x0000000000003098        0x8 C:/devkitPro/libnx/lib\libnx.a(svc.o)
                0x0000000000003098                svcBreak
 .text.svcReturnFromException
                0x00000000000030a0        0x8 C:/devkitPro/libnx/lib\libnx.a(svc.o)
                0x00000000000030a0                svcReturnFromException
 .text.svcGetInfo
                0x00000000000030a8       0x14 C:/devkitPro/libnx/lib\libnx.a(svc.o)
                0x00000000000030a8                svcGetInfo
 .text.svcUnmapTransferMemory
                0x00000000000030bc        0x8 C:/devkitPro/libnx/lib\libnx.a(svc.o)
                0x00000000000030bc                svcUnmapTransferMemory
 .text.__libnx_exception_entry
                0x00000000000030c4      0x1c0 C:/devkitPro/libnx/lib\libnx.a(exception.o)
                0x00000000000030c4                __libnx_exception_entry
 .text.__libnx_exception_returnentry
                0x0000000000003284       0x18 C:/devkitPro/libnx/lib\libnx.a(exception.o)
                0x0000000000003284                __libnx_exception_returnentry
 .text.__aarch64_read_tp
                0x000000000000329c        0xc C:/devkitPro/libnx/lib\libnx.a(readtp.o)
                0x000000000000329c                __aarch64_read_tp
 *fill*         0x00000000000032a8        0x8 
 .text.condvarWaitTimeout
                0x00000000000032b0       0x70 C:/devkitPro/libnx/lib\libnx.a(condvar.o)
                0x00000000000032b0                condvarWaitTimeout
 .text.mutexLock
                0x0000000000003320       0xc8 C:/devkitPro/libnx/lib\libnx.a(mutex.o)
                0x0000000000003320                mutexLock
 *fill*         0x00000000000033e8        0x8 
 .text.mutexUnlock
                0x00000000000033f0       0x68 C:/devkitPro/libnx/lib\libnx.a(mutex.o)
                0x00000000000033f0                mutexUnlock
 *fill*         0x0000000000003458        0x8 
 .text.mutexIsLockedByCurrentThread
                0x0000000000003460       0x1c C:/devkitPro/libnx/lib\libnx.a(mutex.o)
                0x0000000000003460                mutexIsLockedByCurrentThread
 *fill*         0x000000000000347c        0x4 
 .text.rmutexLock
                0x0000000000003480       0x50 C:/devkitPro/libnx/lib\libnx.a(mutex.o)
                0x0000000000003480                rmutexLock
 .text.rmutexUnlock
                0x00000000000034d0       0x18 C:/devkitPro/libnx/lib\libnx.a(mutex.o)
                0x00000000000034d0                rmutexUnlock
 *fill*         0x00000000000034e8        0x8 
 .text.__libnx_init_thread
                0x00000000000034f0       0xb0 C:/devkitPro/libnx/lib\libnx.a(thread.o)
                0x00000000000034f0                __libnx_init_thread
 .text._memregionInitWithInfo
                0x00000000000035a0       0x64 C:/devkitPro/libnx/lib\libnx.a(virtmem.o)
 *fill*         0x0000000000003604        0xc 
 .text.__libnx_virtmem_rng
                0x0000000000003610        0x4 C:/devkitPro/libnx/lib\libnx.a(virtmem.o)
                0x0000000000003610                __libnx_virtmem_rng
 *fill*         0x0000000000003614        0xc 
 .text._memregionFindRandom
                0x0000000000003620      0x164 C:/devkitPro/libnx/lib\libnx.a(virtmem.o)
 *fill*         0x0000000000003784        0xc 
 .text.virtmemSetup
                0x0000000000003790      0x140 C:/devkitPro/libnx/lib\libnx.a(virtmem.o)
                0x0000000000003790                virtmemSetup
 .text.virtmemLock
                0x00000000000038d0        0xc C:/devkitPro/libnx/lib\libnx.a(virtmem.o)
                0x00000000000038d0                virtmemLock
 *fill*         0x00000000000038dc        0x4 
 .text.virtmemUnlock
                0x00000000000038e0        0xc C:/devkitPro/libnx/lib\libnx.a(virtmem.o)
                0x00000000000038e0                virtmemUnlock
 *fill*         0x00000000000038ec        0x4 
 .text.virtmemFindAslr
                0x00000000000038f0       0x50 C:/devkitPro/libnx/lib\libnx.a(virtmem.o)
                0x00000000000038f0                virtmemFindAslr
 .text.waitObjects
                0x0000000000003940      0x57c C:/devkitPro/libnx/lib\libnx.a(wait.o)
                0x0000000000003940                waitObjects
 *fill*         0x0000000000003ebc        0x4 
 .text._appletInfiniteSleepLoop
                0x0000000000003ec0       0x18 C:/devkitPro/libnx/lib\libnx.a(applet.o)
 *fill*         0x0000000000003ed8        0x8 
 .text._appletCmdGetSession
                0x0000000000003ee0      0x108 C:/devkitPro/libnx/lib\libnx.a(applet.o)
 *fill*         0x0000000000003fe8        0x8 
 .text._appletCmdInU8NoOut
                0x0000000000003ff0       0xcc C:/devkitPro/libnx/lib\libnx.a(applet.o)
 *fill*         0x00000000000040bc        0x4 
 .text._appletCmdInU32NoOut
                0x00000000000040c0       0xcc C:/devkitPro/libnx/lib\libnx.a(applet.o)
 *fill*         0x000000000000418c        0x4 
 .text._appletGetSessionProxy.constprop.0
                0x0000000000004190      0x12c C:/devkitPro/libnx/lib\libnx.a(applet.o)
 *fill*         0x00000000000042bc        0x4 
 .text._appletOpenLibraryAppletProxy.constprop.0
                0x00000000000042c0      0x148 C:/devkitPro/libnx/lib\libnx.a(applet.o)
 *fill*         0x0000000000004408        0x8 
 .text._appletCmdGetEvent
                0x0000000000004410       0xf8 C:/devkitPro/libnx/lib\libnx.a(applet.o)
 *fill*         0x0000000000004508        0x8 
 .text._appletCmdNoInOutU8.isra.0
                0x0000000000004510       0xd4 C:/devkitPro/libnx/lib\libnx.a(applet.o)
 *fill*         0x00000000000045e4        0xc 
 .text._appletCmdNoInOutU32.isra.0
                0x00000000000045f0       0xd4 C:/devkitPro/libnx/lib\libnx.a(applet.o)
 *fill*         0x00000000000046c4        0xc 
 .text._appletCmdNoInOutU64.isra.0
                0x00000000000046d0       0xd4 C:/devkitPro/libnx/lib\libnx.a(applet.o)
 *fill*         0x00000000000047a4        0xc 
 .text._appletCmdNoIO.isra.0
                0x00000000000047b0       0xc0 C:/devkitPro/libnx/lib\libnx.a(applet.o)
 .text.appletSetFocusHandlingMode
                0x0000000000004870      0x1b8 C:/devkitPro/libnx/lib\libnx.a(applet.o)
                0x0000000000004870                appletSetFocusHandlingMode
 *fill*         0x0000000000004a28        0x8 
 .text.appletSetCpuBoostMode
                0x0000000000004a30       0x5c C:/devkitPro/libnx/lib\libnx.a(applet.o)
                0x0000000000004a30                appletSetCpuBoostMode
 *fill*         0x0000000000004a8c        0x4 
 .text.appletGetAppletResourceUserId
                0x0000000000004a90        0xc C:/devkitPro/libnx/lib\libnx.a(applet.o)
                0x0000000000004a90                appletGetAppletResourceUserId
 *fill*         0x0000000000004a9c        0x4 
 .text._appletHolderCreateState
                0x0000000000004aa0      0x138 C:/devkitPro/libnx/lib\libnx.a(applet.o)
 *fill*         0x0000000000004bd8        0x8 
 .text.appletHolderClose
                0x0000000000004be0       0xb0 C:/devkitPro/libnx/lib\libnx.a(applet.o)
                0x0000000000004be0                appletHolderClose
 .text.appletHolderGetLibraryAppletInfo
                0x0000000000004c90       0x24 C:/devkitPro/libnx/lib\libnx.a(applet.o)
                0x0000000000004c90                appletHolderGetLibraryAppletInfo
 *fill*         0x0000000000004cb4        0xc 
 .text.appletNotifyRunning
                0x0000000000004cc0       0x90 C:/devkitPro/libnx/lib\libnx.a(applet.o)
                0x0000000000004cc0                appletNotifyRunning
 .text.appletSetGamePlayRecordingState
                0x0000000000004d50       0x78 C:/devkitPro/libnx/lib\libnx.a(applet.o)
                0x0000000000004d50                appletSetGamePlayRecordingState
 *fill*         0x0000000000004dc8        0x8 
 .text._appletCleanup
                0x0000000000004dd0      0xad4 C:/devkitPro/libnx/lib\libnx.a(applet.o)
 *fill*         0x00000000000058a4        0xc 
 .text.appletExit
                0x00000000000058b0       0x48 C:/devkitPro/libnx/lib\libnx.a(applet.o)
                0x00000000000058b0                appletExit
 *fill*         0x00000000000058f8        0x8 
 .text.appletGetLibraryAppletInfo
                0x0000000000005900       0x40 C:/devkitPro/libnx/lib\libnx.a(applet.o)
                0x0000000000005900                appletGetLibraryAppletInfo
 .text.appletInitialize
                0x0000000000005940      0xc14 C:/devkitPro/libnx/lib\libnx.a(applet.o)
                0x0000000000005940                appletInitialize
 *fill*         0x0000000000006554        0xc 
 .text._appletExitProcess
                0x0000000000006560       0x24 C:/devkitPro/libnx/lib\libnx.a(applet.o)
 *fill*         0x0000000000006584        0xc 
 .text._fsCleanup
                0x0000000000006590       0xb4 C:/devkitPro/libnx/lib\libnx.a(fs.o)
 *fill*         0x0000000000006644        0xc 
 .text._fsCmdNoIO
                0x0000000000006650      0x1c0 C:/devkitPro/libnx/lib\libnx.a(fs.o)
 .text._fsFsCmdWithInPath
                0x0000000000006810      0x1e0 C:/devkitPro/libnx/lib\libnx.a(fs.o)
 .text._fsFsCmdWithTwoInPaths
                0x00000000000069f0      0x1f8 C:/devkitPro/libnx/lib\libnx.a(fs.o)
 *fill*         0x0000000000006be8        0x8 
 .text._fsFsOpenCommon
                0x0000000000006bf0      0x28c C:/devkitPro/libnx/lib\libnx.a(fs.o)
 *fill*         0x0000000000006e7c        0x4 
 .text._fsFsCmdWithInPathAndOutU64
                0x0000000000006e80      0x1fc C:/devkitPro/libnx/lib\libnx.a(fs.o)
 *fill*         0x000000000000707c        0x4 
 .text._fsObjectClose
                0x0000000000007080       0xf8 C:/devkitPro/libnx/lib\libnx.a(fs.o)
 *fill*         0x0000000000007178        0x8 
 .text._fsCmdGetSession.constprop.0
                0x0000000000007180      0x17c C:/devkitPro/libnx/lib\libnx.a(fs.o)
 *fill*         0x00000000000072fc        0x4 
 .text.fsInitialize
                0x0000000000007300      0x2f8 C:/devkitPro/libnx/lib\libnx.a(fs.o)
                0x0000000000007300                fsInitialize
 *fill*         0x00000000000075f8        0x8 
 .text.fsExit   0x0000000000007600       0x48 C:/devkitPro/libnx/lib\libnx.a(fs.o)
                0x0000000000007600                fsExit
 *fill*         0x0000000000007648        0x8 
 .text.fsOpenSdCardFileSystem
                0x0000000000007650        0x8 C:/devkitPro/libnx/lib\libnx.a(fs.o)
                0x0000000000007650                fsOpenSdCardFileSystem
 *fill*         0x0000000000007658        0x8 
 .text.fsFsCreateFile
                0x0000000000007660      0x1ec C:/devkitPro/libnx/lib\libnx.a(fs.o)
                0x0000000000007660                fsFsCreateFile
 *fill*         0x000000000000784c        0x4 
 .text.fsFsDeleteFile
                0x0000000000007850        0x8 C:/devkitPro/libnx/lib\libnx.a(fs.o)
                0x0000000000007850                fsFsDeleteFile
 *fill*         0x0000000000007858        0x8 
 .text.fsFsCreateDirectory
                0x0000000000007860        0x8 C:/devkitPro/libnx/lib\libnx.a(fs.o)
                0x0000000000007860                fsFsCreateDirectory
 *fill*         0x0000000000007868        0x8 
 .text.fsFsDeleteDirectory
                0x0000000000007870        0x8 C:/devkitPro/libnx/lib\libnx.a(fs.o)
                0x0000000000007870                fsFsDeleteDirectory
 *fill*         0x0000000000007878        0x8 
 .text.fsFsRenameFile
                0x0000000000007880        0x8 C:/devkitPro/libnx/lib\libnx.a(fs.o)
                0x0000000000007880                fsFsRenameFile
 *fill*         0x0000000000007888        0x8 
 .text.fsFsRenameDirectory
                0x0000000000007890        0x8 C:/devkitPro/libnx/lib\libnx.a(fs.o)
                0x0000000000007890                fsFsRenameDirectory
 *fill*         0x0000000000007898        0x8 
 .text.fsFsGetEntryType
                0x00000000000078a0      0x1f0 C:/devkitPro/libnx/lib\libnx.a(fs.o)
                0x00000000000078a0                fsFsGetEntryType
 .text.fsFsOpenFile
                0x0000000000007a90        0x8 C:/devkitPro/libnx/lib\libnx.a(fs.o)
                0x0000000000007a90                fsFsOpenFile
 *fill*         0x0000000000007a98        0x8 
 .text.fsFsOpenDirectory
                0x0000000000007aa0        0x8 C:/devkitPro/libnx/lib\libnx.a(fs.o)
                0x0000000000007aa0                fsFsOpenDirectory
 *fill*         0x0000000000007aa8        0x8 
 .text.fsFsGetFreeSpace
                0x0000000000007ab0        0x8 C:/devkitPro/libnx/lib\libnx.a(fs.o)
                0x0000000000007ab0                fsFsGetFreeSpace
 *fill*         0x0000000000007ab8        0x8 
 .text.fsFsGetTotalSpace
                0x0000000000007ac0        0x8 C:/devkitPro/libnx/lib\libnx.a(fs.o)
                0x0000000000007ac0                fsFsGetTotalSpace
 *fill*         0x0000000000007ac8        0x8 
 .text.fsFsGetFileTimeStampRaw
                0x0000000000007ad0      0x230 C:/devkitPro/libnx/lib\libnx.a(fs.o)
                0x0000000000007ad0                fsFsGetFileTimeStampRaw
 .text.fsFsClose
                0x0000000000007d00        0x4 C:/devkitPro/libnx/lib\libnx.a(fs.o)
                0x0000000000007d00                fsFsClose
 *fill*         0x0000000000007d04        0xc 
 .text.fsFileRead
                0x0000000000007d10      0x214 C:/devkitPro/libnx/lib\libnx.a(fs.o)
                0x0000000000007d10                fsFileRead
 *fill*         0x0000000000007f24        0xc 
 .text.fsFileWrite
                0x0000000000007f30      0x1f8 C:/devkitPro/libnx/lib\libnx.a(fs.o)
                0x0000000000007f30                fsFileWrite
 *fill*         0x0000000000008128        0x8 
 .text.fsFileFlush
                0x0000000000008130        0x8 C:/devkitPro/libnx/lib\libnx.a(fs.o)
                0x0000000000008130                fsFileFlush
 *fill*         0x0000000000008138        0x8 
 .text.fsFileSetSize
                0x0000000000008140      0x1c0 C:/devkitPro/libnx/lib\libnx.a(fs.o)
                0x0000000000008140                fsFileSetSize
 .text.fsFileGetSize
                0x0000000000008300      0x1d4 C:/devkitPro/libnx/lib\libnx.a(fs.o)
                0x0000000000008300                fsFileGetSize
 *fill*         0x00000000000084d4        0xc 
 .text.fsFileClose
                0x00000000000084e0        0x4 C:/devkitPro/libnx/lib\libnx.a(fs.o)
                0x00000000000084e0                fsFileClose
 *fill*         0x00000000000084e4        0xc 
 .text.fsDirClose
                0x00000000000084f0        0x4 C:/devkitPro/libnx/lib\libnx.a(fs.o)
                0x00000000000084f0                fsDirClose
 *fill*         0x00000000000084f4        0xc 
 .text.fsDirRead
                0x0000000000008500      0x204 C:/devkitPro/libnx/lib\libnx.a(fs.o)
                0x0000000000008500                fsDirRead
 *fill*         0x0000000000008704        0xc 
 .text._hidCleanup
                0x0000000000008710      0x12c C:/devkitPro/libnx/lib\libnx.a(hid.o)
 *fill*         0x000000000000883c        0x4 
 .text.hidInitialize
                0x0000000000008840      0x26c C:/devkitPro/libnx/lib\libnx.a(hid.o)
                0x0000000000008840                hidInitialize
 *fill*         0x0000000000008aac        0x4 
 .text.hidExit  0x0000000000008ab0       0x48 C:/devkitPro/libnx/lib\libnx.a(hid.o)
                0x0000000000008ab0                hidExit
 *fill*         0x0000000000008af8        0x8 
 .text._setsysGetFirmwareVersionImpl
                0x0000000000008b00       0xd0 C:/devkitPro/libnx/lib\libnx.a(set.o)
 .text._setsysCleanup
                0x0000000000008bd0       0x78 C:/devkitPro/libnx/lib\libnx.a(set.o)
 *fill*         0x0000000000008c48        0x8 
 .text.setsysInitialize
                0x0000000000008c50       0xa0 C:/devkitPro/libnx/lib\libnx.a(set.o)
                0x0000000000008c50                setsysInitialize
 .text.setsysExit
                0x0000000000008cf0       0x48 C:/devkitPro/libnx/lib\libnx.a(set.o)
                0x0000000000008cf0                setsysExit
 *fill*         0x0000000000008d38        0x8 
 .text.setsysGetFirmwareVersion
                0x0000000000008d40       0x48 C:/devkitPro/libnx/lib\libnx.a(set.o)
                0x0000000000008d40                setsysGetFirmwareVersion
 *fill*         0x0000000000008d88        0x8 
 .text._smCmifCmdInPid
                0x0000000000008d90       0xcc C:/devkitPro/libnx/lib\libnx.a(sm.o)
 *fill*         0x0000000000008e5c        0x4 
 .text._smCleanup
                0x0000000000008e60       0x78 C:/devkitPro/libnx/lib\libnx.a(sm.o)
 *fill*         0x0000000000008ed8        0x8 
 .text.smAddOverrideHandle
                0x0000000000008ee0       0x48 C:/devkitPro/libnx/lib\libnx.a(sm.o)
                0x0000000000008ee0                smAddOverrideHandle
 *fill*         0x0000000000008f28        0x8 
 .text.smGetServiceOverride
                0x0000000000008f30       0x54 C:/devkitPro/libnx/lib\libnx.a(sm.o)
                0x0000000000008f30                smGetServiceOverride
 *fill*         0x0000000000008f84        0xc 
 .text.smInitialize
                0x0000000000008f90      0x1ac C:/devkitPro/libnx/lib\libnx.a(sm.o)
                0x0000000000008f90                smInitialize
 *fill*         0x000000000000913c        0x4 
 .text.smExit   0x0000000000009140       0x48 C:/devkitPro/libnx/lib\libnx.a(sm.o)
                0x0000000000009140                smExit
 *fill*         0x0000000000009188        0x8 
 .text.smGetServiceOriginal
                0x0000000000009190       0xd0 C:/devkitPro/libnx/lib\libnx.a(sm.o)
                0x0000000000009190                smGetServiceOriginal
 .text.smGetServiceWrapper
                0x0000000000009260      0x120 C:/devkitPro/libnx/lib\libnx.a(sm.o)
                0x0000000000009260                smGetServiceWrapper
 .text._timeCleanup
                0x0000000000009380      0x27c C:/devkitPro/libnx/lib\libnx.a(time.o)
 *fill*         0x00000000000095fc        0x4 
 .text._timeCmdGetSession.constprop.0
                0x0000000000009600      0x100 C:/devkitPro/libnx/lib\libnx.a(time.o)
 .text._timeReadClockFromSharedMem
                0x0000000000009700      0x104 C:/devkitPro/libnx/lib\libnx.a(time.o)
 *fill*         0x0000000000009804        0xc 
 .text.timeInitialize
                0x0000000000009810      0x300 C:/devkitPro/libnx/lib\libnx.a(time.o)
                0x0000000000009810                timeInitialize
 .text.timeExit
                0x0000000000009b10       0x48 C:/devkitPro/libnx/lib\libnx.a(time.o)
                0x0000000000009b10                timeExit
 *fill*         0x0000000000009b58        0x8 
 .text.timeGetServiceSession_SystemClock
                0x0000000000009b60       0x38 C:/devkitPro/libnx/lib\libnx.a(time.o)
                0x0000000000009b60                timeGetServiceSession_SystemClock
 *fill*         0x0000000000009b98        0x8 
 .text.timeGetCurrentTime
                0x0000000000009ba0       0xfc C:/devkitPro/libnx/lib\libnx.a(time.o)
                0x0000000000009ba0                timeGetCurrentTime
 *fill*         0x0000000000009c9c        0x4 
 .text.timeToCalendarTimeWithMyRule
                0x0000000000009ca0      0x108 C:/devkitPro/libnx/lib\libnx.a(time.o)
                0x0000000000009ca0                timeToCalendarTimeWithMyRule
 *fill*         0x0000000000009da8        0x8 
 .text.timeToPosixTimeWithMyRule
                0x0000000000009db0      0x114 C:/devkitPro/libnx/lib\libnx.a(time.o)
                0x0000000000009db0                timeToPosixTimeWithMyRule
 *fill*         0x0000000000009ec4        0xc 
 .text.__libnx_alloc
                0x0000000000009ed0        0x4 C:/devkitPro/libnx/lib\libnx.a(alloc.o)
                0x0000000000009ed0                __libnx_alloc
 *fill*         0x0000000000009ed4        0xc 
 .text.__libnx_free
                0x0000000000009ee0        0x4 C:/devkitPro/libnx/lib\libnx.a(alloc.o)
                0x0000000000009ee0                __libnx_free
 *fill*         0x0000000000009ee4        0xc 
 .text.diagAbortWithResult
                0x0000000000009ef0       0x1c C:/devkitPro/libnx/lib\libnx.a(diag.o)
                0x0000000000009ef0                diagAbortWithResult
 *fill*         0x0000000000009f0c        0x4 
 .text.eventLoadRemote
                0x0000000000009f10        0xc C:/devkitPro/libnx/lib\libnx.a(event.o)
                0x0000000000009f10                eventLoadRemote
 *fill*         0x0000000000009f1c        0x4 
 .text.eventWait
                0x0000000000009f20       0x34 C:/devkitPro/libnx/lib\libnx.a(event.o)
                0x0000000000009f20                eventWait
 *fill*         0x0000000000009f54        0xc 
 .text.eventClose
                0x0000000000009f60       0x54 C:/devkitPro/libnx/lib\libnx.a(event.o)
                0x0000000000009f60                eventClose
 *fill*         0x0000000000009fb4        0xc 
 .text.randomGet
                0x0000000000009fc0      0x410 C:/devkitPro/libnx/lib\libnx.a(random.o)
                0x0000000000009fc0                randomGet
 .text.randomGet64
                0x000000000000a3d0       0x20 C:/devkitPro/libnx/lib\libnx.a(random.o)
                0x000000000000a3d0                randomGet64
 .text.shmemLoadRemote
                0x000000000000a3f0       0x14 C:/devkitPro/libnx/lib\libnx.a(shmem.o)
                0x000000000000a3f0                shmemLoadRemote
 *fill*         0x000000000000a404        0xc 
 .text.shmemMap
                0x000000000000a410       0x70 C:/devkitPro/libnx/lib\libnx.a(shmem.o)
                0x000000000000a410                shmemMap
 .text.shmemUnmap
                0x000000000000a480       0x34 C:/devkitPro/libnx/lib\libnx.a(shmem.o)
                0x000000000000a480                shmemUnmap
 *fill*         0x000000000000a4b4        0xc 
 .text.shmemClose
                0x000000000000a4c0       0x4c C:/devkitPro/libnx/lib\libnx.a(shmem.o)
                0x000000000000a4c0                shmemClose
 *fill*         0x000000000000a50c        0x4 
 .text.tmemUnmap
                0x000000000000a510       0x34 C:/devkitPro/libnx/lib\libnx.a(tmem.o)
                0x000000000000a510                tmemUnmap
 *fill*         0x000000000000a544        0xc 
 .text.tmemCloseHandle
                0x000000000000a550       0x30 C:/devkitPro/libnx/lib\libnx.a(tmem.o)
                0x000000000000a550                tmemCloseHandle
 .text.tmemClose
                0x000000000000a580       0x50 C:/devkitPro/libnx/lib\libnx.a(tmem.o)
                0x000000000000a580                tmemClose
 .text.sessionmgrCreate
                0x000000000000a5d0      0x184 C:/devkitPro/libnx/lib\libnx.a(sessionmgr.o)
                0x000000000000a5d0                sessionmgrCreate
 *fill*         0x000000000000a754        0xc 
 .text.sessionmgrClose
                0x000000000000a760       0x84 C:/devkitPro/libnx/lib\libnx.a(sessionmgr.o)
                0x000000000000a760                sessionmgrClose
 *fill*         0x000000000000a7e4        0xc 
 .text.sessionmgrAttachClient
                0x000000000000a7f0       0xa8 C:/devkitPro/libnx/lib\libnx.a(sessionmgr.o)
                0x000000000000a7f0                sessionmgrAttachClient
 *fill*         0x000000000000a898        0x8 
 .text.sessionmgrDetachClient
                0x000000000000a8a0       0x60 C:/devkitPro/libnx/lib\libnx.a(sessionmgr.o)
                0x000000000000a8a0                sessionmgrDetachClient
 .text._apmCleanup
                0x000000000000a900       0xd4 C:/devkitPro/libnx/lib\libnx.a(apm.o)
 *fill*         0x000000000000a9d4        0xc 
 .text.apmInitialize
                0x000000000000a9e0      0x194 C:/devkitPro/libnx/lib\libnx.a(apm.o)
                0x000000000000a9e0                apmInitialize
 *fill*         0x000000000000ab74        0xc 
 .text.apmExit  0x000000000000ab80       0x48 C:/devkitPro/libnx/lib\libnx.a(apm.o)
                0x000000000000ab80                apmExit
 *fill*         0x000000000000abc8        0x8 
 .text.apmSetPerformanceConfiguration
                0x000000000000abd0       0xc8 C:/devkitPro/libnx/lib\libnx.a(apm.o)
                0x000000000000abd0                apmSetPerformanceConfiguration
 *fill*         0x000000000000ac98        0x8 
 .text.strncat  0x000000000000aca0       0xc4 C:/devkitPro/devkitA64/bin/../lib/gcc/aarch64-none-elf/16.1.0/../../../../aarch64-none-elf/lib/pic\libg.a(libc_a-strncat.o)
                0x000000000000aca0                strncat
 *fill*         0x000000000000ad64       0x1c 
 .text          0x000000000000ad80       0xb8 C:/devkitPro/devkitA64/bin/../lib/gcc/aarch64-none-elf/16.1.0/../../../../aarch64-none-elf/lib/pic\libg.a(libc_a-strnlen.o)
                0x000000000000ad80                strnlen
 *fill*         0x000000000000ae38        0x8 
 .text.bsearch  0x000000000000ae40       0xb4 C:/devkitPro/devkitA64/bin/../lib/gcc/aarch64-none-elf/16.1.0/../../../../aarch64-none-elf/lib/pic\libg.a(libc_a-bsearch.o)
                0x000000000000ae40                bsearch
 *fill*         0x000000000000aef4        0xc 
 .text          0x000000000000af00      0x22c C:/devkitPro/devkitA64/bin/../lib/gcc/aarch64-none-elf/16.1.0/../../../../aarch64-none-elf/lib/pic\libg.a(libc_a-memcpy.o)
                0x000000000000af00                memcpy
                0x000000000000af00                memmove
 *fill*         0x000000000000b12c       0x14 
 .text.gmtime   0x000000000000b140       0x28 C:/devkitPro/devkitA64/bin/../lib/gcc/aarch64-none-elf/16.1.0/../../../../aarch64-none-elf/lib/pic\libg.a(libc_a-gmtime.o)
                0x000000000000b140                gmtime
 *fill*         0x000000000000b168       0x18 
 .text          0x000000000000b180      0x104 C:/devkitPro/devkitA64/bin/../lib/gcc/aarch64-none-elf/16.1.0/../../../../aarch64-none-elf/lib/pic\libg.a(libc_a-memset.o)
                0x000000000000b180                memset
 *fill*         0x000000000000b284       0x1c 
 .text._strtoul_l.isra.0
                0x000000000000b2a0      0x1a4 C:/devkitPro/devkitA64/bin/../lib/gcc/aarch64-none-elf/16.1.0/../../../../aarch64-none-elf/lib/pic\libg.a(libc_a-strtoul.o)
 *fill*         0x000000000000b444       0x1c 
 .text.strtoul  0x000000000000b460       0x40 C:/devkitPro/devkitA64/bin/../lib/gcc/aarch64-none-elf/16.1.0/../../../../aarch64-none-elf/lib/pic\libg.a(libc_a-strtoul.o)
                0x000000000000b460                strtoul
 .text._memalign_r
                0x000000000000b4a0      0x18c C:/devkitPro/devkitA64/bin/../lib/gcc/aarch64-none-elf/16.1.0/../../../../aarch64-none-elf/lib/pic\libg.a(libc_a-malignr.o)
                0x000000000000b4a0                _memalign_r
 *fill*         0x000000000000b62c       0x14 
 .text.__errno  0x000000000000b640       0x14 C:/devkitPro/devkitA64/bin/../lib/gcc/aarch64-none-elf/16.1.0/../../../../aarch64-none-elf/lib/pic\libg.a(libc_a-errno.o)
                0x000000000000b640                __errno
 *fill*         0x000000000000b654       0x2c 
 .text          0x000000000000b680      0x130 C:/devkitPro/devkitA64/bin/../lib/gcc/aarch64-none-elf/16.1.0/../../../../aarch64-none-elf/lib/pic\libg.a(libc_a-strlen.o)
                0x000000000000b680                strlen
 *fill*         0x000000000000b7b0       0x10 
 .text          0x000000000000b7c0      0x1b4 C:/devkitPro/devkitA64/bin/../lib/gcc/aarch64-none-elf/16.1.0/../../../../aarch64-none-elf/lib/pic\libg.a(libc_a-strncmp.o)
                0x000000000000b7c0                strncmp
 *fill*         0x000000000000b974        0xc 
 .text._malloc_r
                0x000000000000b980      0x840 C:/devkitPro/devkitA64/bin/../lib/gcc/aarch64-none-elf/16.1.0/../../../../aarch64-none-elf/lib/pic\libg.a(libc_a-mallocr.o)
                0x000000000000b980                _malloc_r
 .text._malloc_trim_r
                0x000000000000c1c0      0x11c C:/devkitPro/devkitA64/bin/../lib/gcc/aarch64-none-elf/16.1.0/../../../../aarch64-none-elf/lib/pic\libg.a(libc_a-freer.o)
                0x000000000000c1c0                _malloc_trim_r
 *fill*         0x000000000000c2dc        0x4 
 .text._free_r  0x000000000000c2e0      0x2d8 C:/devkitPro/devkitA64/bin/../lib/gcc/aarch64-none-elf/16.1.0/../../../../aarch64-none-elf/lib/pic\libg.a(libc_a-freer.o)
                0x000000000000c2e0                _free_r
 *fill*         0x000000000000c5b8        0x8 
 .text.__libc_init_array
                0x000000000000c5c0       0xa4 C:/devkitPro/devkitA64/bin/../lib/gcc/aarch64-none-elf/16.1.0/../../../../aarch64-none-elf/lib/pic\libg.a(libc_a-init.o)
                0x000000000000c5c0                __libc_init_array
 *fill*         0x000000000000c664       0x1c 
 .text.strncpy  0x000000000000c680       0xac C:/devkitPro/devkitA64/bin/../lib/gcc/aarch64-none-elf/16.1.0/../../../../aarch64-none-elf/lib/pic\libg.a(libc_a-strncpy.o)
                0x000000000000c680                strncpy
 *fill*         0x000000000000c72c       0x14 
 .text.malloc   0x000000000000c740       0x38 C:/devkitPro/devkitA64/bin/../lib/gcc/aarch64-none-elf/16.1.0/../../../../aarch64-none-elf/lib/pic\libg.a(libc_a-malloc.o)
                0x000000000000c740                malloc
 *fill*         0x000000000000c778        0x8 
 .text.free     0x000000000000c780       0x1c C:/devkitPro/devkitA64/bin/../lib/gcc/aarch64-none-elf/16.1.0/../../../../aarch64-none-elf/lib/pic\libg.a(libc_a-malloc.o)
                0x000000000000c780                free
 *fill*         0x000000000000c79c        0x4 
 .text.__malloc_lock
                0x000000000000c7a0        0xc C:/devkitPro/devkitA64/bin/../lib/gcc/aarch64-none-elf/16.1.0/../../../../aarch64-none-elf/lib/pic\libg.a(libc_a-mlock.o)
                0x000000000000c7a0                __malloc_lock
 *fill*         0x000000000000c7ac       0x14 
 .text.__malloc_unlock
                0x000000000000c7c0        0xc C:/devkitPro/devkitA64/bin/../lib/gcc/aarch64-none-elf/16.1.0/../../../../aarch64-none-elf/lib/pic\libg.a(libc_a-mlock.o)
                0x000000000000c7c0                __malloc_unlock
 *fill*         0x000000000000c7cc       0x14 
 .text.setenv   0x000000000000c7e0       0x34 C:/devkitPro/devkitA64/bin/../lib/gcc/aarch64-none-elf/16.1.0/../../../../aarch64-none-elf/lib/pic\libg.a(libc_a-setenv.o)
                0x000000000000c7e0                setenv
 *fill*         0x000000000000c814        0xc 
 .text.__call_exitprocs
                0x000000000000c820        0x4 C:/devkitPro/devkitA64/bin/../lib/gcc/aarch64-none-elf/16.1.0/../../../../aarch64-none-elf/lib/pic\libg.a(libc_a-exit.o)
                0x000000000000c820                __call_exitprocs
 *fill*         0x000000000000c824       0x1c 
 .text          0x000000000000c840      0x134 C:/devkitPro/devkitA64/bin/../lib/gcc/aarch64-none-elf/16.1.0/../../../../aarch64-none-elf/lib/pic\libg.a(libc_a-strcmp.o)
                0x000000000000c840                strcmp
 *fill*         0x000000000000c974        0xc 
 .text.__libc_fini_array
                0x000000000000c980       0x44 C:/devkitPro/devkitA64/bin/../lib/gcc/aarch64-none-elf/16.1.0/../../../../aarch64-none-elf/lib/pic\libg.a(libc_a-fini.o)
                0x000000000000c980                __libc_fini_array
 *fill*         0x000000000000c9c4       0x1c 
 .text.gmtime_r
                0x000000000000c9e0      0x2a0 C:/devkitPro/devkitA64/bin/../lib/gcc/aarch64-none-elf/16.1.0/../../../../aarch64-none-elf/lib/pic\libg.a(libc_a-gmtime_r.o)
                0x000000000000c9e0                gmtime_r
 .text._setenv_r
                0x000000000000cc80      0x258 C:/devkitPro/devkitA64/bin/../lib/gcc/aarch64-none-elf/16.1.0/../../../../aarch64-none-elf/lib/pic\libg.a(libc_a-setenv_r.o)
                0x000000000000cc80                _setenv_r
 *fill*         0x000000000000ced8        0x8 
 .text._findenv_r
                0x000000000000cee0       0xf4 C:/devkitPro/devkitA64/bin/../lib/gcc/aarch64-none-elf/16.1.0/../../../../aarch64-none-elf/lib/pic\libg.a(libc_a-getenv_r.o)
                0x000000000000cee0                _findenv_r
 *fill*         0x000000000000cfd4        0xc 
 .text._realloc_r
                0x000000000000cfe0      0x568 C:/devkitPro/devkitA64/bin/../lib/gcc/aarch64-none-elf/16.1.0/../../../../aarch64-none-elf/lib/pic\libg.a(libc_a-reallocr.o)
                0x000000000000cfe0                _realloc_r
 *fill*         0x000000000000d548       0x38 
 .text          0x000000000000d580       0xcc C:/devkitPro/devkitA64/bin/../lib/gcc/aarch64-none-elf/16.1.0/../../../../aarch64-none-elf/lib/pic\libg.a(libc_a-strchr.o)
                0x000000000000d580                strchr
 *fill*         0x000000000000d64c       0x14 
 .text.__env_lock
                0x000000000000d660        0xc C:/devkitPro/devkitA64/bin/../lib/gcc/aarch64-none-elf/16.1.0/../../../../aarch64-none-elf/lib/pic\libg.a(libc_a-envlock.o)
                0x000000000000d660                __env_lock
 *fill*         0x000000000000d66c       0x14 
 .text.__env_unlock
                0x000000000000d680        0xc C:/devkitPro/devkitA64/bin/../lib/gcc/aarch64-none-elf/16.1.0/../../../../aarch64-none-elf/lib/pic\libg.a(libc_a-envlock.o)
                0x000000000000d680                __env_unlock
 *fill*         0x000000000000d68c       0x14 
 .text._exit    0x000000000000d6a0       0x20 C:/devkitPro/devkitA64/bin/../lib/gcc/aarch64-none-elf/16.1.0/../../../../aarch64-none-elf/lib/pic\libsysbase.a(libsysbase_libsysbase_a-_exit.o)
                0x000000000000d6a0                _exit
 .text.chdir    0x000000000000d6c0      0x16c C:/devkitPro/devkitA64/bin/../lib/gcc/aarch64-none-elf/16.1.0/../../../../aarch64-none-elf/lib/pic\libsysbase.a(libsysbase_libsysbase_a-chdir.o)
                0x000000000000d6c0                chdir
 *fill*         0x000000000000d82c       0x14 
 .text._concatenate_path
                0x000000000000d840      0x218 C:/devkitPro/devkitA64/bin/../lib/gcc/aarch64-none-elf/16.1.0/../../../../aarch64-none-elf/lib/pic\libsysbase.a(libsysbase_libsysbase_a-concatenate.o)
                0x000000000000d840                _concatenate_path
 *fill*         0x000000000000da58        0x8 
 .text.__getreent
                0x000000000000da60       0x20 C:/devkitPro/devkitA64/bin/../lib/gcc/aarch64-none-elf/16.1.0/../../../../aarch64-none-elf/lib/pic\libsysbase.a(libsysbase_libsysbase_a-getreent.o)
                0x000000000000da60                __getreent
 .text.null_write
                0x000000000000da80        0x8 C:/devkitPro/devkitA64/bin/../lib/gcc/aarch64-none-elf/16.1.0/../../../../aarch64-none-elf/lib/pic\libsysbase.a(libsysbase_libsysbase_a-iosupport.o)
 *fill*         0x000000000000da88       0x18 
 .text.setDefaultDevice
                0x000000000000daa0       0x18 C:/devkitPro/devkitA64/bin/../lib/gcc/aarch64-none-elf/16.1.0/../../../../aarch64-none-elf/lib/pic\libsysbase.a(libsysbase_libsysbase_a-iosupport.o)
                0x000000000000daa0                setDefaultDevice
 *fill*         0x000000000000dab8        0x8 
 .text.FindDevice
                0x000000000000dac0       0xb8 C:/devkitPro/devkitA64/bin/../lib/gcc/aarch64-none-elf/16.1.0/../../../../aarch64-none-elf/lib/pic\libsysbase.a(libsysbase_libsysbase_a-iosupport.o)
                0x000000000000dac0                FindDevice
 *fill*         0x000000000000db78        0x8 
 .text.RemoveDevice
                0x000000000000db80       0x2c C:/devkitPro/devkitA64/bin/../lib/gcc/aarch64-none-elf/16.1.0/../../../../aarch64-none-elf/lib/pic\libsysbase.a(libsysbase_libsysbase_a-iosupport.o)
                0x000000000000db80                RemoveDevice
 *fill*         0x000000000000dbac       0x14 
 .text.AddDevice
                0x000000000000dbc0       0xa4 C:/devkitPro/devkitA64/bin/../lib/gcc/aarch64-none-elf/16.1.0/../../../../aarch64-none-elf/lib/pic\libsysbase.a(libsysbase_libsysbase_a-iosupport.o)
                0x000000000000dbc0                AddDevice
 *fill*         0x000000000000dc64       0x1c 
 .text.GetDeviceOpTab
                0x000000000000dc80       0x34 C:/devkitPro/devkitA64/bin/../lib/gcc/aarch64-none-elf/16.1.0/../../../../aarch64-none-elf/lib/pic\libsysbase.a(libsysbase_libsysbase_a-iosupport.o)
                0x000000000000dc80                GetDeviceOpTab
 *fill*         0x000000000000dcb4        0xc 
 .text._sbrk_r  0x000000000000dcc0       0x78 C:/devkitPro/devkitA64/bin/../lib/gcc/aarch64-none-elf/16.1.0/../../../../aarch64-none-elf/lib/pic\libsysbase.a(libsysbase_libsysbase_a-sbrk.o)
                0x000000000000dcc0                _sbrk_r
 *fill*         0x000000000000dd38        0x8 
 .text.__libc_lock_acquire_recursive
                0x000000000000dd40       0x14 C:/devkitPro/devkitA64/bin/../lib/gcc/aarch64-none-elf/16.1.0/../../../../aarch64-none-elf/lib/pic\libsysbase.a(libsysbase_libsysbase_a-syscall_support.o)
                0x000000000000dd40                __libc_lock_acquire_recursive
 *fill*         0x000000000000dd54        0xc 
 .text.__libc_lock_release_recursive
                0x000000000000dd60       0x14 C:/devkitPro/devkitA64/bin/../lib/gcc/aarch64-none-elf/16.1.0/../../../../aarch64-none-elf/lib/pic\libsysbase.a(libsysbase_libsysbase_a-syscall_support.o)
                0x000000000000dd60                __libc_lock_release_recursive
 *fill*         0x000000000000dd74        0xc 
 .text          0x000000000000dd80      0x104 C:/devkitPro/devkitA64/bin/../lib/gcc/aarch64-none-elf/16.1.0/../../../../aarch64-none-elf/lib/pic\libg.a(libc_a-strrchr.o)
                0x000000000000dd80                strrchr
                0x000000000000de88                . = ALIGN (0x8)
 *fill*         0x000000000000de84        0x4 

.init           0x000000000000de88       0x38
 *(.init)
 .init          0x000000000000de88       0x18 C:/devkitPro/devkitA64/bin/../lib/gcc/aarch64-none-elf/16.1.0/pic/crti.o
                0x000000000000de88                _init
 .init          0x000000000000dea0       0x1c C:/devkitPro/devkitA64/bin/../lib/gcc/aarch64-none-elf/16.1.0/pic/crtn.o
                0x000000000000dec0                . = ALIGN (0x8)
 *fill*         0x000000000000debc        0x4 

.plt            0x000000000000dec0       0x30
 *(.plt)
 .plt           0x000000000000dec0       0x30 C:/devkitPro/devkitA64/bin/../lib/gcc/aarch64-none-elf/16.1.0/pic/crti.o
 *(.iplt)
                0x000000000000def0                . = ALIGN (0x8)

.fini           0x000000000000def0       0x38
 *(.fini)
 .fini          0x000000000000def0       0x18 C:/devkitPro/devkitA64/bin/../lib/gcc/aarch64-none-elf/16.1.0/pic/crti.o
                0x000000000000def0                _fini
 .fini          0x000000000000df08       0x1c C:/devkitPro/devkitA64/bin/../lib/gcc/aarch64-none-elf/16.1.0/pic/crtn.o
                0x000000000000df28                . = ALIGN (0x8)
 *fill*         0x000000000000df24        0x4 
                0x000000000000e000                . = ALIGN (0x1000)
                [!provide]                        PROVIDE (__rodata_start = .)

.nx-module-name
                0x000000000000e000       0x16
 *(.nx-module-name)
 .nx-module-name
                0x000000000000e000       0x16 C:/devkitPro/devkitA64/bin/../lib/gcc/aarch64-none-elf/16.1.0/pic/crti.o

.rela.dyn       0x000000000000e018       0x18
 *(.rela.*)
 .rela.got      0x000000000000e018        0x0 C:/devkitPro/devkitA64/bin/../lib/gcc/aarch64-none-elf/16.1.0/pic/crti.o
 .rela.plt      0x000000000000e018       0x18 C:/devkitPro/devkitA64/bin/../lib/gcc/aarch64-none-elf/16.1.0/pic/crti.o
 .rela.bss      0x000000000000e030        0x0 C:/devkitPro/devkitA64/bin/../lib/gcc/aarch64-none-elf/16.1.0/pic/crti.o
 .rela.data.rel.ro
                0x000000000000e030        0x0 C:/devkitPro/devkitA64/bin/../lib/gcc/aarch64-none-elf/16.1.0/pic/crti.o
 .rela.init_array
                0x000000000000e030        0x0 C:/devkitPro/devkitA64/bin/../lib/gcc/aarch64-none-elf/16.1.0/pic/crti.o
 .rela.fini_array
                0x000000000000e030        0x0 C:/devkitPro/devkitA64/bin/../lib/gcc/aarch64-none-elf/16.1.0/pic/crti.o
 .rela.ifunc    0x000000000000e030        0x0 C:/devkitPro/devkitA64/bin/../lib/gcc/aarch64-none-elf/16.1.0/pic/crti.o
 .rela.data.rel.ro.local.fsdev_devoptab
                0x000000000000e030        0x0 C:/devkitPro/devkitA64/bin/../lib/gcc/aarch64-none-elf/16.1.0/pic/crti.o
 .rela.data.rel._impure_ptr
                0x000000000000e030        0x0 C:/devkitPro/devkitA64/bin/../lib/gcc/aarch64-none-elf/16.1.0/pic/crti.o
 .rela.data.rel._impure_data
                0x000000000000e030        0x0 C:/devkitPro/devkitA64/bin/../lib/gcc/aarch64-none-elf/16.1.0/pic/crti.o
 .rela.data.rel.__malloc_av_
                0x000000000000e030        0x0 C:/devkitPro/devkitA64/bin/../lib/gcc/aarch64-none-elf/16.1.0/pic/crti.o
 .rela.data.rel.local.environ
                0x000000000000e030        0x0 C:/devkitPro/devkitA64/bin/../lib/gcc/aarch64-none-elf/16.1.0/pic/crti.o
 .rela.data.rel.devoptab_list
                0x000000000000e030        0x0 C:/devkitPro/devkitA64/bin/../lib/gcc/aarch64-none-elf/16.1.0/pic/crti.o
 .rela.data.rel.ro.local.dotab_stdnull
                0x000000000000e030        0x0 C:/devkitPro/devkitA64/bin/../lib/gcc/aarch64-none-elf/16.1.0/pic/crti.o

.relr.dyn       0x000000000000e030       0x68
 *(.relr.*)
 .relr.dyn      0x000000000000e030       0x68 C:/devkitPro/devkitA64/bin/../lib/gcc/aarch64-none-elf/16.1.0/pic/crti.o

.hash           0x000000000000e098       0x18
 *(.hash)
 .hash          0x000000000000e098       0x18 C:/devkitPro/devkitA64/bin/../lib/gcc/aarch64-none-elf/16.1.0/pic/crti.o

.gnu.hash
 *(.gnu.hash)

.dynsym         0x000000000000e0b0       0x48
 *(.dynsym)
 .dynsym        0x000000000000e0b0       0x48 C:/devkitPro/devkitA64/bin/../lib/gcc/aarch64-none-elf/16.1.0/pic/crti.o

.dynstr         0x000000000000e0f8        0x1
 *(.dynstr)
 .dynstr        0x000000000000e0f8        0x1 C:/devkitPro/devkitA64/bin/../lib/gcc/aarch64-none-elf/16.1.0/pic/crti.o

.rodata         0x000000000000e100      0x1d0
 *(.rodata .rodata.* .gnu.linkonce.r.*)
 .rodata.envSetup
                0x000000000000e100       0x11 C:/devkitPro/libnx/lib\libnx.a(env.o)
 *fill*         0x000000000000e111        0x7 
 .rodata.__libnx_init_time.str1.8
                0x000000000000e118       0x3c C:/devkitPro/libnx/lib\libnx.a(newlib.o)
                                          0x3 (size before relaxing)
 .rodata.nxlinkSetup.str1.8
                0x000000000000e154        0x0 C:/devkitPro/libnx/lib\libnx.a(nxlink.o)
                                          0x9 (size before relaxing)
 .rodata.fsdev_fixpath.str1.8
                0x000000000000e154        0x0 C:/devkitPro/libnx/lib\libnx.a(fs_dev.o)
                                          0x2 (size before relaxing)
 .rodata._fsdevUnmountDeviceStruct.part.0.str1.8
                0x000000000000e154        0x0 C:/devkitPro/libnx/lib\libnx.a(fs_dev.o)
                                          0x2 (size before relaxing)
 .rodata.fsdevMountDevice.str1.8
                0x000000000000e154        0x0 C:/devkitPro/libnx/lib\libnx.a(fs_dev.o)
                                         0x10 (size before relaxing)
 .rodata.fsdevMountSdmc.str1.8
                0x000000000000e154        0x0 C:/devkitPro/libnx/lib\libnx.a(fs_dev.o)
                                          0x5 (size before relaxing)
 *fill*         0x000000000000e154        0x4 
 .rodata.error_table
                0x000000000000e158       0x20 C:/devkitPro/libnx/lib\libnx.a(fs_dev.o)
 *fill*         0x000000000000e178        0x8 
 .rodata.cst16  0x000000000000e180       0x30 C:/devkitPro/libnx/lib\libnx.a(fs_dev.o)
                                         0x20 (size before relaxing)
 .rodata.CSWTCH.1000
                0x000000000000e1b0       0x14 C:/devkitPro/libnx/lib\libnx.a(applet.o)
 .rodata.smInitialize.str1.8
                0x000000000000e1c4        0x0 C:/devkitPro/libnx/lib\libnx.a(sm.o)
                                          0x4 (size before relaxing)
 .rodata.cst16  0x000000000000e1c4        0x0 C:/devkitPro/devkitA64/bin/../lib/gcc/aarch64-none-elf/16.1.0/../../../../aarch64-none-elf/lib/pic\libg.a(libc_a-mallocr.o)
                                         0x10 (size before relaxing)
 *fill*         0x000000000000e1c4        0x4 
 .rodata._ctype_
                0x000000000000e1c8      0x101 C:/devkitPro/devkitA64/bin/../lib/gcc/aarch64-none-elf/16.1.0/../../../../aarch64-none-elf/lib/pic\libg.a(libc_a-ctype_.o)
                0x000000000000e1c8                _ctype_
 .rodata.str1.8
                0x000000000000e2c9        0x0 C:/devkitPro/devkitA64/bin/../lib/gcc/aarch64-none-elf/16.1.0/../../../../aarch64-none-elf/lib/pic\libsysbase.a(libsysbase_libsysbase_a-iosupport.o)
                                          0x8 (size before relaxing)
                0x000000000000e2d0                . = ALIGN (0x8)
 *fill*         0x000000000000e2c9        0x7 

.tls.align      0x000000000000e2d0        0x8
                0x000000000000e2d0        0x8 QUAD 0x8 MAX (ALIGNOF (.tdata), ALIGNOF (.tbss))
                0x000000000000e2d0                PROVIDE (__tls_align = ADDR (.tls.align))

.gcc_except_table
 *(.gcc_except_table .gcc_except_table.*)

.eh_frame_hdr   0x000000000000e2d8        0x0
 *(.eh_frame_hdr)
 *(.eh_frame_entry .eh_frame_entry.*)

.eh_frame       0x000000000000e2d8     0x26c8
 *(.eh_frame)
 .eh_frame      0x000000000000e2d8       0x48 C:/devkitPro/devkitA64/bin/../lib/gcc/aarch64-none-elf/16.1.0/pic/crtbegin.o
 .eh_frame      0x000000000000e320       0x38 C:/devkitPro/libnx/lib\libnx.a(argv.o)
                                         0x48 (size before relaxing)
 .eh_frame      0x000000000000e358       0x38 C:/devkitPro/libnx/lib\libnx.a(dynamic.o)
                                         0x48 (size before relaxing)
 .eh_frame      0x000000000000e390      0x148 C:/devkitPro/libnx/lib\libnx.a(env.o)
                                        0x210 (size before relaxing)
 .eh_frame      0x000000000000e4d8       0x28 C:/devkitPro/libnx/lib\libnx.a(hosversion.o)
                                         0x50 (size before relaxing)
 .eh_frame      0x000000000000e500       0xa8 C:/devkitPro/libnx/lib\libnx.a(init.o)
                                         0xb8 (size before relaxing)
 .eh_frame      0x000000000000e5a8       0xc8 C:/devkitPro/libnx/lib\libnx.a(newlib.o)
                                        0x3f8 (size before relaxing)
 .eh_frame      0x000000000000e670       0x30 C:/devkitPro/libnx/lib\libnx.a(nxlink.o)
                                         0x40 (size before relaxing)
 .eh_frame      0x000000000000e6a0      0x6a0 C:/devkitPro/libnx/lib\libnx.a(fs_dev.o)
                                        0x9a0 (size before relaxing)
 .eh_frame      0x000000000000ed40       0x18 C:/devkitPro/libnx/lib\libnx.a(decode_utf8.o)
                                         0x28 (size before relaxing)
 .eh_frame      0x000000000000ed58      0x1b8 C:/devkitPro/libnx/lib\libnx.a(svc.o)
                                        0xa00 (size before relaxing)
 .eh_frame      0x000000000000ef10       0x28 C:/devkitPro/libnx/lib\libnx.a(exception.o)
                                         0x40 (size before relaxing)
 .eh_frame      0x000000000000ef38       0x18 C:/devkitPro/libnx/lib\libnx.a(readtp.o)
                                         0x28 (size before relaxing)
 .eh_frame      0x000000000000ef50       0x30 C:/devkitPro/libnx/lib\libnx.a(condvar.o)
                                         0x40 (size before relaxing)
 .eh_frame      0x000000000000ef80       0xa8 C:/devkitPro/libnx/lib\libnx.a(mutex.o)
                                         0xf8 (size before relaxing)
 .eh_frame      0x000000000000f028       0x28 C:/devkitPro/libnx/lib\libnx.a(thread.o)
                                        0x298 (size before relaxing)
 .eh_frame      0x000000000000f050      0x140 C:/devkitPro/libnx/lib\libnx.a(virtmem.o)
                                        0x218 (size before relaxing)
 .eh_frame      0x000000000000f190       0x48 C:/devkitPro/libnx/lib\libnx.a(wait.o)
                                         0xb0 (size before relaxing)
 .eh_frame      0x000000000000f1d8      0x480 C:/devkitPro/libnx/lib\libnx.a(applet.o)
                                       0x38d8 (size before relaxing)
 .eh_frame      0x000000000000f658      0x470 C:/devkitPro/libnx/lib\libnx.a(fs.o)
                                       0x1680 (size before relaxing)
 .eh_frame      0x000000000000fac8       0x88 C:/devkitPro/libnx/lib\libnx.a(hid.o)
                                       0x1a50 (size before relaxing)
 .eh_frame      0x000000000000fb50       0xd0 C:/devkitPro/libnx/lib\libnx.a(set.o)
                                       0x2b38 (size before relaxing)
 .eh_frame      0x000000000000fc20      0x128 C:/devkitPro/libnx/lib\libnx.a(sm.o)
                                        0x2c0 (size before relaxing)
 .eh_frame      0x000000000000fd48      0x170 C:/devkitPro/libnx/lib\libnx.a(time.o)
                                        0x378 (size before relaxing)
 .eh_frame      0x000000000000feb8       0x28 C:/devkitPro/libnx/lib\libnx.a(alloc.o)
                                         0x50 (size before relaxing)
 .eh_frame      0x000000000000fee0       0x18 C:/devkitPro/libnx/lib\libnx.a(diag.o)
                                         0x30 (size before relaxing)
 .eh_frame      0x000000000000fef8       0x60 C:/devkitPro/libnx/lib\libnx.a(event.o)
                                         0xc0 (size before relaxing)
 .eh_frame      0x000000000000ff58       0x58 C:/devkitPro/libnx/lib\libnx.a(random.o)
                                         0x70 (size before relaxing)
 .eh_frame      0x000000000000ffb0       0x78 C:/devkitPro/libnx/lib\libnx.a(shmem.o)
                                         0xa0 (size before relaxing)
 .eh_frame      0x0000000000010028       0x68 C:/devkitPro/libnx/lib\libnx.a(tmem.o)
                                        0x128 (size before relaxing)
 .eh_frame      0x0000000000010090      0x100 C:/devkitPro/libnx/lib\libnx.a(sessionmgr.o)
                                        0x110 (size before relaxing)
 .eh_frame      0x0000000000010190       0xb0 C:/devkitPro/libnx/lib\libnx.a(apm.o)
                                        0x138 (size before relaxing)
 .eh_frame      0x0000000000010240       0x18 C:/devkitPro/devkitA64/bin/../lib/gcc/aarch64-none-elf/16.1.0/../../../../aarch64-none-elf/lib/pic\libg.a(libc_a-strncat.o)
                                         0x28 (size before relaxing)
 .eh_frame      0x0000000000010258       0x18 C:/devkitPro/devkitA64/bin/../lib/gcc/aarch64-none-elf/16.1.0/../../../../aarch64-none-elf/lib/pic\libg.a(libc_a-strnlen.o)
                                         0x28 (size before relaxing)
 .eh_frame      0x0000000000010270       0x68 C:/devkitPro/devkitA64/bin/../lib/gcc/aarch64-none-elf/16.1.0/../../../../aarch64-none-elf/lib/pic\libg.a(libc_a-bsearch.o)
                                         0x78 (size before relaxing)
 .eh_frame      0x00000000000102d8       0x18 C:/devkitPro/devkitA64/bin/../lib/gcc/aarch64-none-elf/16.1.0/../../../../aarch64-none-elf/lib/pic\libg.a(libc_a-memcpy.o)
                                         0x28 (size before relaxing)
 .eh_frame      0x00000000000102f0       0x28 C:/devkitPro/devkitA64/bin/../lib/gcc/aarch64-none-elf/16.1.0/../../../../aarch64-none-elf/lib/pic\libg.a(libc_a-gmtime.o)
                                         0x38 (size before relaxing)
 .eh_frame      0x0000000000010318       0x18 C:/devkitPro/devkitA64/bin/../lib/gcc/aarch64-none-elf/16.1.0/../../../../aarch64-none-elf/lib/pic\libg.a(libc_a-memset.o)
                                         0x28 (size before relaxing)
 .eh_frame      0x0000000000010330       0x38 C:/devkitPro/devkitA64/bin/../lib/gcc/aarch64-none-elf/16.1.0/../../../../aarch64-none-elf/lib/pic\libg.a(libc_a-strtoul.o)
                                         0x98 (size before relaxing)
 .eh_frame      0x0000000000010368        0x0 C:/devkitPro/devkitA64/bin/../lib/gcc/aarch64-none-elf/16.1.0/../../../../aarch64-none-elf/lib/pic\libg.a(libc_a-strcpy.o)
                                         0x28 (size before relaxing)
 .eh_frame      0x0000000000010368        0x0 C:/devkitPro/devkitA64/bin/../lib/gcc/aarch64-none-elf/16.1.0/../../../../aarch64-none-elf/lib/pic\libg.a(libc_a-aligned_alloc.o)
                                         0x38 (size before relaxing)
 .eh_frame      0x0000000000010368       0x48 C:/devkitPro/devkitA64/bin/../lib/gcc/aarch64-none-elf/16.1.0/../../../../aarch64-none-elf/lib/pic\libg.a(libc_a-malignr.o)
                                         0x60 (size before relaxing)
 .eh_frame      0x00000000000103b0       0x20 C:/devkitPro/devkitA64/bin/../lib/gcc/aarch64-none-elf/16.1.0/../../../../aarch64-none-elf/lib/pic\libg.a(libc_a-errno.o)
                                         0x38 (size before relaxing)
 .eh_frame      0x00000000000103d0       0x18 C:/devkitPro/devkitA64/bin/../lib/gcc/aarch64-none-elf/16.1.0/../../../../aarch64-none-elf/lib/pic\libg.a(libc_a-strlen.o)
                                         0x28 (size before relaxing)
 .eh_frame      0x00000000000103e8       0x18 C:/devkitPro/devkitA64/bin/../lib/gcc/aarch64-none-elf/16.1.0/../../../../aarch64-none-elf/lib/pic\libg.a(libc_a-strncmp.o)
                                         0x28 (size before relaxing)
 .eh_frame      0x0000000000010400       0x50 C:/devkitPro/devkitA64/bin/../lib/gcc/aarch64-none-elf/16.1.0/../../../../aarch64-none-elf/lib/pic\libg.a(libc_a-mallocr.o)
                                         0x60 (size before relaxing)
 .eh_frame      0x0000000000010450       0x78 C:/devkitPro/devkitA64/bin/../lib/gcc/aarch64-none-elf/16.1.0/../../../../aarch64-none-elf/lib/pic\libg.a(libc_a-freer.o)
                                         0x90 (size before relaxing)
 .eh_frame      0x00000000000104c8        0x0 C:/devkitPro/devkitA64/bin/../lib/gcc/aarch64-none-elf/16.1.0/../../../../aarch64-none-elf/lib/pic\libg.a(libc_a-findfp.o)
                                        0x188 (size before relaxing)
 .eh_frame      0x00000000000104c8       0x28 C:/devkitPro/devkitA64/bin/../lib/gcc/aarch64-none-elf/16.1.0/../../../../aarch64-none-elf/lib/pic\libg.a(libc_a-init.o)
                                         0x40 (size before relaxing)
 .eh_frame      0x00000000000104f0       0x18 C:/devkitPro/devkitA64/bin/../lib/gcc/aarch64-none-elf/16.1.0/../../../../aarch64-none-elf/lib/pic\libg.a(libc_a-strncpy.o)
                                         0x28 (size before relaxing)
 .eh_frame      0x0000000000010508       0x48 C:/devkitPro/devkitA64/bin/../lib/gcc/aarch64-none-elf/16.1.0/../../../../aarch64-none-elf/lib/pic\libg.a(libc_a-malloc.o)
                                         0x60 (size before relaxing)
 .eh_frame      0x0000000000010550        0x0 C:/devkitPro/devkitA64/bin/../lib/gcc/aarch64-none-elf/16.1.0/../../../../aarch64-none-elf/lib/pic\libg.a(libc_a-stdio.o)
                                         0xb8 (size before relaxing)
 .eh_frame      0x0000000000010550       0x28 C:/devkitPro/devkitA64/bin/../lib/gcc/aarch64-none-elf/16.1.0/../../../../aarch64-none-elf/lib/pic\libg.a(libc_a-mlock.o)
                                         0x40 (size before relaxing)
 .eh_frame      0x0000000000010578        0x0 C:/devkitPro/devkitA64/bin/../lib/gcc/aarch64-none-elf/16.1.0/../../../../aarch64-none-elf/lib/pic\libg.a(libc_a-fclose.o)
                                         0x78 (size before relaxing)
 .eh_frame      0x0000000000010578       0x28 C:/devkitPro/devkitA64/bin/../lib/gcc/aarch64-none-elf/16.1.0/../../../../aarch64-none-elf/lib/pic\libg.a(libc_a-setenv.o)
                                         0x58 (size before relaxing)
 .eh_frame      0x00000000000105a0       0x30 C:/devkitPro/devkitA64/bin/../lib/gcc/aarch64-none-elf/16.1.0/../../../../aarch64-none-elf/lib/pic\libg.a(libc_a-exit.o)
                                         0x48 (size before relaxing)
 .eh_frame      0x00000000000105d0       0x18 C:/devkitPro/devkitA64/bin/../lib/gcc/aarch64-none-elf/16.1.0/../../../../aarch64-none-elf/lib/pic\libg.a(libc_a-strcmp.o)
                                         0x28 (size before relaxing)
 .eh_frame      0x00000000000105e8       0x28 C:/devkitPro/devkitA64/bin/../lib/gcc/aarch64-none-elf/16.1.0/../../../../aarch64-none-elf/lib/pic\libg.a(libc_a-fini.o)
                                         0x38 (size before relaxing)
 .eh_frame      0x0000000000010610       0x18 C:/devkitPro/devkitA64/bin/../lib/gcc/aarch64-none-elf/16.1.0/../../../../aarch64-none-elf/lib/pic\libg.a(libc_a-gmtime_r.o)
                                         0x28 (size before relaxing)
 .eh_frame      0x0000000000010628        0x0 C:/devkitPro/devkitA64/bin/../lib/gcc/aarch64-none-elf/16.1.0/../../../../aarch64-none-elf/lib/pic\libg.a(libc_a-ctype_.o)
                                         0x28 (size before relaxing)
 .eh_frame      0x0000000000010628       0x58 C:/devkitPro/devkitA64/bin/../lib/gcc/aarch64-none-elf/16.1.0/../../../../aarch64-none-elf/lib/pic\libg.a(libc_a-setenv_r.o)
                                         0xa8 (size before relaxing)
 .eh_frame      0x0000000000010680        0x0 C:/devkitPro/devkitA64/bin/../lib/gcc/aarch64-none-elf/16.1.0/../../../../aarch64-none-elf/lib/pic\libg.a(libc_a-fwalk.o)
                                         0x50 (size before relaxing)
 .eh_frame      0x0000000000010680        0x0 C:/devkitPro/devkitA64/bin/../lib/gcc/aarch64-none-elf/16.1.0/../../../../aarch64-none-elf/lib/pic\libg.a(libc_a-fflush.o)
                                         0x98 (size before relaxing)
 .eh_frame      0x0000000000010680       0x40 C:/devkitPro/devkitA64/bin/../lib/gcc/aarch64-none-elf/16.1.0/../../../../aarch64-none-elf/lib/pic\libg.a(libc_a-getenv_r.o)
                                         0x78 (size before relaxing)
 .eh_frame      0x00000000000106c0       0x50 C:/devkitPro/devkitA64/bin/../lib/gcc/aarch64-none-elf/16.1.0/../../../../aarch64-none-elf/lib/pic\libg.a(libc_a-reallocr.o)
                                         0x68 (size before relaxing)
 .eh_frame      0x0000000000010710       0x18 C:/devkitPro/devkitA64/bin/../lib/gcc/aarch64-none-elf/16.1.0/../../../../aarch64-none-elf/lib/pic\libg.a(libc_a-strchr.o)
                                         0x28 (size before relaxing)
 .eh_frame      0x0000000000010728       0x28 C:/devkitPro/devkitA64/bin/../lib/gcc/aarch64-none-elf/16.1.0/../../../../aarch64-none-elf/lib/pic\libg.a(libc_a-envlock.o)
                                         0x40 (size before relaxing)
 .eh_frame      0x0000000000010750       0x20 C:/devkitPro/devkitA64/bin/../lib/gcc/aarch64-none-elf/16.1.0/../../../../aarch64-none-elf/lib/pic\libsysbase.a(libsysbase_libsysbase_a-_exit.o)
                                         0x38 (size before relaxing)
 .eh_frame      0x0000000000010770       0x30 C:/devkitPro/devkitA64/bin/../lib/gcc/aarch64-none-elf/16.1.0/../../../../aarch64-none-elf/lib/pic\libsysbase.a(libsysbase_libsysbase_a-chdir.o)
                                         0x78 (size before relaxing)
 .eh_frame      0x00000000000107a0       0x88 C:/devkitPro/devkitA64/bin/../lib/gcc/aarch64-none-elf/16.1.0/../../../../aarch64-none-elf/lib/pic\libsysbase.a(libsysbase_libsysbase_a-concatenate.o)
                                         0xa0 (size before relaxing)
 .eh_frame      0x0000000000010828       0x18 C:/devkitPro/devkitA64/bin/../lib/gcc/aarch64-none-elf/16.1.0/../../../../aarch64-none-elf/lib/pic\libsysbase.a(libsysbase_libsysbase_a-getreent.o)
                                         0x28 (size before relaxing)
 .eh_frame      0x0000000000010840        0x0 C:/devkitPro/devkitA64/bin/../lib/gcc/aarch64-none-elf/16.1.0/../../../../aarch64-none-elf/lib/pic\libsysbase.a(libsysbase_libsysbase_a-handle_manager.o)
                                        0x110 (size before relaxing)
 .eh_frame      0x0000000000010840      0x108 C:/devkitPro/devkitA64/bin/../lib/gcc/aarch64-none-elf/16.1.0/../../../../aarch64-none-elf/lib/pic\libsysbase.a(libsysbase_libsysbase_a-iosupport.o)
                                        0x118 (size before relaxing)
 .eh_frame      0x0000000000010948        0x0 C:/devkitPro/devkitA64/bin/../lib/gcc/aarch64-none-elf/16.1.0/../../../../aarch64-none-elf/lib/pic\libsysbase.a(libsysbase_libsysbase_a-lseek.o)
                                         0x50 (size before relaxing)
 .eh_frame      0x0000000000010948        0x0 C:/devkitPro/devkitA64/bin/../lib/gcc/aarch64-none-elf/16.1.0/../../../../aarch64-none-elf/lib/pic\libsysbase.a(libsysbase_libsysbase_a-read.o)
                                         0x48 (size before relaxing)
 .eh_frame      0x0000000000010948       0x18 C:/devkitPro/devkitA64/bin/../lib/gcc/aarch64-none-elf/16.1.0/../../../../aarch64-none-elf/lib/pic\libsysbase.a(libsysbase_libsysbase_a-sbrk.o)
                                         0x28 (size before relaxing)
 .eh_frame      0x0000000000010960       0x28 C:/devkitPro/devkitA64/bin/../lib/gcc/aarch64-none-elf/16.1.0/../../../../aarch64-none-elf/lib/pic\libsysbase.a(libsysbase_libsysbase_a-syscall_support.o)
                                        0x118 (size before relaxing)
 .eh_frame      0x0000000000010988        0x0 C:/devkitPro/devkitA64/bin/../lib/gcc/aarch64-none-elf/16.1.0/../../../../aarch64-none-elf/lib/pic\libsysbase.a(libsysbase_libsysbase_a-write.o)
                                         0x48 (size before relaxing)
 .eh_frame      0x0000000000010988        0x0 C:/devkitPro/devkitA64/bin/../lib/gcc/aarch64-none-elf/16.1.0/../../../../aarch64-none-elf/lib/pic\libsysbase.a(libsysbase_libsysbase_a-clocks.o)
                                         0x78 (size before relaxing)
 .eh_frame      0x0000000000010988       0x14 C:/devkitPro/devkitA64/bin/../lib/gcc/aarch64-none-elf/16.1.0/../../../../aarch64-none-elf/lib/pic\libg.a(libc_a-strrchr.o)
                                         0x28 (size before relaxing)
 .eh_frame      0x000000000001099c        0x4 C:/devkitPro/devkitA64/bin/../lib/gcc/aarch64-none-elf/16.1.0/pic/crtend.o
 *(.eh_frame.*)

.gnu_extab
 *(.gnu_extab*)

.exception_ranges
 *(.exception_ranges .exception_ranges*)
                0x000000000000e2d8                PROVIDE (__eh_frame_hdr_start = ADDR (.eh_frame_hdr))
                0x000000000000e2d8                PROVIDE (__eh_frame_hdr_end = (ADDR (.eh_frame_hdr) + SIZEOF (.eh_frame_hdr)))

.gnu.version    0x00000000000109a0        0x0
 *(.gnu.version)
 .gnu.version   0x00000000000109a0        0x0 C:/devkitPro/devkitA64/bin/../lib/gcc/aarch64-none-elf/16.1.0/pic/crti.o

.gnu.version_d  0x00000000000109a0        0x0
 *(.gnu.version_d)
 .gnu.version_d
                0x00000000000109a0        0x0 C:/devkitPro/devkitA64/bin/../lib/gcc/aarch64-none-elf/16.1.0/pic/crti.o

.gnu.version_r  0x00000000000109a0        0x0
 *(.gnu.version_r)
 .gnu.version_r
                0x00000000000109a0        0x0 C:/devkitPro/devkitA64/bin/../lib/gcc/aarch64-none-elf/16.1.0/pic/crti.o

.note.gnu.build-id
                0x00000000000109a0       0x24
 *(.note.gnu.build-id)
 .note.gnu.build-id
                0x00000000000109a0       0x24 C:/devkitPro/devkitA64/bin/../lib/gcc/aarch64-none-elf/16.1.0/pic/crti.o
                0x0000000000011000                . = ALIGN (0x1000)
                0x0000000000011000                PROVIDE (__relro_start = .)

.preinit_array  0x0000000000011000        0x0
                0x0000000000011000                PROVIDE (__preinit_array_start = .)
 *(.preinit_array)
                0x0000000000011000                PROVIDE (__preinit_array_end = .)

.init_array     0x0000000000011000        0x8
                0x0000000000011000                PROVIDE (__init_array_start = .)
 *(SORT_BY_INIT_PRIORITY(.init_array.*) SORT_BY_INIT_PRIORITY(.ctors.*))
 *(.init_array .ctors)
 .init_array    0x0000000000011000        0x8 C:/devkitPro/devkitA64/bin/../lib/gcc/aarch64-none-elf/16.1.0/pic/crtbegin.o
                0x0000000000011008                PROVIDE (__init_array_end = .)

.fini_array     0x0000000000011008        0x8
                0x0000000000011008                PROVIDE (__fini_array_start = .)
 *(SORT_BY_INIT_PRIORITY(.fini_array.*) SORT_BY_INIT_PRIORITY(.dtors.*))
 *(.fini_array .dtors)
 .fini_array    0x0000000000011008        0x8 C:/devkitPro/devkitA64/bin/../lib/gcc/aarch64-none-elf/16.1.0/pic/crtbegin.o
                0x0000000000011010                PROVIDE (__fini_array_end = .)

.data.rel.ro    0x0000000000011010      0x200
 *(.data.rel.ro.local* .gnu.linkonce.d.rel.ro.local.*)
 .data.rel.ro.local.fsdev_devoptab
                0x0000000000011010      0x100 C:/devkitPro/libnx/lib\libnx.a(fs_dev.o)
 .data.rel.ro.local.dotab_stdnull
                0x0000000000011110      0x100 C:/devkitPro/devkitA64/bin/../lib/gcc/aarch64-none-elf/16.1.0/../../../../aarch64-none-elf/lib/pic\libsysbase.a(libsysbase_libsysbase_a-iosupport.o)
                0x0000000000011110                dotab_stdnull
 *(.data.rel.ro .data.rel.ro.* .gnu.linkonce.d.rel.ro.*)
 .data.rel.ro   0x0000000000011210        0x0 C:/devkitPro/devkitA64/bin/../lib/gcc/aarch64-none-elf/16.1.0/pic/crti.o
                0x0000000000011210                . = ALIGN (0x8)

.dynamic        0x0000000000011210      0x190
 *(.dynamic)
 .dynamic       0x0000000000011210      0x190 C:/devkitPro/devkitA64/bin/../lib/gcc/aarch64-none-elf/16.1.0/pic/crti.o
                0x0000000000011210                _DYNAMIC

.got            0x00000000000113a0      0x1c0
 *(.got)
 .got           0x00000000000113a0      0x1c0 C:/devkitPro/devkitA64/bin/../lib/gcc/aarch64-none-elf/16.1.0/pic/crti.o
                0x00000000000113a0                _GLOBAL_OFFSET_TABLE_
 *(.igot)

.got.plt        0x0000000000011560       0x20
 *(.got.plt)
 .got.plt       0x0000000000011560       0x20 C:/devkitPro/devkitA64/bin/../lib/gcc/aarch64-none-elf/16.1.0/pic/crti.o
 *(.igot.plt)
                0x00000000000113a0                PROVIDE (__got_start__ = ADDR (.got))
                0x0000000000011580                PROVIDE (__got_end__ = (ADDR (.got.plt) + SIZEOF (.got.plt)))
                0x0000000000012000                . = ALIGN (0x1000)
                0x0000000000012000                PROVIDE (__data_start = .)

.data           0x0000000000012000      0xfc0
 *(.data .data.* .gnu.linkonce.d.*)
 .data.__nx_exception_stack_size
                0x0000000000012000        0x8 C:/devkitPro/libnx/lib\libnx.a(init.o)
                0x0000000000012000                __nx_exception_stack_size
 .data.__nx_fsdev_support_cwd
                0x0000000000012008        0x1 C:/devkitPro/libnx/lib\libnx.a(fs_dev.o)
                0x0000000000012008                __nx_fsdev_support_cwd
 *fill*         0x0000000000012009        0x3 
 .data.__nx_fsdev_direntry_cache_size
                0x000000000001200c        0x4 C:/devkitPro/libnx/lib\libnx.a(fs_dev.o)
                0x000000000001200c                __nx_fsdev_direntry_cache_size
 .data.__nx_applet_init_timeout
                0x0000000000012010        0x8 C:/devkitPro/libnx/lib\libnx.a(applet.o)
                0x0000000000012010                __nx_applet_init_timeout
 .data.__nx_applet_auto_notifyrunning
                0x0000000000012018        0x1 C:/devkitPro/libnx/lib\libnx.a(applet.o)
                0x0000000000012018                __nx_applet_auto_notifyrunning
 *fill*         0x0000000000012019        0x3 
 .data.__nx_applet_type
                0x000000000001201c        0x4 C:/devkitPro/libnx/lib\libnx.a(applet.o)
                0x000000000001201c                __nx_applet_type
 .data.__nx_fs_num_sessions
                0x0000000000012020        0x4 C:/devkitPro/libnx/lib\libnx.a(fs.o)
                0x0000000000012020                __nx_fs_num_sessions
 *fill*         0x0000000000012024        0x4 
 .data.rel._impure_ptr
                0x0000000000012028        0x8 C:/devkitPro/devkitA64/bin/../lib/gcc/aarch64-none-elf/16.1.0/../../../../aarch64-none-elf/lib/pic\libg.a(libc_a-impure.o)
                0x0000000000012028                _impure_ptr
 .data.rel._impure_data
                0x0000000000012030      0x240 C:/devkitPro/devkitA64/bin/../lib/gcc/aarch64-none-elf/16.1.0/../../../../aarch64-none-elf/lib/pic\libg.a(libc_a-impure.o)
                0x0000000000012030                _impure_data
 .data.__malloc_sbrk_base
                0x0000000000012270        0x8 C:/devkitPro/devkitA64/bin/../lib/gcc/aarch64-none-elf/16.1.0/../../../../aarch64-none-elf/lib/pic\libg.a(libc_a-mallocr.o)
                0x0000000000012270                __malloc_sbrk_base
 .data.__malloc_trim_threshold
                0x0000000000012278        0x8 C:/devkitPro/devkitA64/bin/../lib/gcc/aarch64-none-elf/16.1.0/../../../../aarch64-none-elf/lib/pic\libg.a(libc_a-mallocr.o)
                0x0000000000012278                __malloc_trim_threshold
 .data.rel.__malloc_av_
                0x0000000000012280      0x810 C:/devkitPro/devkitA64/bin/../lib/gcc/aarch64-none-elf/16.1.0/../../../../aarch64-none-elf/lib/pic\libg.a(libc_a-mallocr.o)
                0x0000000000012280                __malloc_av_
 .data.rel.local.environ
                0x0000000000012a90        0x8 C:/devkitPro/devkitA64/bin/../lib/gcc/aarch64-none-elf/16.1.0/../../../../aarch64-none-elf/lib/pic\libg.a(libc_a-environ.o)
                0x0000000000012a90                environ
 *fill*         0x0000000000012a98        0x8 
 .data._current_working_directory
                0x0000000000012aa0      0x400 C:/devkitPro/devkitA64/bin/../lib/gcc/aarch64-none-elf/16.1.0/../../../../aarch64-none-elf/lib/pic\libsysbase.a(libsysbase_libsysbase_a-chdir.o)
 .data.rel.devoptab_list
                0x0000000000012ea0      0x118 C:/devkitPro/devkitA64/bin/../lib/gcc/aarch64-none-elf/16.1.0/../../../../aarch64-none-elf/lib/pic\libsysbase.a(libsysbase_libsysbase_a-iosupport.o)
                0x0000000000012ea0                devoptab_list
 .data.defaultDevice
                0x0000000000012fb8        0x4 C:/devkitPro/devkitA64/bin/../lib/gcc/aarch64-none-elf/16.1.0/../../../../aarch64-none-elf/lib/pic\libsysbase.a(libsysbase_libsysbase_a-iosupport.o)
                0x0000000000012fc0                . = ALIGN (0x8)
 *fill*         0x0000000000012fbc        0x4 

.tdata          0x0000000000012fc0        0x0
 *(.tdata .tdata.* .gnu.linkonce.td.*)
                0x0000000000012fc0                . = ALIGN (0x8)
                0x0000000000012fc0                PROVIDE (__tdata_lma = ADDR (.tdata))
                0x0000000000012fc0                PROVIDE (__tdata_lma_end = (ADDR (.tdata) + SIZEOF (.tdata)))

.tbss           0x0000000000012fc0      0x410
 *(.tbss .tbss.* .gnu.linkonce.tb.*)
 .tbss.fsdev_last_result
                0x0000000000012fc0        0x4 C:/devkitPro/libnx/lib\libnx.a(fs_dev.o)
 *fill*         0x0000000000012fc4        0x4 
 .tbss.__nx_dev_path_buf
                0x0000000000012fc8      0x401 C:/devkitPro/libnx/lib\libnx.a(path_buf.o)
                0x0000000000012fc8                __nx_dev_path_buf
 *fill*         0x00000000000133c9        0x3 
 .tbss.g_fsPriority
                0x00000000000133cc        0x4 C:/devkitPro/libnx/lib\libnx.a(fs.o)
 *(.tcommon)
                0x00000000000133d0                . = ALIGN (0x8)

.bss            0x0000000000012fc0     0x3e18
 *(.dynbss)
 .dynbss        0x0000000000012fc0        0x0 C:/devkitPro/devkitA64/bin/../lib/gcc/aarch64-none-elf/16.1.0/pic/crti.o
 *(.bss .bss.* .gnu.linkonce.b.*)
 .bss.completed.1
                0x0000000000012fc0        0x1 C:/devkitPro/devkitA64/bin/../lib/gcc/aarch64-none-elf/16.1.0/pic/crtbegin.o
 *fill*         0x0000000000012fc1        0x7 
 .bss.object.0  0x0000000000012fc8       0x30 C:/devkitPro/devkitA64/bin/../lib/gcc/aarch64-none-elf/16.1.0/pic/crtbegin.o
 .bss.__stack_top
                0x0000000000012ff8        0x8 C:/devkitPro/libnx/lib\libnx.a(switch_crt0.o)
                0x0000000000012ff8                __stack_top
 .bss.g_argv_empty
                0x0000000000013000        0x8 C:/devkitPro/libnx/lib\libnx.a(argv.o)
 .bss.__system_argv
                0x0000000000013008        0x8 C:/devkitPro/libnx/lib\libnx.a(argv.o)
                0x0000000000013008                __system_argv
 .bss.__system_argc
                0x0000000000013010        0x4 C:/devkitPro/libnx/lib\libnx.a(argv.o)
                0x0000000000013010                __system_argc
 *fill*         0x0000000000013014        0x4 
 .bss.g_userIdStorage
                0x0000000000013018        0x8 C:/devkitPro/libnx/lib\libnx.a(env.o)
 .bss.g_randomSeed
                0x0000000000013020       0x10 C:/devkitPro/libnx/lib\libnx.a(env.o)
 .bss.g_hasRandomSeed
                0x0000000000013030        0x1 C:/devkitPro/libnx/lib\libnx.a(env.o)
 *fill*         0x0000000000013031        0x3 
 .bss.g_lastLoadResult
                0x0000000000013034        0x4 C:/devkitPro/libnx/lib\libnx.a(env.o)
 .bss.g_nextLoadArgv
                0x0000000000013038        0x8 C:/devkitPro/libnx/lib\libnx.a(env.o)
 .bss.g_nextLoadPath
                0x0000000000013040        0x8 C:/devkitPro/libnx/lib\libnx.a(env.o)
 .bss.g_processHandle
                0x0000000000013048        0x4 C:/devkitPro/libnx/lib\libnx.a(env.o)
 *fill*         0x000000000001304c        0x4 
 .bss.g_syscallHints
                0x0000000000013050       0x18 C:/devkitPro/libnx/lib\libnx.a(env.o)
 .bss.g_overrideArgv
                0x0000000000013068        0x8 C:/devkitPro/libnx/lib\libnx.a(env.o)
 .bss.g_overrideHeapSize
                0x0000000000013070        0x8 C:/devkitPro/libnx/lib\libnx.a(env.o)
 .bss.g_overrideHeapAddr
                0x0000000000013078        0x8 C:/devkitPro/libnx/lib\libnx.a(env.o)
 .bss.g_loaderRetAddr
                0x0000000000013080        0x8 C:/devkitPro/libnx/lib\libnx.a(env.o)
 .bss.g_mainThreadHandle
                0x0000000000013088        0x4 C:/devkitPro/libnx/lib\libnx.a(env.o)
 *fill*         0x000000000001308c        0x4 
 .bss.g_loaderInfoSize
                0x0000000000013090        0x8 C:/devkitPro/libnx/lib\libnx.a(env.o)
 .bss.g_loaderInfo
                0x0000000000013098        0x8 C:/devkitPro/libnx/lib\libnx.a(env.o)
 .bss.g_isNso   0x00000000000130a0        0x1 C:/devkitPro/libnx/lib\libnx.a(env.o)
 *fill*         0x00000000000130a1        0x3 
 .bss.g_hosVersion
                0x00000000000130a4        0x4 C:/devkitPro/libnx/lib\libnx.a(hosversion.o)
 *fill*         0x00000000000130a8        0x8 
 .bss.__nx_exceptiondump
                0x00000000000130b0      0x340 C:/devkitPro/libnx/lib\libnx.a(init.o)
                0x00000000000130b0                __nx_exceptiondump
 .bss.__nx_exception_ignoredebug
                0x00000000000133f0        0x4 C:/devkitPro/libnx/lib\libnx.a(init.o)
                0x00000000000133f0                __nx_exception_ignoredebug
 *fill*         0x00000000000133f4        0xc 
 .bss.__nx_exception_stack
                0x0000000000013400      0x400 C:/devkitPro/libnx/lib\libnx.a(init.o)
                0x0000000000013400                __nx_exception_stack
 .bss.__nx_heap_size
                0x0000000000013800        0x8 C:/devkitPro/libnx/lib\libnx.a(init.o)
                0x0000000000013800                __nx_heap_size
 .bss.__bootticks
                0x0000000000013808        0x8 C:/devkitPro/libnx/lib\libnx.a(newlib.o)
 .bss.__boottime
                0x0000000000013810        0x8 C:/devkitPro/libnx/lib\libnx.a(newlib.o)
 .bss.__nx_time_type
                0x0000000000013818        0x4 C:/devkitPro/libnx/lib\libnx.a(newlib.o)
                0x0000000000013818                __nx_time_type
 *fill*         0x000000000001381c        0x4 
 .bss.__nxlink_host
                0x0000000000013820        0x4 C:/devkitPro/libnx/lib\libnx.a(nxlink.o)
                0x0000000000013820                __nxlink_host
 *fill*         0x0000000000013824        0xc 
 .bss.fsdev_fsdevices
                0x0000000000013830     0x2800 C:/devkitPro/libnx/lib\libnx.a(fs_dev.o)
 .bss.fsdev_fsdevice_cwd
                0x0000000000016030        0x4 C:/devkitPro/libnx/lib\libnx.a(fs_dev.o)
 .bss.fsdev_initialised
                0x0000000000016034        0x1 C:/devkitPro/libnx/lib\libnx.a(fs_dev.o)
 *fill*         0x0000000000016035        0xb 
 .bss.g_mainThread
                0x0000000000016040       0x38 C:/devkitPro/libnx/lib\libnx.a(thread.o)
 .bss.g_threadList
                0x0000000000016078        0x8 C:/devkitPro/libnx/lib\libnx.a(thread.o)
 .bss.g_threadMutex
                0x0000000000016080        0x4 C:/devkitPro/libnx/lib\libnx.a(thread.o)
 .bss.g_IsLegacyKernel
                0x0000000000016084        0x1 C:/devkitPro/libnx/lib\libnx.a(virtmem.o)
 *fill*         0x0000000000016085        0x3 
 .bss.g_Reservations
                0x0000000000016088        0x8 C:/devkitPro/libnx/lib\libnx.a(virtmem.o)
 .bss.g_StackRegion
                0x0000000000016090       0x10 C:/devkitPro/libnx/lib\libnx.a(virtmem.o)
 .bss.g_AslrRegion
                0x00000000000160a0       0x10 C:/devkitPro/libnx/lib\libnx.a(virtmem.o)
 .bss.g_HeapRegion
                0x00000000000160b0       0x10 C:/devkitPro/libnx/lib\libnx.a(virtmem.o)
 .bss.g_AliasRegion